Archive member included to satisfy reference by file (symbol)

c:/nxp/mcuxpressoide_11.0.1_2563/ide/plugins/com.nxp.mcuxpresso.tools.win32_11.0.1.201907311258/tools/bin/../lib/gcc/arm-none-eabi/8.2.1/../../../../arm-none-eabi/lib/thumb/v6-m/nofp\libcr_semihost_nf.a(_cr__main.o)
                              ./startup/startup_mkl25z4.o (__main)
c:/nxp/mcuxpressoide_11.0.1_2563/ide/plugins/com.nxp.mcuxpresso.tools.win32_11.0.1.201907311258/tools/bin/../lib/gcc/arm-none-eabi/8.2.1/../../../../arm-none-eabi/lib/thumb/v6-m/nofp\libcr_semihost_nf.a(_cr_assert.o)
                              ./source/main.o (__assertion_failed)
c:/nxp/mcuxpressoide_11.0.1_2563/ide/plugins/com.nxp.mcuxpresso.tools.win32_11.0.1.201907311258/tools/bin/../lib/gcc/arm-none-eabi/8.2.1/../../../../arm-none-eabi/lib/thumb/v6-m/nofp\libcr_semihost_nf.a(__ciob.o)
                              c:/nxp/mcuxpressoide_11.0.1_2563/ide/plugins/com.nxp.mcuxpresso.tools.win32_11.0.1.201907311258/tools/bin/../lib/gcc/arm-none-eabi/8.2.1/../../../../arm-none-eabi/lib/thumb/v6-m/nofp\libcr_semihost_nf.a(_cr_assert.o) (__Ciob)
c:/nxp/mcuxpressoide_11.0.1_2563/ide/plugins/com.nxp.mcuxpresso.tools.win32_11.0.1.201907311258/tools/bin/../lib/gcc/arm-none-eabi/8.2.1/../../../../arm-none-eabi/lib/thumb/v6-m/nofp\libcr_semihost_nf.a(__sys_appexit.o)
                              c:/nxp/mcuxpressoide_11.0.1_2563/ide/plugins/com.nxp.mcuxpresso.tools.win32_11.0.1.201907311258/tools/bin/../lib/gcc/arm-none-eabi/8.2.1/../../../../arm-none-eabi/lib/thumb/v6-m/nofp\libcr_semihost_nf.a(_cr_assert.o) (__sys_appexit)
c:/nxp/mcuxpressoide_11.0.1_2563/ide/plugins/com.nxp.mcuxpresso.tools.win32_11.0.1.201907311258/tools/bin/../lib/gcc/arm-none-eabi/8.2.1/../../../../arm-none-eabi/lib/thumb/v6-m/nofp\libcr_c.a(memcpy.o)
                              ./drivers/fsl_flash.o (memcpy)
c:/nxp/mcuxpressoide_11.0.1_2563/ide/plugins/com.nxp.mcuxpresso.tools.win32_11.0.1.201907311258/tools/bin/../lib/gcc/arm-none-eabi/8.2.1/../../../../arm-none-eabi/lib/thumb/v6-m/nofp\libcr_c.a(memset.o)
                              ./source/main.o (memset)
c:/nxp/mcuxpressoide_11.0.1_2563/ide/plugins/com.nxp.mcuxpresso.tools.win32_11.0.1.201907311258/tools/bin/../lib/gcc/arm-none-eabi/8.2.1/../../../../arm-none-eabi/lib/thumb/v6-m/nofp\libcr_c.a(_deferredlazyseek.o)
                              c:/nxp/mcuxpressoide_11.0.1_2563/ide/plugins/com.nxp.mcuxpresso.tools.win32_11.0.1.201907311258/tools/bin/../lib/gcc/arm-none-eabi/8.2.1/../../../../arm-none-eabi/lib/thumb/v6-m/nofp\libcr_semihost_nf.a(_cr_assert.o) (__flsbuf)
c:/nxp/mcuxpressoide_11.0.1_2563/ide/plugins/com.nxp.mcuxpresso.tools.win32_11.0.1.201907311258/tools/bin/../lib/gcc/arm-none-eabi/8.2.1/../../../../arm-none-eabi/lib/thumb/v6-m/nofp\libcr_c.a(_fflush.o)
                              c:/nxp/mcuxpressoide_11.0.1_2563/ide/plugins/com.nxp.mcuxpresso.tools.win32_11.0.1.201907311258/tools/bin/../lib/gcc/arm-none-eabi/8.2.1/../../../../arm-none-eabi/lib/thumb/v6-m/nofp\libcr_c.a(_deferredlazyseek.o) (_fflush)
c:/nxp/mcuxpressoide_11.0.1_2563/ide/plugins/com.nxp.mcuxpresso.tools.win32_11.0.1.201907311258/tools/bin/../lib/gcc/arm-none-eabi/8.2.1/../../../../arm-none-eabi/lib/thumb/v6-m/nofp\libcr_c.a(_writebuf.o)
                              c:/nxp/mcuxpressoide_11.0.1_2563/ide/plugins/com.nxp.mcuxpresso.tools.win32_11.0.1.201907311258/tools/bin/../lib/gcc/arm-none-eabi/8.2.1/../../../../arm-none-eabi/lib/thumb/v6-m/nofp\libcr_c.a(_deferredlazyseek.o) (_Cwritebuf)
c:/nxp/mcuxpressoide_11.0.1_2563/ide/plugins/com.nxp.mcuxpresso.tools.win32_11.0.1.201907311258/tools/bin/../lib/gcc/arm-none-eabi/8.2.1/../../../../arm-none-eabi/lib/thumb/v6-m/nofp\libcr_c.a(alloc.o)
                              c:/nxp/mcuxpressoide_11.0.1_2563/ide/plugins/com.nxp.mcuxpresso.tools.win32_11.0.1.201907311258/tools/bin/../lib/gcc/arm-none-eabi/8.2.1/../../../../arm-none-eabi/lib/thumb/v6-m/nofp\libcr_c.a(_deferredlazyseek.o) (_Csys_alloc)
c:/nxp/mcuxpressoide_11.0.1_2563/ide/plugins/com.nxp.mcuxpresso.tools.win32_11.0.1.201907311258/tools/bin/../lib/gcc/arm-none-eabi/8.2.1/../../../../arm-none-eabi/lib/thumb/v6-m/nofp\libcr_c.a(fputs.o)
                              c:/nxp/mcuxpressoide_11.0.1_2563/ide/plugins/com.nxp.mcuxpresso.tools.win32_11.0.1.201907311258/tools/bin/../lib/gcc/arm-none-eabi/8.2.1/../../../../arm-none-eabi/lib/thumb/v6-m/nofp\libcr_semihost_nf.a(_cr_assert.o) (fputs)
c:/nxp/mcuxpressoide_11.0.1_2563/ide/plugins/com.nxp.mcuxpresso.tools.win32_11.0.1.201907311258/tools/bin/../lib/gcc/arm-none-eabi/8.2.1/../../../../arm-none-eabi/lib/thumb/v6-m/nofp\libcr_c.a(fseek.o)
                              c:/nxp/mcuxpressoide_11.0.1_2563/ide/plugins/com.nxp.mcuxpresso.tools.win32_11.0.1.201907311258/tools/bin/../lib/gcc/arm-none-eabi/8.2.1/../../../../arm-none-eabi/lib/thumb/v6-m/nofp\libcr_c.a(_deferredlazyseek.o) (fseek)
[...]
Memory Configuration

Name             Origin             Length             Attributes
PROGRAM_FLASH    0x00000000         0x00020000         xr
SRAM             0x1ffff000         0x00004000         xrw
*default*        0x00000000         0xffffffff

Linker script and memory map

LOAD ./utilities/fsl_debug_console.o
LOAD ./startup/startup_mkl25z4.o
LOAD ./source/main.o
LOAD ./source/mtb.o
LOAD ./source/semihost_hardfault.o
LOAD ./drivers/fsl_clock.o
LOAD ./drivers/fsl_common.o
LOAD ./drivers/fsl_dma.o
LOAD ./drivers/fsl_dmamux.o
LOAD ./drivers/fsl_flash.o
LOAD ./drivers/fsl_gpio.o
LOAD ./drivers/fsl_i2c.o
LOAD ./drivers/fsl_lpsci.o
LOAD ./drivers/fsl_lpsci_dma.o
LOAD ./drivers/fsl_smc.o
LOAD ./drivers/fsl_uart.o
LOAD ./board/board.o
LOAD ./board/clock_config.o
LOAD ./board/pin_mux.o
LOAD ./CMSIS/system_MKL25Z4.o
START GROUP
LOAD c:/nxp/mcuxpressoide_11.0.1_2563/ide/plugins/com.nxp.mcuxpresso.tools.win32_11.0.1.201907311258/tools/bin/../lib/gcc/arm-none-eabi/8.2.1/../../../../arm-none-eabi/lib/thumb/v6-m/nofp\libcr_semihost_nf.a
LOAD c:/nxp/mcuxpressoide_11.0.1_2563/ide/plugins/com.nxp.mcuxpresso.tools.win32_11.0.1.201907311258/tools/bin/../lib/gcc/arm-none-eabi/8.2.1/../../../../arm-none-eabi/lib/thumb/v6-m/nofp\libcr_c.a
LOAD c:/nxp/mcuxpressoide_11.0.1_2563/ide/plugins/com.nxp.mcuxpresso.tools.win32_11.0.1.201907311258/tools/bin/../lib/gcc/arm-none-eabi/8.2.1/thumb/v6-m/nofp\libcr_eabihelpers.a
LOAD c:/nxp/mcuxpressoide_11.0.1_2563/ide/plugins/com.nxp.mcuxpresso.tools.win32_11.0.1.201907311258/tools/bin/../lib/gcc/arm-none-eabi/8.2.1/thumb/v6-m/nofp\libgcc.a
END GROUP
                0x00000000                __base_PROGRAM_FLASH = 0x0
                0x00000000                __base_Flash = 0x0
                0x00020000                __top_PROGRAM_FLASH = 0x20000
                0x00020000                __top_Flash = 0x20000
                0x1ffff000                __base_SRAM = 0x1ffff000
                0x1ffff000                __base_RAM = 0x1ffff000
                0x20003000                __top_SRAM = 0x20003000
                0x20003000                __top_RAM = 0x20003000

.text           0x00000000     0x6680
 FILL mask 0xff
                0x00000000                __vectors_start__ = ABSOLUTE (.)
 *(SORT_BY_ALIGNMENT(.isr_vector))
 .isr_vector    0x00000000       0xc0 ./startup/startup_mkl25z4.o
                0x00000000                g_pfnVectors
                0x00000000                __Vectors
                0x000000c0                . = ALIGN (0x4)
                0x000000c0                __section_table_start = .
                0x000000c0                __data_section_table = .
                0x000000c0        0x4 LONG 0x6680 LOADADDR (.data)
                0x000000c4        0x4 LONG 0x1ffff080 ADDR (.data)
                0x000000c8        0x4 LONG 0x10 SIZEOF (.data)
                0x000000cc                __data_section_table_end = .
                0x000000cc                __bss_section_table = .
                0x000000cc        0x4 LONG 0x1ffff090 ADDR (.bss)
                0x000000d0        0x4 LONG 0x198 SIZEOF (.bss)
                0x000000d4                __bss_section_table_end = .
                0x000000d4                __section_table_end = .
 *(SORT_BY_ALIGNMENT(.after_vectors*))
 .after_vectors.reset
                0x000000d4       0x4c ./startup/startup_mkl25z4.o
                0x000000d4                ResetISR
 .after_vectors.init_data
                0x00000120       0x12 ./startup/startup_mkl25z4.o
                0x00000120                data_init
 .after_vectors.init_bss
                0x00000132       0x10 ./startup/startup_mkl25z4.o
                0x00000132                bss_init
 .after_vectors
                0x00000142      0x10c ./startup/startup_mkl25z4.o
                0x00000142                NMI_Handler
                0x00000146                SVC_Handler
                0x00000148                PendSV_Handler
                0x0000014a                SysTick_Handler
                0x0000014c                LPTMR0_DriverIRQHandler
                0x0000014c                SPI1_DriverIRQHandler
                0x0000014c                PORTD_DriverIRQHandler
                0x0000014c                Reserved39_DriverIRQHandler
                0x0000014c                CMP0_DriverIRQHandler
                0x0000014c                ADC0_DriverIRQHandler
                0x0000014c                SPI0_DriverIRQHandler
                0x0000014c                TPM2_DriverIRQHandler
                0x0000014c                PIT_DriverIRQHandler
                0x0000014c                RTC_DriverIRQHandler
                0x0000014c                TSI0_DriverIRQHandler
                0x0000014c                RTC_Seconds_DriverIRQHandler
                0x0000014c                TPM1_DriverIRQHandler
                0x0000014c                PORTA_DriverIRQHandler
                0x0000014c                LLWU_DriverIRQHandler
                0x0000014c                MCG_DriverIRQHandler
                0x0000014c                Reserved45_DriverIRQHandler
                0x0000014c                Reserved20_DriverIRQHandler
                0x0000014c                TPM0_DriverIRQHandler
                0x0000014c                FTFA_DriverIRQHandler
                0x0000014c                IntDefaultHandler
                0x0000014c                USB0_DriverIRQHandler
                0x0000014c                DAC0_DriverIRQHandler
                0x0000014c                LVD_LVW_DriverIRQHandler
                0x0000014e                DMA0_IRQHandler
                0x00000156                DMA1_IRQHandler
                0x0000015e                DMA2_IRQHandler
                0x00000166                DMA3_IRQHandler
                0x0000016e                Reserved20_IRQHandler
                0x00000176                FTFA_IRQHandler
                0x0000017e                LVD_LVW_IRQHandler
                0x00000186                LLWU_IRQHandler
                0x0000018e                I2C0_IRQHandler
                0x00000196                I2C1_IRQHandler
                0x0000019e                SPI0_IRQHandler
                0x000001a6                SPI1_IRQHandler
                0x000001ae                UART0_IRQHandler
                0x000001b6                UART1_IRQHandler
                0x000001be                UART2_IRQHandler
                0x000001c6                ADC0_IRQHandler
                0x000001ce                CMP0_IRQHandler
                0x000001d6                TPM0_IRQHandler
                0x000001de                TPM1_IRQHandler
                0x000001e6                TPM2_IRQHandler
                0x000001ee                RTC_IRQHandler
                0x000001f6                RTC_Seconds_IRQHandler
                0x000001fe                PIT_IRQHandler
                0x00000206                Reserved39_IRQHandler
                0x0000020e                USB0_IRQHandler
                0x00000216                DAC0_IRQHandler
                0x0000021e                TSI0_IRQHandler
                0x00000226                MCG_IRQHandler
                0x0000022e                LPTMR0_IRQHandler
                0x00000236                Reserved45_IRQHandler
                0x00000246                PORTD_IRQHandler
                0x00000400                . = 0x400
 *fill*         0x0000024e      0x1b2 ff
                0x00000400                PROVIDE (__FLASH_CONFIG_START__ = .)
 *(SORT_BY_ALIGNMENT(.FlashConfig))
 .FlashConfig   0x00000400       0x10 ./startup/startup_mkl25z4.o
                0x00000400                Flash_Config
                0x00000410                PROVIDE (__FLASH_CONFIG_END__ = .)
                0x00000001                ASSERT (! ((__FLASH_CONFIG_START__ == __FLASH_CONFIG_END__)), Linker Flash Config Support Enabled, but no .FlashConfig section provided within application)
 *(SORT_BY_ALIGNMENT(.text*))
 .text.DbgConsole_Init
                0x00000410       0xf0 ./utilities/fsl_debug_console.o
                0x00000410                DbgConsole_Init
 .text.NVIC_EnableIRQ
                0x00000500       0x2c ./source/main.o
 .text.CLOCK_EnableClock
                0x0000052c       0x34 ./source/main.o
 .text.CLOCK_SetLpsci0Clock
                0x00000560       0x38 ./source/main.o
 .text.DMAMUX_EnableChannel
                0x00000598       0x40 ./source/main.o
 .text.DMAMUX_SetSource
                0x000005d8       0x50 ./source/main.o
 .text.PORT_SetPinConfig
                0x00000628       0x38 ./source/main.o
 .text.PORTA_IRQHandler
                0x00000660       0x38 ./source/main.o
                0x00000660                PORTA_IRQHandler
 .text.BOARD_I2C_ReleaseBus
                0x00000698      0x124 ./source/main.o
                0x00000698                BOARD_I2C_ReleaseBus
 .text.i2c_master_callback
                0x000007bc       0x48 ./source/main.o
 .text.I2C_WriteAccelReg
                0x00000804       0xc0 ./source/main.o
 .text.I2C_ReadAccelRegs
                0x000008c4       0xc0 ./source/main.o
 .text.LPSCI_UserCallback
                0x00000984       0x58 ./source/main.o
                0x00000984                LPSCI_UserCallback
 .text.LPSCIinit
                0x000009dc       0xd4 ./source/main.o
 .text.I2Cinit  0x00000ab0       0x5c ./source/main.o
 .text.MMA8451init
                0x00000b0c       0xac ./source/main.o
 .text.main     0x00000bb8      0x2e4 ./source/main.o
                0x00000bb8                main
 .text.HardFault_Handler
                0x00000e9c       0x30 ./source/semihost_hardfault.o
                0x00000e9c                HardFault_Handler
 .text.CLOCK_SetEr32kClock
                0x00000ecc       0x34 ./drivers/fsl_clock.o
 .text.CLOCK_SetPllFllSelClock
                0x00000f00       0x38 ./drivers/fsl_clock.o
 .text.CLOCK_GetMcgExtClkFreq
                0x00000f38       0x28 ./drivers/fsl_clock.o
 .text.CLOCK_GetFllExtRefClkFreq
                0x00000f60       0xa4 ./drivers/fsl_clock.o
 .text.CLOCK_GetInternalRefClkSelectFreq
                0x00001004       0x40 ./drivers/fsl_clock.o
 .text.CLOCK_GetFllRefClkFreq
                0x00001044       0x2c ./drivers/fsl_clock.o
 .text.CLOCK_GetOscRangeFromFreq
                0x00001070       0x4c ./drivers/fsl_clock.o
 .text.CLOCK_GetOsc0ErClkFreq
                0x000010bc       0x3c ./drivers/fsl_clock.o
                0x000010bc                CLOCK_GetOsc0ErClkFreq
 .text.CLOCK_GetEr32kClkFreq
                0x000010f8       0x74 ./drivers/fsl_clock.o
                0x000010f8                CLOCK_GetEr32kClkFreq
 .text.CLOCK_GetPllFllSelClkFreq
                0x0000116c       0x4c ./drivers/fsl_clock.o
                0x0000116c                CLOCK_GetPllFllSelClkFreq
 .text.CLOCK_GetFreq
                0x000011b8       0xe0 ./drivers/fsl_clock.o
                0x000011b8                CLOCK_GetFreq
 .text.CLOCK_SetSimConfig
                0x00001298       0x38 ./drivers/fsl_clock.o
                0x00001298                CLOCK_SetSimConfig
 .text.CLOCK_GetOutClkFreq
                0x000012d0       0x68 ./drivers/fsl_clock.o
                0x000012d0                CLOCK_GetOutClkFreq
 .text.CLOCK_GetFllFreq
                0x00001338       0x84 ./drivers/fsl_clock.o
                0x00001338                CLOCK_GetFllFreq
 .text.CLOCK_GetInternalRefClkFreq
                0x000013bc       0x28 ./drivers/fsl_clock.o
                0x000013bc                CLOCK_GetInternalRefClkFreq
 .text.CLOCK_GetPll0Freq
                0x000013e4       0x70 ./drivers/fsl_clock.o
                0x000013e4                CLOCK_GetPll0Freq
 .text.CLOCK_SetInternalRefClkConfig
                0x00001454      0x124 ./drivers/fsl_clock.o
                0x00001454                CLOCK_SetInternalRefClkConfig
 .text.CLOCK_EnablePll0
                0x00001578       0x90 ./drivers/fsl_clock.o
                0x00001578                CLOCK_EnablePll0
 .text.CLOCK_InitOsc0
                0x00001608       0x94 ./drivers/fsl_clock.o
                0x00001608                CLOCK_InitOsc0
 .text.CLOCK_SetPbeMode
                0x0000169c       0xb0 ./drivers/fsl_clock.o
                0x0000169c                CLOCK_SetPbeMode
 .text.CLOCK_BootToPeeMode
                0x0000174c       0x70 ./drivers/fsl_clock.o
                0x0000174c                CLOCK_BootToPeeMode
 .text.NVIC_EnableIRQ
                0x000017bc       0x2c ./drivers/fsl_dma.o
 .text.CLOCK_EnableClock
                0x000017e8       0x34 ./drivers/fsl_dma.o
 .text.DMA_EnableInterrupts
                0x0000181c       0x4c ./drivers/fsl_dma.o
 .text.DMA_ClearChannelStatusFlags
                0x00001868       0x54 ./drivers/fsl_dma.o
 .text.DMA_GetInstance
                0x000018bc       0x48 ./drivers/fsl_dma.o
 .text.DMA_Init
                0x00001904       0x24 ./drivers/fsl_dma.o
                0x00001904                DMA_Init
 .text.DMA_ResetChannel
                0x00001928       0x90 ./drivers/fsl_dma.o
                0x00001928                DMA_ResetChannel
 .text.DMA_SetTransferConfig
                0x000019b8       0xdc ./drivers/fsl_dma.o
                0x000019b8                DMA_SetTransferConfig
 .text.DMA_CreateHandle
                0x00001a94       0x90 ./drivers/fsl_dma.o
                0x00001a94                DMA_CreateHandle
 .text.DMA_PrepareTransfer
                0x00001b24      0x130 ./drivers/fsl_dma.o
                0x00001b24                DMA_PrepareTransfer
 .text.DMA_SetCallback
                0x00001c54       0x34 ./drivers/fsl_dma.o
                0x00001c54                DMA_SetCallback
 .text.DMA_SubmitTransfer
                0x00001c88       0x9c ./drivers/fsl_dma.o
                0x00001c88                DMA_SubmitTransfer
 .text.DMA_HandleIRQ
                0x00001d24       0x4c ./drivers/fsl_dma.o
                0x00001d24                DMA_HandleIRQ
 .text.DMA0_DriverIRQHandler
                0x00001d70       0x18 ./drivers/fsl_dma.o
                0x00001d70                DMA0_DriverIRQHandler
 .text.DMA1_DriverIRQHandler
                0x00001d88       0x18 ./drivers/fsl_dma.o
                0x00001d88                DMA1_DriverIRQHandler
 .text.DMA2_DriverIRQHandler
                0x00001da0       0x18 ./drivers/fsl_dma.o
                0x00001da0                DMA2_DriverIRQHandler
 .text.DMA3_DriverIRQHandler
                0x00001db8       0x18 ./drivers/fsl_dma.o
                0x00001db8                DMA3_DriverIRQHandler
 .text.CLOCK_EnableClock
                0x00001dd0       0x34 ./drivers/fsl_dmamux.o
 .text.DMAMUX_GetInstance
                0x00001e04       0x48 ./drivers/fsl_dmamux.o
 .text.DMAMUX_Init
                0x00001e4c       0x24 ./drivers/fsl_dmamux.o
                0x00001e4c                DMAMUX_Init
 .text.GPIO_GetInstance
                0x00001e70       0x4c ./drivers/fsl_gpio.o
 .text.GPIO_PinInit
                0x00001ebc       0x64 ./drivers/fsl_gpio.o
                0x00001ebc                GPIO_PinInit
 .text.GPIO_GetPinsInterruptFlags
                0x00001f20       0x38 ./drivers/fsl_gpio.o
                0x00001f20                GPIO_GetPinsInterruptFlags
 .text.GPIO_ClearPinsInterruptFlags
                0x00001f58       0x3c ./drivers/fsl_gpio.o
                0x00001f58                GPIO_ClearPinsInterruptFlags
 .text.NVIC_EnableIRQ
                0x00001f94       0x2c ./drivers/fsl_i2c.o
 .text.CLOCK_EnableClock
                0x00001fc0       0x34 ./drivers/fsl_i2c.o
 .text.I2C_GetInstance
                0x00001ff4       0x4c ./drivers/fsl_i2c.o
                0x00001ff4                I2C_GetInstance
 .text.I2C_InitTransferStateMachine
                0x00002040       0x9c ./drivers/fsl_i2c.o
 .text.I2C_CheckAndClearError
                0x000020dc       0x40 ./drivers/fsl_i2c.o
 .text.I2C_MasterTransferRunStateMachine
                0x0000211c      0x264 ./drivers/fsl_i2c.o
 .text.I2C_TransferCommonIRQHandler
                0x00002380       0x54 ./drivers/fsl_i2c.o
 .text.I2C_MasterInit
                0x000023d4       0xfc ./drivers/fsl_i2c.o
                0x000023d4                I2C_MasterInit
 .text.I2C_MasterGetDefaultConfig
                0x000024d0       0x40 ./drivers/fsl_i2c.o
                0x000024d0                I2C_MasterGetDefaultConfig
 .text.I2C_MasterSetBaudRate
                0x00002510       0xf0 ./drivers/fsl_i2c.o
                0x00002510                I2C_MasterSetBaudRate
 .text.I2C_MasterStart
                0x00002600       0x74 ./drivers/fsl_i2c.o
                0x00002600                I2C_MasterStart
 .text.I2C_MasterRepeatedStart
                0x00002674       0xbc ./drivers/fsl_i2c.o
                0x00002674                I2C_MasterRepeatedStart
 .text.I2C_MasterTransferCreateHandle
                0x00002730       0x7c ./drivers/fsl_i2c.o
                0x00002730                I2C_MasterTransferCreateHandle
 .text.I2C_MasterTransferNonBlocking
                0x000027ac       0x70 ./drivers/fsl_i2c.o
                0x000027ac                I2C_MasterTransferNonBlocking
 .text.I2C_MasterTransferHandleIRQ
                0x0000281c       0xbc ./drivers/fsl_i2c.o
                0x0000281c                I2C_MasterTransferHandleIRQ
 .text.I2C0_DriverIRQHandler
                0x000028d8       0x20 ./drivers/fsl_i2c.o
                0x000028d8                I2C0_DriverIRQHandler
 .text.I2C1_DriverIRQHandler
                0x000028f8       0x20 ./drivers/fsl_i2c.o
                0x000028f8                I2C1_DriverIRQHandler
 .text.CLOCK_EnableClock
                0x00002918       0x34 ./drivers/fsl_lpsci.o
 .text.LPSCI_GetInstance
                0x0000294c       0x48 ./drivers/fsl_lpsci.o
                0x0000294c                LPSCI_GetInstance
 .text.LPSCI_Init
                0x00002994      0x258 ./drivers/fsl_lpsci.o
                0x00002994                LPSCI_Init
 .text.LPSCI_GetDefaultConfig
                0x00002bec       0x44 ./drivers/fsl_lpsci.o
                0x00002bec                LPSCI_GetDefaultConfig
 .text.LPSCI_ClearStatusFlags
                0x00002c30       0x94 ./drivers/fsl_lpsci.o
                0x00002c30                LPSCI_ClearStatusFlags
 .text.LPSCI_WriteBlocking
                0x00002cc4       0x4c ./drivers/fsl_lpsci.o
                0x00002cc4                LPSCI_WriteBlocking
 .text.LPSCI_ReadBlocking
                0x00002d10       0xc0 ./drivers/fsl_lpsci.o
                0x00002d10                LPSCI_ReadBlocking
 .text.UART0_DriverIRQHandler
                0x00002dd0       0x24 ./drivers/fsl_lpsci.o
                0x00002dd0                UART0_DriverIRQHandler
 .text.DMA_DisableInterrupts
                0x00002df4       0x48 ./drivers/fsl_lpsci_dma.o
 .text.DMA_StartTransfer
                0x00002e3c       0x54 ./drivers/fsl_lpsci_dma.o
 .text.LPSCI_TransferSendDMACallback
                0x00002e90       0x84 ./drivers/fsl_lpsci_dma.o
 .text.LPSCI_TransferReceiveDMACallback
                0x00002f14       0x84 ./drivers/fsl_lpsci_dma.o
 .text.LPSCI_TransferCreateHandleDMA
                0x00002f98       0xb8 ./drivers/fsl_lpsci_dma.o
                0x00002f98                LPSCI_TransferCreateHandleDMA
 .text.LPSCI_TransferSendDMA
                0x00003050       0xe8 ./drivers/fsl_lpsci_dma.o
                0x00003050                LPSCI_TransferSendDMA
 .text.CLOCK_EnableClock
                0x00003138       0x34 ./drivers/fsl_uart.o
 .text.UART_GetInstance
                0x0000316c       0x54 ./drivers/fsl_uart.o
                0x0000316c                UART_GetInstance
 .text.UART_Init
                0x000031c0      0x1e0 ./drivers/fsl_uart.o
                0x000031c0                UART_Init
 .text.UART_GetDefaultConfig
                0x000033a0       0x44 ./drivers/fsl_uart.o
                0x000033a0                UART_GetDefaultConfig
 .text.UART_ReadBlocking
                0x000033e4       0x98 ./drivers/fsl_uart.o
                0x000033e4                UART_ReadBlocking
 .text.UART1_DriverIRQHandler
                0x0000347c       0x24 ./drivers/fsl_uart.o
                0x0000347c                UART1_DriverIRQHandler
 .text.UART2_DriverIRQHandler
                0x000034a0       0x24 ./drivers/fsl_uart.o
                0x000034a0                UART2_DriverIRQHandler
 .text.CLOCK_SetLpsci0Clock
                0x000034c4       0x38 ./board/board.o
 .text.BOARD_InitDebugConsole
                0x000034fc       0x30 ./board/board.o
                0x000034fc                BOARD_InitDebugConsole
 .text.CLOCK_SetSimSafeDivs
                0x0000352c       0x20 ./board/clock_config.o
 .text.CLOCK_SetXtal0Freq
                0x0000354c       0x1c ./board/clock_config.o
 .text.CLOCK_CONFIG_SetFllExtRefDiv
                0x00003568       0x3c ./board/clock_config.o
 .text.BOARD_BootClockRUN
                0x000035a4       0x64 ./board/clock_config.o
                0x000035a4                BOARD_BootClockRUN
 .text.CLOCK_EnableClock
                0x00003608       0x34 ./board/pin_mux.o
 .text.PORT_SetPinConfig
                0x0000363c       0x38 ./board/pin_mux.o
 .text.PORT_SetPinMux
                0x00003674       0x40 ./board/pin_mux.o
 .text.PORT_SetPinInterruptConfig
                0x000036b4       0x40 ./board/pin_mux.o
 .text.BOARD_InitPins
                0x000036f4       0xac ./board/pin_mux.o
                0x000036f4                BOARD_InitPins
 .text.BOARD_I2C_ConfigurePins
                0x000037a0       0x8c ./board/pin_mux.o
                0x000037a0                BOARD_I2C_ConfigurePins
 .text.SystemInit
                0x0000382c       0x18 ./CMSIS/system_MKL25Z4.o
                0x0000382c                SystemInit
 .text.__assertion_failed
                0x00003844       0x4c c:/nxp/mcuxpressoide_11.0.1_2563/ide/plugins/com.nxp.mcuxpresso.tools.win32_11.0.1.201907311258/tools/bin/../lib/gcc/arm-none-eabi/8.2.1/../../../../arm-none-eabi/lib/thumb/v6-m/nofp\libcr_semihost_nf.a(_cr_assert.o)
                0x00003844                __assertion_failed
 .text.__sys_appexit
                0x00003890        0xc c:/nxp/mcuxpressoide_11.0.1_2563/ide/plugins/com.nxp.mcuxpresso.tools.win32_11.0.1.201907311258/tools/bin/../lib/gcc/arm-none-eabi/8.2.1/../../../../arm-none-eabi/lib/thumb/v6-m/nofp\libcr_semihost_nf.a(__sys_appexit.o)
                0x00003890                __sys_appexit
                0x00003890                __exit
 .text._deferredlazyseek
                0x0000389c       0x40 c:/nxp/mcuxpressoide_11.0.1_2563/ide/plugins/com.nxp.mcuxpresso.tools.win32_11.0.1.201907311258/tools/bin/../lib/gcc/arm-none-eabi/8.2.1/../../../../arm-none-eabi/lib/thumb/v6-m/nofp\libcr_c.a(_deferredlazyseek.o)
                0x0000389c                _deferredlazyseek
 .text.__flsbuf
                0x000038dc      0x14c c:/nxp/mcuxpressoide_11.0.1_2563/ide/plugins/com.nxp.mcuxpresso.tools.win32_11.0.1.201907311258/tools/bin/../lib/gcc/arm-none-eabi/8.2.1/../../../../arm-none-eabi/lib/thumb/v6-m/nofp\libcr_c.a(_deferredlazyseek.o)
                0x000038dc                __flsbuf
 .text._fflush  0x00003a28       0x5c c:/nxp/mcuxpressoide_11.0.1_2563/ide/plugins/com.nxp.mcuxpresso.tools.win32_11.0.1.201907311258/tools/bin/../lib/gcc/arm-none-eabi/8.2.1/../../../../arm-none-eabi/lib/thumb/v6-m/nofp\libcr_c.a(_fflush.o)
                0x00003a28                _fflush
 .text._Cwritebuf
                0x00003a84       0x68 c:/nxp/mcuxpressoide_11.0.1_2563/ide/plugins/com.nxp.mcuxpresso.tools.win32_11.0.1.201907311258/tools/bin/../lib/gcc/arm-none-eabi/8.2.1/../../../../arm-none-eabi/lib/thumb/v6-m/nofp\libcr_c.a(_writebuf.o)
                0x00003a84                _Cwritebuf
 .text.malloc   0x00003aec       0xcc c:/nxp/mcuxpressoide_11.0.1_2563/ide/plugins/com.nxp.mcuxpresso.tools.win32_11.0.1.201907311258/tools/bin/../lib/gcc/arm-none-eabi/8.2.1/../../../../arm-none-eabi/lib/thumb/v6-m/nofp\libcr_c.a(alloc.o)
                0x00003aec                malloc
 .text._Csys_alloc
                0x00003bb8       0x20 c:/nxp/mcuxpressoide_11.0.1_2563/ide/plugins/com.nxp.mcuxpresso.tools.win32_11.0.1.201907311258/tools/bin/../lib/gcc/arm-none-eabi/8.2.1/../../../../arm-none-eabi/lib/thumb/v6-m/nofp\libcr_c.a(alloc.o)
                0x00003bb8                _Csys_alloc
 .text.fseek    0x00003bd8       0xf0 c:/nxp/mcuxpressoide_11.0.1_2563/ide/plugins/com.nxp.mcuxpresso.tools.win32_11.0.1.201907311258/tools/bin/../lib/gcc/arm-none-eabi/8.2.1/../../../../arm-none-eabi/lib/thumb/v6-m/nofp\libcr_c.a(fseek.o)
                0x00003bd8                fseek
 .text.ftell    0x00003cc8       0x48 c:/nxp/mcuxpressoide_11.0.1_2563/ide/plugins/com.nxp.mcuxpresso.tools.win32_11.0.1.201907311258/tools/bin/../lib/gcc/arm-none-eabi/8.2.1/../../../../arm-none-eabi/lib/thumb/v6-m/nofp\libcr_c.a(ftell.o)
                0x00003cc8                ftell
 .text._initio  0x00003d10       0x7c c:/nxp/mcuxpressoide_11.0.1_2563/ide/plugins/com.nxp.mcuxpresso.tools.win32_11.0.1.201907311258/tools/bin/../lib/gcc/arm-none-eabi/8.2.1/../../../../arm-none-eabi/lib/thumb/v6-m/nofp\libcr_c.a(initio.o)
                0x00003d10                _initio
 .text.setvbuf  0x00003d8c       0x4c c:/nxp/mcuxpressoide_11.0.1_2563/ide/plugins/com.nxp.mcuxpresso.tools.win32_11.0.1.201907311258/tools/bin/../lib/gcc/arm-none-eabi/8.2.1/../../../../arm-none-eabi/lib/thumb/v6-m/nofp\libcr_c.a(setvbuf.o)
                0x00003d8c                setvbuf
 .text._sbrk    0x00003dd8       0x40 c:/nxp/mcuxpressoide_11.0.1_2563/ide/plugins/com.nxp.mcuxpresso.tools.win32_11.0.1.201907311258/tools/bin/../lib/gcc/arm-none-eabi/8.2.1/../../../../arm-none-eabi/lib/thumb/v6-m/nofp\libcr_c.a(_cr_sbrk.o)
                0x00003dd8                _sbrk
 .text._fdopen  0x00003e18       0x74 c:/nxp/mcuxpressoide_11.0.1_2563/ide/plugins/com.nxp.mcuxpresso.tools.win32_11.0.1.201907311258/tools/bin/../lib/gcc/arm-none-eabi/8.2.1/../../../../arm-none-eabi/lib/thumb/v6-m/nofp\libcr_c.a(_fdopen.o)
                0x00003e18                _fdopen
 .text.fclose   0x00003e8c       0x5c c:/nxp/mcuxpressoide_11.0.1_2563/ide/plugins/com.nxp.mcuxpresso.tools.win32_11.0.1.201907311258/tools/bin/../lib/gcc/arm-none-eabi/8.2.1/../../../../arm-none-eabi/lib/thumb/v6-m/nofp\libcr_c.a(fclose.o)
                0x00003e8c                fclose
 .text.fflush   0x00003ee8       0x44 c:/nxp/mcuxpressoide_11.0.1_2563/ide/plugins/com.nxp.mcuxpresso.tools.win32_11.0.1.201907311258/tools/bin/../lib/gcc/arm-none-eabi/8.2.1/../../../../arm-none-eabi/lib/thumb/v6-m/nofp\libcr_c.a(fflush.o)
                0x00003ee8                fflush
 .text.strlen   0x00003f2c       0x58 c:/nxp/mcuxpressoide_11.0.1_2563/ide/plugins/com.nxp.mcuxpresso.tools.win32_11.0.1.201907311258/tools/bin/../lib/gcc/arm-none-eabi/8.2.1/../../../../arm-none-eabi/lib/thumb/v6-m/nofp\libcr_c.a(strlen.o)
                0x00003f2c                strlen
 .text.__check_heap_overflow
                0x00003f84       0x14 c:/nxp/mcuxpressoide_11.0.1_2563/ide/plugins/com.nxp.mcuxpresso.tools.win32_11.0.1.201907311258/tools/bin/../lib/gcc/arm-none-eabi/8.2.1/../../../../arm-none-eabi/lib/thumb/v6-m/nofp\libcr_c.a(_cr_check_heap.o)
                0x00003f84                __check_heap_overflow
 .text._do_fflush
                0x00003f98       0x44 c:/nxp/mcuxpressoide_11.0.1_2563/ide/plugins/com.nxp.mcuxpresso.tools.win32_11.0.1.201907311258/tools/bin/../lib/gcc/arm-none-eabi/8.2.1/../../../../arm-none-eabi/lib/thumb/v6-m/nofp\libcr_c.a(_do_fflush.o)
                0x00003f98                _do_fflush
 .text.__aeabi_dmul
                0x00003fdc      0x188 c:/nxp/mcuxpressoide_11.0.1_2563/ide/plugins/com.nxp.mcuxpresso.tools.win32_11.0.1.201907311258/tools/bin/../lib/gcc/arm-none-eabi/8.2.1/thumb/v6-m/nofp\libcr_eabihelpers.a(double.o)
                0x00003fdc                __aeabi_dmul
 .text.__aeabi_dsub
                0x00004164      0x1c4 c:/nxp/mcuxpressoide_11.0.1_2563/ide/plugins/com.nxp.mcuxpresso.tools.win32_11.0.1.201907311258/tools/bin/../lib/gcc/arm-none-eabi/8.2.1/thumb/v6-m/nofp\libcr_eabihelpers.a(double.o)
                0x00004164                __aeabi_dsub
 .text.__aeabi_dadd
                0x00004328      0x12c c:/nxp/mcuxpressoide_11.0.1_2563/ide/plugins/com.nxp.mcuxpresso.tools.win32_11.0.1.201907311258/tools/bin/../lib/gcc/arm-none-eabi/8.2.1/thumb/v6-m/nofp\libcr_eabihelpers.a(double.o)
                0x00004328                __aeabi_dadd
 .text.__aeabi_d2iz
                0x00004454       0x4c c:/nxp/mcuxpressoide_11.0.1_2563/ide/plugins/com.nxp.mcuxpresso.tools.win32_11.0.1.201907311258/tools/bin/../lib/gcc/arm-none-eabi/8.2.1/thumb/v6-m/nofp\libcr_eabihelpers.a(double.o)
                0x00004454                __aeabi_d2iz
 .text.UART_EnableTx
                0x000044a0       0x40 ./utilities/fsl_debug_console.o
 .text.UART_EnableRx
                0x000044e0       0x40 ./utilities/fsl_debug_console.o
 .text.LPSCI_EnableTx
                0x00004520       0x40 ./utilities/fsl_debug_console.o
 .text.LPSCI_EnableRx
                0x00004560       0x40 ./utilities/fsl_debug_console.o
 .text.EnableIRQ
                0x000045a0       0x2c ./source/main.o
 .text.GPIO_WritePinOutput
                0x000045cc       0x34 ./source/main.o
 .text.i2c_release_bus_delay
                0x00004600       0x26 ./source/main.o
 .text.OSC_SetExtRefClkConfig
                0x00004626       0x3e ./drivers/fsl_clock.o
 .text.OSC_SetCapLoad
                0x00004664       0x42 ./drivers/fsl_clock.o
 .text.CLOCK_GetPll0RefFreq
                0x000046a6       0x10 ./drivers/fsl_clock.o
 .text.CLOCK_GetFixedFreqClkFreq
                0x000046b6       0x30 ./drivers/fsl_clock.o
                0x000046b6                CLOCK_GetFixedFreqClkFreq
 .text.CLOCK_SetExternalRefClkConfig
                0x000046e6       0x16 ./drivers/fsl_clock.o
                0x000046e6                CLOCK_SetExternalRefClkConfig
 .text.EnableIRQ
                0x000046fc       0x2c ./drivers/fsl_dma.o
 .text.GPIO_WritePinOutput
                0x00004728       0x34 ./drivers/fsl_gpio.o
 .text.EnableIRQ
                0x0000475c       0x2c ./drivers/fsl_i2c.o
 .text.I2C_MasterClearStatusFlags
                0x00004788       0x38 ./drivers/fsl_i2c.o
 .text.I2C_EnableInterrupts
                0x000047c0       0x5c ./drivers/fsl_i2c.o
                0x000047c0                I2C_EnableInterrupts
 .text.I2C_DisableInterrupts
                0x0000481c       0x42 ./drivers/fsl_i2c.o
                0x0000481c                I2C_DisableInterrupts
 .text.I2C_MasterStop
                0x0000485e       0x64 ./drivers/fsl_i2c.o
                0x0000485e                I2C_MasterStop
 .text.I2C_MasterGetStatusFlags
                0x000048c2       0x32 ./drivers/fsl_i2c.o
                0x000048c2                I2C_MasterGetStatusFlags
 .text.LPSCI_GetStatusFlags
                0x000048f4       0x26 ./drivers/fsl_lpsci.o
                0x000048f4                LPSCI_GetStatusFlags
 .text.LPSCI_GetDataRegisterAddress
                0x0000491a       0x14 ./drivers/fsl_lpsci_dma.o
 .text.LPSCI_EnableTxDMA
                0x0000492e       0x64 ./drivers/fsl_lpsci_dma.o
 .text.LPSCI_EnableRxDMA
                0x00004992       0x60 ./drivers/fsl_lpsci_dma.o
 .text.UART_GetStatusFlags
                0x000049f2       0x26 ./drivers/fsl_uart.o
                0x000049f2                UART_GetStatusFlags
 .text.UART_WriteBlocking
                0x00004a18       0x3a ./drivers/fsl_uart.o
                0x00004a18                UART_WriteBlocking
 .text.__main   0x00004a52        0xc c:/nxp/mcuxpressoide_11.0.1_2563/ide/plugins/com.nxp.mcuxpresso.tools.win32_11.0.1.201907311258/tools/bin/../lib/gcc/arm-none-eabi/8.2.1/../../../../arm-none-eabi/lib/thumb/v6-m/nofp\libcr_semihost_nf.a(_cr__main.o)
                0x00004a52                __CR_SEMIHOST
                0x00004a52                __main
 .text.memset   0x00004a5e        0x8 c:/nxp/mcuxpressoide_11.0.1_2563/ide/plugins/com.nxp.mcuxpresso.tools.win32_11.0.1.201907311258/tools/bin/../lib/gcc/arm-none-eabi/8.2.1/../../../../arm-none-eabi/lib/thumb/v6-m/nofp\libcr_c.a(memset.o)
                0x00004a5e                memset
 .text.free     0x00004a66       0x2c c:/nxp/mcuxpressoide_11.0.1_2563/ide/plugins/com.nxp.mcuxpresso.tools.win32_11.0.1.201907311258/tools/bin/../lib/gcc/arm-none-eabi/8.2.1/../../../../arm-none-eabi/lib/thumb/v6-m/nofp\libcr_c.a(alloc.o)
                0x00004a66                free
 .text.fputs    0x00004a92       0x2e c:/nxp/mcuxpressoide_11.0.1_2563/ide/plugins/com.nxp.mcuxpresso.tools.win32_11.0.1.201907311258/tools/bin/../lib/gcc/arm-none-eabi/8.2.1/../../../../arm-none-eabi/lib/thumb/v6-m/nofp\libcr_c.a(fputs.o)
                0x00004a92                fputs
 .text.remove   0x00004ac0       0x12 c:/nxp/mcuxpressoide_11.0.1_2563/ide/plugins/com.nxp.mcuxpresso.tools.win32_11.0.1.201907311258/tools/bin/../lib/gcc/arm-none-eabi/8.2.1/../../../../arm-none-eabi/lib/thumb/v6-m/nofp\libcr_c.a(remove.o)
                0x00004ac0                remove
 .text.__aeabi_division_idivmod
                0x00004ad2       0x78 c:/nxp/mcuxpressoide_11.0.1_2563/ide/plugins/com.nxp.mcuxpresso.tools.win32_11.0.1.201907311258/tools/bin/../lib/gcc/arm-none-eabi/8.2.1/thumb/v6-m/nofp\libcr_eabihelpers.a(division_32.o)
                0x00004ad2                __aeabi_idivmod
                0x00004ad2                __aeabi_idiv
                0x00004ad8                __aeabi_uidivmod
                0x00004ad8                __aeabi_uidiv
 .text.__aeabi_division_idiv0
                0x00004b4a        0x2 c:/nxp/mcuxpressoide_11.0.1_2563/ide/plugins/com.nxp.mcuxpresso.tools.win32_11.0.1.201907311258/tools/bin/../lib/gcc/arm-none-eabi/8.2.1/thumb/v6-m/nofp\libcr_eabihelpers.a(division_idiv0.o)
                0x00004b4a                __aeabi_idiv0
 .text.__bhs_ui2d
                0x00004b4c       0x5e c:/nxp/mcuxpressoide_11.0.1_2563/ide/plugins/com.nxp.mcuxpresso.tools.win32_11.0.1.201907311258/tools/bin/../lib/gcc/arm-none-eabi/8.2.1/thumb/v6-m/nofp\libcr_eabihelpers.a(double.o)
                0x00004b4c                __bhs_ui2d
 .text.__aeabi_i2d
                0x00004baa       0x18 c:/nxp/mcuxpressoide_11.0.1_2563/ide/plugins/com.nxp.mcuxpresso.tools.win32_11.0.1.201907311258/tools/bin/../lib/gcc/arm-none-eabi/8.2.1/thumb/v6-m/nofp\libcr_eabihelpers.a(double.o)
                0x00004baa                __aeabi_i2d
 .text.__aeabi_llong_lmul
                0x00004bc2       0x2e c:/nxp/mcuxpressoide_11.0.1_2563/ide/plugins/com.nxp.mcuxpresso.tools.win32_11.0.1.201907311258/tools/bin/../lib/gcc/arm-none-eabi/8.2.1/thumb/v6-m/nofp\libcr_eabihelpers.a(llong.o)
                0x00004bc2                __aeabi_lmul
 .text.__aeabi_memset_lowlevel
                0x00004bf0       0x2a c:/nxp/mcuxpressoide_11.0.1_2563/ide/plugins/com.nxp.mcuxpresso.tools.win32_11.0.1.201907311258/tools/bin/../lib/gcc/arm-none-eabi/8.2.1/thumb/v6-m/nofp\libcr_eabihelpers.a(memcpy.o)
                0x00004bf0                __aeabi_lowlevel_memset
 .text.__sys_close
                0x00004c1a        0xc c:/nxp/mcuxpressoide_11.0.1_2563/ide/plugins/com.nxp.mcuxpresso.tools.win32_11.0.1.201907311258/tools/bin/../lib/gcc/arm-none-eabi/8.2.1/../../../../arm-none-eabi/lib/thumb/v6-m/nofp\libcr_semihost_nf.a(__sys_close.o)
                0x00004c1a                __sys_close
 .text.__sys_flen
                0x00004c26        0xc c:/nxp/mcuxpressoide_11.0.1_2563/ide/plugins/com.nxp.mcuxpresso.tools.win32_11.0.1.201907311258/tools/bin/../lib/gcc/arm-none-eabi/8.2.1/../../../../arm-none-eabi/lib/thumb/v6-m/nofp\libcr_semihost_nf.a(__sys_flen.o)
                0x00004c26                __sys_flen
 .text.__sys_istty
                0x00004c32        0xc c:/nxp/mcuxpressoide_11.0.1_2563/ide/plugins/com.nxp.mcuxpresso.tools.win32_11.0.1.201907311258/tools/bin/../lib/gcc/arm-none-eabi/8.2.1/../../../../arm-none-eabi/lib/thumb/v6-m/nofp\libcr_semihost_nf.a(__sys_istty.o)
                0x00004c32                __sys_istty
 .text.__sys_remove
                0x00004c3e        0xc c:/nxp/mcuxpressoide_11.0.1_2563/ide/plugins/com.nxp.mcuxpresso.tools.win32_11.0.1.201907311258/tools/bin/../lib/gcc/arm-none-eabi/8.2.1/../../../../arm-none-eabi/lib/thumb/v6-m/nofp\libcr_semihost_nf.a(__sys_remove.o)
                0x00004c3e                __sys_remove
 .text.__sys_seek
                0x00004c4a        0xc c:/nxp/mcuxpressoide_11.0.1_2563/ide/plugins/com.nxp.mcuxpresso.tools.win32_11.0.1.201907311258/tools/bin/../lib/gcc/arm-none-eabi/8.2.1/../../../../arm-none-eabi/lib/thumb/v6-m/nofp\libcr_semihost_nf.a(__sys_seek.o)
                0x00004c4a                __sys_seek
 .text.__sys_tmpnam
                0x00004c56        0xc c:/nxp/mcuxpressoide_11.0.1_2563/ide/plugins/com.nxp.mcuxpresso.tools.win32_11.0.1.201907311258/tools/bin/../lib/gcc/arm-none-eabi/8.2.1/../../../../arm-none-eabi/lib/thumb/v6-m/nofp\libcr_semihost_nf.a(__sys_tmpnam.o)
                0x00004c56                __sys_tmpnam
 .text.__sys_write
                0x00004c62        0xc c:/nxp/mcuxpressoide_11.0.1_2563/ide/plugins/com.nxp.mcuxpresso.tools.win32_11.0.1.201907311258/tools/bin/../lib/gcc/arm-none-eabi/8.2.1/../../../../arm-none-eabi/lib/thumb/v6-m/nofp\libcr_semihost_nf.a(__sys_write.o)
                0x00004c62                __sys_write
 *(SORT_BY_ALIGNMENT(.rodata) SORT_BY_ALIGNMENT(.rodata.*) SORT_BY_ALIGNMENT(.constdata) SORT_BY_ALIGNMENT(.constdata.*))
 *fill*         0x00004c6e        0x2 ff
 .rodata        0x00004c70       0xbb ./source/main.o
 *fill*         0x00004d2b        0x1 ff
 .rodata        0x00004d2c      0x11d ./drivers/fsl_clock.o
 *fill*         0x00004e49        0x3 ff
 .rodata.CLOCK_GetFreq
                0x00004e4c       0x38 ./drivers/fsl_clock.o
 .rodata.fllFactorTable.5230
                0x00004e84       0x10 ./drivers/fsl_clock.o
 .rodata        0x00004e94      0x4ae ./drivers/fsl_dma.o
 *fill*         0x00005342        0x2 ff
 .rodata.s_dmaIRQNumber
                0x00005344        0x4 ./drivers/fsl_dma.o
 .rodata        0x00005348       0x42 ./drivers/fsl_dmamux.o
 *fill*         0x0000538a        0x2 ff
 .rodata.s_portBases
                0x0000538c       0x14 ./drivers/fsl_gpio.o
 .rodata.s_gpioBases
                0x000053a0       0x14 ./drivers/fsl_gpio.o
 .rodata        0x000053b4       0x62 ./drivers/fsl_gpio.o
 *fill*         0x00005416        0x2 ff
 .rodata.s_i2cDividerTable
                0x00005418       0x80 ./drivers/fsl_i2c.o
 .rodata.s_i2cBases
                0x00005498        0x8 ./drivers/fsl_i2c.o
 .rodata.s_i2cIrqs
                0x000054a0        0x2 ./drivers/fsl_i2c.o
 *fill*         0x000054a2        0x2 ff
 .rodata.s_i2cClocks
                0x000054a4        0x8 ./drivers/fsl_i2c.o
 .rodata        0x000054ac      0x2f6 ./drivers/fsl_i2c.o
 *fill*         0x000057a2        0x2 ff
 .rodata        0x000057a4      0x48c ./drivers/fsl_lpsci.o
 .rodata        0x00005c30      0x563 ./drivers/fsl_lpsci_dma.o
 *fill*         0x00006193        0x1 ff
 .rodata.s_uartBases
                0x00006194        0xc ./drivers/fsl_uart.o
 .rodata.s_uartClock
                0x000061a0        0xc ./drivers/fsl_uart.o
 .rodata        0x000061ac      0x45b ./drivers/fsl_uart.o
 *fill*         0x00006607        0x1 ff
 .rodata.mcgConfig_BOARD_BootClockRUN
                0x00006608        0xa ./board/clock_config.o
                0x00006608                mcgConfig_BOARD_BootClockRUN
 *fill*         0x00006612        0x2 ff
 .rodata.simConfig_BOARD_BootClockRUN
                0x00006614        0x8 ./board/clock_config.o
                0x00006614                simConfig_BOARD_BootClockRUN
 .rodata.oscConfig_BOARD_BootClockRUN
                0x0000661c        0x8 ./board/clock_config.o
                0x0000661c                oscConfig_BOARD_BootClockRUN
 .rodata        0x00006624       0x23 ./board/pin_mux.o
 *fill*         0x00006647        0x1 ff
 .rodata.__num_Ciob_streams
                0x00006648        0x4 c:/nxp/mcuxpressoide_11.0.1_2563/ide/plugins/com.nxp.mcuxpresso.tools.win32_11.0.1.201907311258/tools/bin/../lib/gcc/arm-none-eabi/8.2.1/../../../../arm-none-eabi/lib/thumb/v6-m/nofp\libcr_semihost_nf.a(__ciob.o)
                0x00006648                __num_Ciob_streams
 .rodata.__assertion_failed.str1.1
                0x0000664c       0x15 c:/nxp/mcuxpressoide_11.0.1_2563/ide/plugins/com.nxp.mcuxpresso.tools.win32_11.0.1.201907311258/tools/bin/../lib/gcc/arm-none-eabi/8.2.1/../../../../arm-none-eabi/lib/thumb/v6-m/nofp\libcr_semihost_nf.a(_cr_assert.o)
 .rodata._Csys_alloc.str1.1
                0x00006661       0x18 c:/nxp/mcuxpressoide_11.0.1_2563/ide/plugins/com.nxp.mcuxpresso.tools.win32_11.0.1.201907311258/tools/bin/../lib/gcc/arm-none-eabi/8.2.1/../../../../arm-none-eabi/lib/thumb/v6-m/nofp\libcr_c.a(alloc.o)
 .rodata._initio.str1.1
                0x00006679        0x4 c:/nxp/mcuxpressoide_11.0.1_2563/ide/plugins/com.nxp.mcuxpresso.tools.win32_11.0.1.201907311258/tools/bin/../lib/gcc/arm-none-eabi/8.2.1/../../../../arm-none-eabi/lib/thumb/v6-m/nofp\libcr_c.a(initio.o)
                0x00006680                . = ALIGN (0x4)
 *fill*         0x0000667d        0x3 ff

.glue_7         0x00006680        0x0
 .glue_7        0x00006680        0x0 linker stubs

.glue_7t        0x00006680        0x0
 .glue_7t       0x00006680        0x0 linker stubs

.vfp11_veneer   0x00006680        0x0
 .vfp11_veneer  0x00006680        0x0 linker stubs

.v4_bx          0x00006680        0x0
 .v4_bx         0x00006680        0x0 linker stubs

.iplt           0x00006680        0x0
 .iplt          0x00006680        0x0 ./utilities/fsl_debug_console.o

.rel.dyn        0x00006680        0x0
 .rel.iplt      0x00006680        0x0 ./utilities/fsl_debug_console.o

.ARM.extab
 *(SORT_BY_ALIGNMENT(.ARM.extab*) SORT_BY_ALIGNMENT(.gnu.linkonce.armextab.*))
                0x00006680                __exidx_start = .

.ARM.exidx
 *(SORT_BY_ALIGNMENT(.ARM.exidx*) SORT_BY_ALIGNMENT(.gnu.linkonce.armexidx.*))
                0x00006680                __exidx_end = .
                0x00006680                _etext = .

.m_usb_data
 *(SORT_BY_ALIGNMENT(m_usb_bdt))

.mtb_buffer_default
                0x1ffff000       0x80
 *(SORT_BY_ALIGNMENT(.mtb*))
 .mtb.$RAM1     0x1ffff000       0x80 ./source/mtb.o
                0x1ffff000                __mtb_buffer__

.uninit_RESERVED
                0x1ffff080        0x0
                0x1ffff080                . = ALIGN (0x4)
 *(SORT_BY_ALIGNMENT(.bss.$RESERVED*))
                0x1ffff080                . = ALIGN (0x4)
                0x1ffff080                _end_uninit_RESERVED = .

.data           0x1ffff080       0x10 load address 0x00006680
 FILL mask 0xff
                0x1ffff080                _data = .
 *(SORT_BY_ALIGNMENT(vtable))
 *(SORT_BY_ALIGNMENT(.ramfunc*))
 *(SORT_BY_ALIGNMENT(CodeQuickAccess))
 *(SORT_BY_ALIGNMENT(DataQuickAccess))
 *(SORT_BY_ALIGNMENT(RamFunction))
 *(SORT_BY_ALIGNMENT(.data*))
 .data.s_slowIrcFreq
                0x1ffff080        0x4 ./drivers/fsl_clock.o
 .data.s_fastIrcFreq
                0x1ffff084        0x4 ./drivers/fsl_clock.o
 .data.SystemCoreClock
                0x1ffff088        0x4 ./CMSIS/system_MKL25Z4.o
                0x1ffff088                SystemCoreClock
 .data.g_accel_addr_found
                0x1ffff08c        0x1 ./source/main.o
                0x1ffff08c                g_accel_addr_found
 .data.rxBufferEmpty
                0x1ffff08d        0x1 ./source/main.o
                0x1ffff08d                rxBufferEmpty
                0x1ffff090                . = ALIGN (0x4)
 *fill*         0x1ffff08e        0x2 ff
                0x1ffff090                _edata = .

.igot.plt       0x1ffff090        0x0 load address 0x00006690
 .igot.plt      0x1ffff090        0x0 ./utilities/fsl_debug_console.o

.bss            0x1ffff090      0x198 load address 0x00006690
                0x1ffff090                . = ALIGN (0x4)
                0x1ffff090                _bss = .
 *(SORT_BY_ALIGNMENT(.bss*))
 .bss.s_debugConsole
                0x1ffff090       0x10 ./utilities/fsl_debug_console.o
 .bss.g_m_handle
                0x1ffff0a0       0x28 ./source/main.o
                0x1ffff0a0                g_m_handle
 .bss.g_lpsciDmaHandle
                0x1ffff0c8       0x20 ./source/main.o
                0x1ffff0c8                g_lpsciDmaHandle
 .bss.g_lpsciTxDmaHandle
                0x1ffff0e8       0x10 ./source/main.o
                0x1ffff0e8                g_lpsciTxDmaHandle
 .bss.g_lpsciRxDmaHandle
                0x1ffff0f8       0x10 ./source/main.o
                0x1ffff0f8                g_lpsciRxDmaHandle
 .bss.g_txBuffer
                0x1ffff108        0x8 ./source/main.o
                0x1ffff108                g_txBuffer
 .bss.g_rxBuffer
                0x1ffff110        0x8 ./source/main.o
                0x1ffff110                g_rxBuffer
 .bss.g_xtal0Freq
                0x1ffff118        0x4 ./drivers/fsl_clock.o
                0x1ffff118                g_xtal0Freq
 .bss.g_xtal32Freq
                0x1ffff11c        0x4 ./drivers/fsl_clock.o
                0x1ffff11c                g_xtal32Freq
 .bss.s_DMAHandle
                0x1ffff120       0x10 ./drivers/fsl_dma.o
 .bss.s_i2cHandle
                0x1ffff130        0x8 ./drivers/fsl_i2c.o
 .bss.s_i2cMasterIsr
                0x1ffff138        0x4 ./drivers/fsl_i2c.o
 .bss.s_i2cSlaveIsr
                0x1ffff13c        0x4 ./drivers/fsl_i2c.o
 .bss.s_lpsciHandle
                0x1ffff140        0x4 ./drivers/fsl_lpsci.o
 .bss.s_lpsciIsr
                0x1ffff144        0x4 ./drivers/fsl_lpsci.o
 .bss.s_dmaPrivateHandle
                0x1ffff148        0x8 ./drivers/fsl_lpsci_dma.o
 .bss.s_uartHandle
                0x1ffff150        0xc ./drivers/fsl_uart.o
 .bss.s_uartIsr
                0x1ffff15c        0x4 ./drivers/fsl_uart.o
 .bss.__Ciob    0x1ffff160       0xb4 c:/nxp/mcuxpressoide_11.0.1_2563/ide/plugins/com.nxp.mcuxpresso.tools.win32_11.0.1.201907311258/tools/bin/../lib/gcc/arm-none-eabi/8.2.1/../../../../arm-none-eabi/lib/thumb/v6-m/nofp\libcr_semihost_nf.a(__ciob.o)
                0x1ffff160                __Ciob
 .bss.__end_of_heap
                0x1ffff214        0x4 c:/nxp/mcuxpressoide_11.0.1_2563/ide/plugins/com.nxp.mcuxpresso.tools.win32_11.0.1.201907311258/tools/bin/../lib/gcc/arm-none-eabi/8.2.1/../../../../arm-none-eabi/lib/thumb/v6-m/nofp\libcr_c.a(__init_alloc.o)
                0x1ffff214                __end_of_heap
 .bss.__heaps   0x1ffff218        0x4 c:/nxp/mcuxpressoide_11.0.1_2563/ide/plugins/com.nxp.mcuxpresso.tools.win32_11.0.1.201907311258/tools/bin/../lib/gcc/arm-none-eabi/8.2.1/../../../../arm-none-eabi/lib/thumb/v6-m/nofp\libcr_c.a(__init_alloc.o)
                0x1ffff218                __heaps
 .bss.errno     0x1ffff21c        0x4 c:/nxp/mcuxpressoide_11.0.1_2563/ide/plugins/com.nxp.mcuxpresso.tools.win32_11.0.1.201907311258/tools/bin/../lib/gcc/arm-none-eabi/8.2.1/../../../../arm-none-eabi/lib/thumb/v6-m/nofp\libcr_c.a(errno.o)
                0x1ffff21c                errno
 .bss.completionFlag
                0x1ffff220        0x1 ./source/main.o
                0x1ffff220                completionFlag
 .bss.nakFlag   0x1ffff221        0x1 ./source/main.o
                0x1ffff221                nakFlag
 .bss.txBufferFull
                0x1ffff222        0x1 ./source/main.o
                0x1ffff222                txBufferFull
 .bss.txOnGoing
                0x1ffff223        0x1 ./source/main.o
                0x1ffff223                txOnGoing
 .bss.rxOnGoing
                0x1ffff224        0x1 ./source/main.o
                0x1ffff224                rxOnGoing
 .bss.pripravene_data
                0x1ffff225        0x1 ./source/main.o
                0x1ffff225                pripravene_data
 *(SORT_BY_ALIGNMENT(COMMON))
                0x1ffff228                . = ALIGN (0x4)
 *fill*         0x1ffff226        0x2 
                0x1ffff228                _ebss = .
                [!provide]                PROVIDE (end = .)

.noinit         0x1ffff228        0x0 load address 0x00006690
                0x1ffff228                . = ALIGN (0x4)
                0x1ffff228                _noinit = .
 *(SORT_BY_ALIGNMENT(.noinit*))
                0x1ffff228                . = ALIGN (0x4)
                0x1ffff228                _end_noinit = .
                0x00000400                _HeapSize = 0x400

.heap           0x1ffff228      0x400 load address 0x00006690
                0x1ffff228                _pvHeapStart = .
                0x1ffff628                . = (. + _HeapSize)
 *fill*         0x1ffff228      0x400 
                0x1ffff628                . = ALIGN (0x4)
                0x1ffff628                _pvHeapLimit = .
                0x00000400                _StackSize = 0x400

.heap2stackfill
                0x1ffff628      0x400 load address 0x00006690
                0x1ffffa28                . = (. + _StackSize)
 *fill*         0x1ffff628      0x400 

.stack          0x20002c00        0x0
                0x20002c00                _vStackBase = .
                0x20002c00                . = ALIGN (0x4)
                0x20003000                _vStackTop = (. + _StackSize)
                0x00000000                _image_start = LOADADDR (.text)
                0x00006690                _image_end = (LOADADDR (.data) + SIZEOF (.data))
                0x00006690                _image_size = (_image_end - _image_start)
OUTPUT(Akcelerometerzadanie.axf elf32-littlearm)

.debug_info     0x00000000     0xd0f1
 .debug_info    0x00000000      0x9b1 ./utilities/fsl_debug_console.o
 .debug_info    0x000009b1      0x4db ./startup/startup_mkl25z4.o
 .debug_info    0x00000e8c     0x1e6e ./source/main.o
 .debug_info    0x00002cfa       0x4f ./source/mtb.o
 .debug_info    0x00002d49       0x38 ./source/semihost_hardfault.o
 .debug_info    0x00002d81     0x1a93 ./drivers/fsl_clock.o
 .debug_info    0x00004814      0xf4a ./drivers/fsl_dma.o
 .debug_info    0x0000575e      0x4e3 ./drivers/fsl_dmamux.o
 .debug_info    0x00005c41      0x562 ./drivers/fsl_gpio.o
 .debug_info    0x000061a3     0x1a96 ./drivers/fsl_i2c.o
 .debug_info    0x00007c39     0x1465 ./drivers/fsl_lpsci.o
 .debug_info    0x0000909e      0xc6c ./drivers/fsl_lpsci_dma.o
 .debug_info    0x00009d0a     0x1406 ./drivers/fsl_uart.o
 .debug_info    0x0000b110      0x807 ./board/board.o
 .debug_info    0x0000b917      0xafa ./board/clock_config.o
 .debug_info    0x0000c411      0x8ab ./board/pin_mux.o
 .debug_info    0x0000ccbc      0x435 ./CMSIS/system_MKL25Z4.o

.debug_abbrev   0x00000000     0x2554
 .debug_abbrev  0x00000000      0x218 ./utilities/fsl_debug_console.o
 .debug_abbrev  0x00000218      0x18a ./startup/startup_mkl25z4.o
 .debug_abbrev  0x000003a2      0x3fd ./source/main.o
 .debug_abbrev  0x0000079f       0x43 ./source/mtb.o
 .debug_abbrev  0x000007e2       0x2e ./source/semihost_hardfault.o
 .debug_abbrev  0x00000810      0x36c ./drivers/fsl_clock.o
 .debug_abbrev  0x00000b7c      0x2e9 ./drivers/fsl_dma.o
 .debug_abbrev  0x00000e65      0x1ad ./drivers/fsl_dmamux.o
 .debug_abbrev  0x00001012      0x1b5 ./drivers/fsl_gpio.o
 .debug_abbrev  0x000011c7      0x36b ./drivers/fsl_i2c.o
 .debug_abbrev  0x00001532      0x306 ./drivers/fsl_lpsci.o
 .debug_abbrev  0x00001838      0x2a8 ./drivers/fsl_lpsci_dma.o
 .debug_abbrev  0x00001ae0      0x320 ./drivers/fsl_uart.o
 .debug_abbrev  0x00001e00      0x1a4 ./board/board.o
 .debug_abbrev  0x00001fa4      0x20e ./board/clock_config.o
 .debug_abbrev  0x000021b2      0x24f ./board/pin_mux.o
 .debug_abbrev  0x00002401      0x153 ./CMSIS/system_MKL25Z4.o

.debug_aranges  0x00000000      0xb08
 .debug_aranges
                0x00000000       0x48 ./utilities/fsl_debug_console.o
 .debug_aranges
                0x00000048      0x160 ./startup/startup_mkl25z4.o
 .debug_aranges
                0x000001a8       0xb0 ./source/main.o
 .debug_aranges
                0x00000258       0x18 ./source/mtb.o
 .debug_aranges
                0x00000270       0x20 ./source/semihost_hardfault.o
 .debug_aranges
                0x00000290      0x1d8 ./drivers/fsl_clock.o
 .debug_aranges
                0x00000468       0xd0 ./drivers/fsl_dma.o
 .debug_aranges
                0x00000538       0x40 ./drivers/fsl_dmamux.o
 .debug_aranges
                0x00000578       0x40 ./drivers/fsl_gpio.o
 .debug_aranges
                0x000005b8      0x178 ./drivers/fsl_i2c.o
 .debug_aranges
                0x00000730      0x118 ./drivers/fsl_lpsci.o
 .debug_aranges
                0x00000848       0x98 ./drivers/fsl_lpsci_dma.o
 .debug_aranges
                0x000008e0      0x130 ./drivers/fsl_uart.o
 .debug_aranges
                0x00000a10       0x28 ./board/board.o
 .debug_aranges
                0x00000a38       0x58 ./board/clock_config.o
 .debug_aranges
                0x00000a90       0x50 ./board/pin_mux.o
 .debug_aranges
                0x00000ae0       0x28 ./CMSIS/system_MKL25Z4.o

.debug_ranges   0x00000000      0x9f0
 .debug_ranges  0x00000000       0x38 ./utilities/fsl_debug_console.o
 .debug_ranges  0x00000038      0x150 ./startup/startup_mkl25z4.o
 .debug_ranges  0x00000188       0xa0 ./source/main.o
 .debug_ranges  0x00000228       0x10 ./source/semihost_hardfault.o
 .debug_ranges  0x00000238      0x1c8 ./drivers/fsl_clock.o
 .debug_ranges  0x00000400       0xc0 ./drivers/fsl_dma.o
 .debug_ranges  0x000004c0       0x30 ./drivers/fsl_dmamux.o
 .debug_ranges  0x000004f0       0x30 ./drivers/fsl_gpio.o
 .debug_ranges  0x00000520      0x168 ./drivers/fsl_i2c.o
 .debug_ranges  0x00000688      0x108 ./drivers/fsl_lpsci.o
 .debug_ranges  0x00000790       0x88 ./drivers/fsl_lpsci_dma.o
 .debug_ranges  0x00000818      0x120 ./drivers/fsl_uart.o
 .debug_ranges  0x00000938       0x18 ./board/board.o
 .debug_ranges  0x00000950       0x48 ./board/clock_config.o
 .debug_ranges  0x00000998       0x40 ./board/pin_mux.o
 .debug_ranges  0x000009d8       0x18 ./CMSIS/system_MKL25Z4.o

.debug_line     0x00000000     0x6485
 .debug_line    0x00000000      0x315 ./utilities/fsl_debug_console.o
 .debug_line    0x00000315      0x1e7 ./startup/startup_mkl25z4.o
 .debug_line    0x000004fc      0x738 ./source/main.o
 .debug_line    0x00000c34       0x30 ./source/mtb.o
 .debug_line    0x00000c64       0x5a ./source/semihost_hardfault.o
 .debug_line    0x00000cbe     0x1204 ./drivers/fsl_clock.o
 .debug_line    0x00001ec2      0x659 ./drivers/fsl_dma.o
 .debug_line    0x0000251b      0x259 ./drivers/fsl_dmamux.o
 .debug_line    0x00002774      0x28f ./drivers/fsl_gpio.o
 .debug_line    0x00002a03     0x11db ./drivers/fsl_i2c.o
 .debug_line    0x00003bde      0xc88 ./drivers/fsl_lpsci.o
 .debug_line    0x00004866      0x5a6 ./drivers/fsl_lpsci_dma.o
 .debug_line    0x00004e0c      0xc77 ./drivers/fsl_uart.o
 .debug_line    0x00005a83      0x1e5 ./board/board.o
 .debug_line    0x00005c68      0x2b7 ./board/clock_config.o
 .debug_line    0x00005f1f      0x2be ./board/pin_mux.o
 .debug_line    0x000061dd      0x2a8 ./CMSIS/system_MKL25Z4.o

.debug_str      0x00000000     0x5a47
 .debug_str     0x00000000      0xaf3 ./utilities/fsl_debug_console.o
                                0xb70 (size before relaxing)
 .debug_str     0x00000af3      0x394 ./startup/startup_mkl25z4.o
                                0x4ec (size before relaxing)
 .debug_str     0x00000e87     0x1908 ./source/main.o
                               0x22e7 (size before relaxing)
 .debug_str     0x0000278f       0x1f ./source/mtb.o
                                0x176 (size before relaxing)
 .debug_str     0x000027ae       0x1f ./source/semihost_hardfault.o
                                0x176 (size before relaxing)
 .debug_str     0x000027cd      0xa6d ./drivers/fsl_clock.o
                               0x1817 (size before relaxing)
 .debug_str     0x0000323a      0x6d9 ./drivers/fsl_dma.o
                               0x12a9 (size before relaxing)
 .debug_str     0x00003913       0x65 ./drivers/fsl_dmamux.o
                                0x8d0 (size before relaxing)
 .debug_str     0x00003978       0x8d ./drivers/fsl_gpio.o
                                0x83e (size before relaxing)
 .debug_str     0x00003a05      0x94e ./drivers/fsl_i2c.o
                               0x17a0 (size before relaxing)
 .debug_str     0x00004353      0x78c ./drivers/fsl_lpsci.o
                               0x15df (size before relaxing)
 .debug_str     0x00004adf      0x224 ./drivers/fsl_lpsci_dma.o
                                0xed7 (size before relaxing)
 .debug_str     0x00004d03      0x819 ./drivers/fsl_uart.o
                               0x15eb (size before relaxing)
 .debug_str     0x0000551c       0x37 ./board/board.o
                                0x76a (size before relaxing)
 .debug_str     0x00005553      0x237 ./board/clock_config.o
                                0xdfe (size before relaxing)
 .debug_str     0x0000578a      0x26e ./board/pin_mux.o
                                0x993 (size before relaxing)
 .debug_str     0x000059f8       0x4f ./CMSIS/system_MKL25Z4.o
                                0x358 (size before relaxing)

.comment        0x00000000       0x75
 .comment       0x00000000       0x75 ./utilities/fsl_debug_console.o
                                 0x76 (size before relaxing)
 .comment       0x00000075       0x76 ./startup/startup_mkl25z4.o
 .comment       0x00000075       0x76 ./source/main.o
 .comment       0x00000075       0x76 ./source/mtb.o
 .comment       0x00000075       0x76 ./source/semihost_hardfault.o
 .comment       0x00000075       0x76 ./drivers/fsl_clock.o
 .comment       0x00000075       0x76 ./drivers/fsl_dma.o
 .comment       0x00000075       0x76 ./drivers/fsl_dmamux.o
 .comment       0x00000075       0x76 ./drivers/fsl_gpio.o
 .comment       0x00000075       0x76 ./drivers/fsl_i2c.o
 .comment       0x00000075       0x76 ./drivers/fsl_lpsci.o
 .comment       0x00000075       0x76 ./drivers/fsl_lpsci_dma.o
 .comment       0x00000075       0x76 ./drivers/fsl_uart.o
 .comment       0x00000075       0x76 ./board/board.o
 .comment       0x00000075       0x76 ./board/clock_config.o
 .comment       0x00000075       0x76 ./board/pin_mux.o
 .comment       0x00000075       0x76 ./CMSIS/system_MKL25Z4.o
 .comment       0x00000075       0x76 c:/nxp/mcuxpressoide_11.0.1_2563/ide/plugins/com.nxp.mcuxpresso.tools.win32_11.0.1.201907311258/tools/bin/../lib/gcc/arm-none-eabi/8.2.1/../../../../arm-none-eabi/lib/thumb/v6-m/nofp\libcr_semihost_nf.a(_cr__main.o)
 .comment       0x00000075       0x76 c:/nxp/mcuxpressoide_11.0.1_2563/ide/plugins/com.nxp.mcuxpresso.tools.win32_11.0.1.201907311258/tools/bin/../lib/gcc/arm-none-eabi/8.2.1/../../../../arm-none-eabi/lib/thumb/v6-m/nofp\libcr_semihost_nf.a(_cr_assert.o)
 .comment       0x00000075       0x76 c:/nxp/mcuxpressoide_11.0.1_2563/ide/plugins/com.nxp.mcuxpresso.tools.win32_11.0.1.201907311258/tools/bin/../lib/gcc/arm-none-eabi/8.2.1/../../../../arm-none-eabi/lib/thumb/v6-m/nofp\libcr_semihost_nf.a(__ciob.o)
 .comment       0x00000075       0x76 c:/nxp/mcuxpressoide_11.0.1_2563/ide/plugins/com.nxp.mcuxpresso.tools.win32_11.0.1.201907311258/tools/bin/../lib/gcc/arm-none-eabi/8.2.1/../../../../arm-none-eabi/lib/thumb/v6-m/nofp\libcr_c.a(memset.o)
 .comment       0x00000075       0x76 c:/nxp/mcuxpressoide_11.0.1_2563/ide/plugins/com.nxp.mcuxpresso.tools.win32_11.0.1.201907311258/tools/bin/../lib/gcc/arm-none-eabi/8.2.1/../../../../arm-none-eabi/lib/thumb/v6-m/nofp\libcr_c.a(_deferredlazyseek.o)
 .comment       0x00000075       0x76 c:/nxp/mcuxpressoide_11.0.1_2563/ide/plugins/com.nxp.mcuxpresso.tools.win32_11.0.1.201907311258/tools/bin/../lib/gcc/arm-none-eabi/8.2.1/../../../../arm-none-eabi/lib/thumb/v6-m/nofp\libcr_c.a(_fflush.o)
 .comment       0x00000075       0x76 c:/nxp/mcuxpressoide_11.0.1_2563/ide/plugins/com.nxp.mcuxpresso.tools.win32_11.0.1.201907311258/tools/bin/../lib/gcc/arm-none-eabi/8.2.1/../../../../arm-none-eabi/lib/thumb/v6-m/nofp\libcr_c.a(_writebuf.o)
 .comment       0x00000075       0x76 c:/nxp/mcuxpressoide_11.0.1_2563/ide/plugins/com.nxp.mcuxpresso.tools.win32_11.0.1.201907311258/tools/bin/../lib/gcc/arm-none-eabi/8.2.1/../../../../arm-none-eabi/lib/thumb/v6-m/nofp\libcr_c.a(alloc.o)
 .comment       0x00000075       0x76 c:/nxp/mcuxpressoide_11.0.1_2563/ide/plugins/com.nxp.mcuxpresso.tools.win32_11.0.1.201907311258/tools/bin/../lib/gcc/arm-none-eabi/8.2.1/../../../../arm-none-eabi/lib/thumb/v6-m/nofp\libcr_c.a(fputs.o)
 .comment       0x00000075       0x76 c:/nxp/mcuxpressoide_11.0.1_2563/ide/plugins/com.nxp.mcuxpresso.tools.win32_11.0.1.201907311258/tools/bin/../lib/gcc/arm-none-eabi/8.2.1/../../../../arm-none-eabi/lib/thumb/v6-m/nofp\libcr_c.a(fseek.o)
 .comment       0x00000075       0x76 c:/nxp/mcuxpressoide_11.0.1_2563/ide/plugins/com.nxp.mcuxpresso.tools.win32_11.0.1.201907311258/tools/bin/../lib/gcc/arm-none-eabi/8.2.1/../../../../arm-none-eabi/lib/thumb/v6-m/nofp\libcr_c.a(ftell.o)
 .comment       0x00000075       0x76 c:/nxp/mcuxpressoide_11.0.1_2563/ide/plugins/com.nxp.mcuxpresso.tools.win32_11.0.1.201907311258/tools/bin/../lib/gcc/arm-none-eabi/8.2.1/../../../../arm-none-eabi/lib/thumb/v6-m/nofp\libcr_c.a(initio.o)
 .comment       0x00000075       0x76 c:/nxp/mcuxpressoide_11.0.1_2563/ide/plugins/com.nxp.mcuxpresso.tools.win32_11.0.1.201907311258/tools/bin/../lib/gcc/arm-none-eabi/8.2.1/../../../../arm-none-eabi/lib/thumb/v6-m/nofp\libcr_c.a(setvbuf.o)
 .comment       0x00000075       0x76 c:/nxp/mcuxpressoide_11.0.1_2563/ide/plugins/com.nxp.mcuxpresso.tools.win32_11.0.1.201907311258/tools/bin/../lib/gcc/arm-none-eabi/8.2.1/../../../../arm-none-eabi/lib/thumb/v6-m/nofp\libcr_c.a(__init_alloc.o)
 .comment       0x00000075       0x76 c:/nxp/mcuxpressoide_11.0.1_2563/ide/plugins/com.nxp.mcuxpresso.tools.win32_11.0.1.201907311258/tools/bin/../lib/gcc/arm-none-eabi/8.2.1/../../../../arm-none-eabi/lib/thumb/v6-m/nofp\libcr_c.a(_cr_sbrk.o)
 .comment       0x00000075       0x76 c:/nxp/mcuxpressoide_11.0.1_2563/ide/plugins/com.nxp.mcuxpresso.tools.win32_11.0.1.201907311258/tools/bin/../lib/gcc/arm-none-eabi/8.2.1/../../../../arm-none-eabi/lib/thumb/v6-m/nofp\libcr_c.a(_fdopen.o)
 .comment       0x00000075       0x76 c:/nxp/mcuxpressoide_11.0.1_2563/ide/plugins/com.nxp.mcuxpresso.tools.win32_11.0.1.201907311258/tools/bin/../lib/gcc/arm-none-eabi/8.2.1/../../../../arm-none-eabi/lib/thumb/v6-m/nofp\libcr_c.a(errno.o)
 .comment       0x00000075       0x76 c:/nxp/mcuxpressoide_11.0.1_2563/ide/plugins/com.nxp.mcuxpresso.tools.win32_11.0.1.201907311258/tools/bin/../lib/gcc/arm-none-eabi/8.2.1/../../../../arm-none-eabi/lib/thumb/v6-m/nofp\libcr_c.a(fclose.o)
 .comment       0x00000075       0x76 c:/nxp/mcuxpressoide_11.0.1_2563/ide/plugins/com.nxp.mcuxpresso.tools.win32_11.0.1.201907311258/tools/bin/../lib/gcc/arm-none-eabi/8.2.1/../../../../arm-none-eabi/lib/thumb/v6-m/nofp\libcr_c.a(fflush.o)
 .comment       0x00000075       0x76 c:/nxp/mcuxpressoide_11.0.1_2563/ide/plugins/com.nxp.mcuxpresso.tools.win32_11.0.1.201907311258/tools/bin/../lib/gcc/arm-none-eabi/8.2.1/../../../../arm-none-eabi/lib/thumb/v6-m/nofp\libcr_c.a(remove.o)
 .comment       0x00000075       0x76 c:/nxp/mcuxpressoide_11.0.1_2563/ide/plugins/com.nxp.mcuxpresso.tools.win32_11.0.1.201907311258/tools/bin/../lib/gcc/arm-none-eabi/8.2.1/../../../../arm-none-eabi/lib/thumb/v6-m/nofp\libcr_c.a(strlen.o)
 .comment       0x00000075       0x76 c:/nxp/mcuxpressoide_11.0.1_2563/ide/plugins/com.nxp.mcuxpresso.tools.win32_11.0.1.201907311258/tools/bin/../lib/gcc/arm-none-eabi/8.2.1/../../../../arm-none-eabi/lib/thumb/v6-m/nofp\libcr_c.a(_cr_check_heap.o)
 .comment       0x00000075       0x76 c:/nxp/mcuxpressoide_11.0.1_2563/ide/plugins/com.nxp.mcuxpresso.tools.win32_11.0.1.201907311258/tools/bin/../lib/gcc/arm-none-eabi/8.2.1/../../../../arm-none-eabi/lib/thumb/v6-m/nofp\libcr_c.a(_do_fflush.o)
 .comment       0x00000075       0x76 c:/nxp/mcuxpressoide_11.0.1_2563/ide/plugins/com.nxp.mcuxpresso.tools.win32_11.0.1.201907311258/tools/bin/../lib/gcc/arm-none-eabi/8.2.1/thumb/v6-m/nofp\libcr_eabihelpers.a(double.o)

.ARM.attributes
                0x00000000       0x2a
 .ARM.attributes
                0x00000000       0x2c ./utilities/fsl_debug_console.o
 .ARM.attributes
                0x0000002c       0x2c ./startup/startup_mkl25z4.o
 .ARM.attributes
                0x00000058       0x2c ./source/main.o
 .ARM.attributes
                0x00000084       0x32 ./source/mtb.o
 .ARM.attributes
                0x000000b6       0x2c ./source/semihost_hardfault.o
 .ARM.attributes
                0x000000e2       0x2c ./drivers/fsl_clock.o
 .ARM.attributes
                0x0000010e       0x2c ./drivers/fsl_dma.o
 .ARM.attributes
                0x0000013a       0x2c ./drivers/fsl_dmamux.o
 .ARM.attributes
                0x00000166       0x2c ./drivers/fsl_gpio.o
 .ARM.attributes
                0x00000192       0x2c ./drivers/fsl_i2c.o
 .ARM.attributes
                0x000001be       0x2c ./drivers/fsl_lpsci.o
 .ARM.attributes
                0x000001ea       0x2c ./drivers/fsl_lpsci_dma.o
 .ARM.attributes
                0x00000216       0x2c ./drivers/fsl_uart.o
 .ARM.attributes
                0x00000242       0x2c ./board/board.o
 .ARM.attributes
                0x0000026e       0x2c ./board/clock_config.o
 .ARM.attributes
                0x0000029a       0x2c ./board/pin_mux.o
 .ARM.attributes
                0x000002c6       0x2c ./CMSIS/system_MKL25Z4.o
 .ARM.attributes
                0x000002f2       0x2c c:/nxp/mcuxpressoide_11.0.1_2563/ide/plugins/com.nxp.mcuxpresso.tools.win32_11.0.1.201907311258/tools/bin/../lib/gcc/arm-none-eabi/8.2.1/../../../../arm-none-eabi/lib/thumb/v6-m/nofp\libcr_semihost_nf.a(_cr__main.o)
 .ARM.attributes
                0x0000031e       0x2c c:/nxp/mcuxpressoide_11.0.1_2563/ide/plugins/com.nxp.mcuxpresso.tools.win32_11.0.1.201907311258/tools/bin/../lib/gcc/arm-none-eabi/8.2.1/../../../../arm-none-eabi/lib/thumb/v6-m/nofp\libcr_semihost_nf.a(_cr_assert.o)
 .ARM.attributes
                0x0000034a       0x31 c:/nxp/mcuxpressoide_11.0.1_2563/ide/plugins/com.nxp.mcuxpresso.tools.win32_11.0.1.201907311258/tools/bin/../lib/gcc/arm-none-eabi/8.2.1/../../../../arm-none-eabi/lib/thumb/v6-m/nofp\libcr_semihost_nf.a(__ciob.o)
 .ARM.attributes
                0x0000037b       0x1c c:/nxp/mcuxpressoide_11.0.1_2563/ide/plugins/com.nxp.mcuxpresso.tools.win32_11.0.1.201907311258/tools/bin/../lib/gcc/arm-none-eabi/8.2.1/../../../../arm-none-eabi/lib/thumb/v6-m/nofp\libcr_semihost_nf.a(__sys_appexit.o)
 .ARM.attributes
                0x00000397       0x2c c:/nxp/mcuxpressoide_11.0.1_2563/ide/plugins/com.nxp.mcuxpresso.tools.win32_11.0.1.201907311258/tools/bin/../lib/gcc/arm-none-eabi/8.2.1/../../../../arm-none-eabi/lib/thumb/v6-m/nofp\libcr_c.a(memset.o)
 .ARM.attributes
                0x000003c3       0x2c c:/nxp/mcuxpressoide_11.0.1_2563/ide/plugins/com.nxp.mcuxpresso.tools.win32_11.0.1.201907311258/tools/bin/../lib/gcc/arm-none-eabi/8.2.1/../../../../arm-none-eabi/lib/thumb/v6-m/nofp\libcr_c.a(_deferredlazyseek.o)
 .ARM.attributes
                0x000003ef       0x2c c:/nxp/mcuxpressoide_11.0.1_2563/ide/plugins/com.nxp.mcuxpresso.tools.win32_11.0.1.201907311258/tools/bin/../lib/gcc/arm-none-eabi/8.2.1/../../../../arm-none-eabi/lib/thumb/v6-m/nofp\libcr_c.a(_fflush.o)
 .ARM.attributes
                0x0000041b       0x2c c:/nxp/mcuxpressoide_11.0.1_2563/ide/plugins/com.nxp.mcuxpresso.tools.win32_11.0.1.201907311258/tools/bin/../lib/gcc/arm-none-eabi/8.2.1/../../../../arm-none-eabi/lib/thumb/v6-m/nofp\libcr_c.a(_writebuf.o)
 .ARM.attributes
                0x00000447       0x2c c:/nxp/mcuxpressoide_11.0.1_2563/ide/plugins/com.nxp.mcuxpresso.tools.win32_11.0.1.201907311258/tools/bin/../lib/gcc/arm-none-eabi/8.2.1/../../../../arm-none-eabi/lib/thumb/v6-m/nofp\libcr_c.a(alloc.o)
 .ARM.attributes
                0x00000473       0x2c c:/nxp/mcuxpressoide_11.0.1_2563/ide/plugins/com.nxp.mcuxpresso.tools.win32_11.0.1.201907311258/tools/bin/../lib/gcc/arm-none-eabi/8.2.1/../../../../arm-none-eabi/lib/thumb/v6-m/nofp\libcr_c.a(fputs.o)
 .ARM.attributes
                0x0000049f       0x2c c:/nxp/mcuxpressoide_11.0.1_2563/ide/plugins/com.nxp.mcuxpresso.tools.win32_11.0.1.201907311258/tools/bin/../lib/gcc/arm-none-eabi/8.2.1/../../../../arm-none-eabi/lib/thumb/v6-m/nofp\libcr_c.a(fseek.o)
 .ARM.attributes
                0x000004cb       0x2c c:/nxp/mcuxpressoide_11.0.1_2563/ide/plugins/com.nxp.mcuxpresso.tools.win32_11.0.1.201907311258/tools/bin/../lib/gcc/arm-none-eabi/8.2.1/../../../../arm-none-eabi/lib/thumb/v6-m/nofp\libcr_c.a(ftell.o)
 .ARM.attributes
                0x000004f7       0x2c c:/nxp/mcuxpressoide_11.0.1_2563/ide/plugins/com.nxp.mcuxpresso.tools.win32_11.0.1.201907311258/tools/bin/../lib/gcc/arm-none-eabi/8.2.1/../../../../arm-none-eabi/lib/thumb/v6-m/nofp\libcr_c.a(initio.o)
 .ARM.attributes
                0x00000523       0x2c c:/nxp/mcuxpressoide_11.0.1_2563/ide/plugins/com.nxp.mcuxpresso.tools.win32_11.0.1.201907311258/tools/bin/../lib/gcc/arm-none-eabi/8.2.1/../../../../arm-none-eabi/lib/thumb/v6-m/nofp\libcr_c.a(setvbuf.o)
 .ARM.attributes
                0x0000054f       0x2c c:/nxp/mcuxpressoide_11.0.1_2563/ide/plugins/com.nxp.mcuxpresso.tools.win32_11.0.1.201907311258/tools/bin/../lib/gcc/arm-none-eabi/8.2.1/../../../../arm-none-eabi/lib/thumb/v6-m/nofp\libcr_c.a(__init_alloc.o)
 .ARM.attributes
                0x0000057b       0x2c c:/nxp/mcuxpressoide_11.0.1_2563/ide/plugins/com.nxp.mcuxpresso.tools.win32_11.0.1.201907311258/tools/bin/../lib/gcc/arm-none-eabi/8.2.1/../../../../arm-none-eabi/lib/thumb/v6-m/nofp\libcr_c.a(_cr_sbrk.o)
 .ARM.attributes
                0x000005a7       0x2c c:/nxp/mcuxpressoide_11.0.1_2563/ide/plugins/com.nxp.mcuxpresso.tools.win32_11.0.1.201907311258/tools/bin/../lib/gcc/arm-none-eabi/8.2.1/../../../../arm-none-eabi/lib/thumb/v6-m/nofp\libcr_c.a(_fdopen.o)
 .ARM.attributes
                0x000005d3       0x31 c:/nxp/mcuxpressoide_11.0.1_2563/ide/plugins/com.nxp.mcuxpresso.tools.win32_11.0.1.201907311258/tools/bin/../lib/gcc/arm-none-eabi/8.2.1/../../../../arm-none-eabi/lib/thumb/v6-m/nofp\libcr_c.a(errno.o)
 .ARM.attributes
                0x00000604       0x2c c:/nxp/mcuxpressoide_11.0.1_2563/ide/plugins/com.nxp.mcuxpresso.tools.win32_11.0.1.201907311258/tools/bin/../lib/gcc/arm-none-eabi/8.2.1/../../../../arm-none-eabi/lib/thumb/v6-m/nofp\libcr_c.a(fclose.o)
 .ARM.attributes
                0x00000630       0x2c c:/nxp/mcuxpressoide_11.0.1_2563/ide/plugins/com.nxp.mcuxpresso.tools.win32_11.0.1.201907311258/tools/bin/../lib/gcc/arm-none-eabi/8.2.1/../../../../arm-none-eabi/lib/thumb/v6-m/nofp\libcr_c.a(fflush.o)
 .ARM.attributes
                0x0000065c       0x2c c:/nxp/mcuxpressoide_11.0.1_2563/ide/plugins/com.nxp.mcuxpresso.tools.win32_11.0.1.201907311258/tools/bin/../lib/gcc/arm-none-eabi/8.2.1/../../../../arm-none-eabi/lib/thumb/v6-m/nofp\libcr_c.a(remove.o)
 .ARM.attributes
                0x00000688       0x2c c:/nxp/mcuxpressoide_11.0.1_2563/ide/plugins/com.nxp.mcuxpresso.tools.win32_11.0.1.201907311258/tools/bin/../lib/gcc/arm-none-eabi/8.2.1/../../../../arm-none-eabi/lib/thumb/v6-m/nofp\libcr_c.a(strlen.o)
 .ARM.attributes
                0x000006b4       0x2c c:/nxp/mcuxpressoide_11.0.1_2563/ide/plugins/com.nxp.mcuxpresso.tools.win32_11.0.1.201907311258/tools/bin/../lib/gcc/arm-none-eabi/8.2.1/../../../../arm-none-eabi/lib/thumb/v6-m/nofp\libcr_c.a(_cr_check_heap.o)
 .ARM.attributes
                0x000006e0       0x2c c:/nxp/mcuxpressoide_11.0.1_2563/ide/plugins/com.nxp.mcuxpresso.tools.win32_11.0.1.201907311258/tools/bin/../lib/gcc/arm-none-eabi/8.2.1/../../../../arm-none-eabi/lib/thumb/v6-m/nofp\libcr_c.a(_do_fflush.o)
 .ARM.attributes
                0x0000070c       0x1c c:/nxp/mcuxpressoide_11.0.1_2563/ide/plugins/com.nxp.mcuxpresso.tools.win32_11.0.1.201907311258/tools/bin/../lib/gcc/arm-none-eabi/8.2.1/thumb/v6-m/nofp\libcr_eabihelpers.a(division_32.o)
 .ARM.attributes
                0x00000728       0x1c c:/nxp/mcuxpressoide_11.0.1_2563/ide/plugins/com.nxp.mcuxpresso.tools.win32_11.0.1.201907311258/tools/bin/../lib/gcc/arm-none-eabi/8.2.1/thumb/v6-m/nofp\libcr_eabihelpers.a(division_idiv0.o)
 .ARM.attributes
                0x00000744       0x2c c:/nxp/mcuxpressoide_11.0.1_2563/ide/plugins/com.nxp.mcuxpresso.tools.win32_11.0.1.201907311258/tools/bin/../lib/gcc/arm-none-eabi/8.2.1/thumb/v6-m/nofp\libcr_eabihelpers.a(double.o)
 .ARM.attributes
                0x00000770       0x1c c:/nxp/mcuxpressoide_11.0.1_2563/ide/plugins/com.nxp.mcuxpresso.tools.win32_11.0.1.201907311258/tools/bin/../lib/gcc/arm-none-eabi/8.2.1/thumb/v6-m/nofp\libcr_eabihelpers.a(llong.o)
 .ARM.attributes
                0x0000078c       0x1c c:/nxp/mcuxpressoide_11.0.1_2563/ide/plugins/com.nxp.mcuxpresso.tools.win32_11.0.1.201907311258/tools/bin/../lib/gcc/arm-none-eabi/8.2.1/thumb/v6-m/nofp\libcr_eabihelpers.a(memcpy.o)
 .ARM.attributes
                0x000007a8       0x1c c:/nxp/mcuxpressoide_11.0.1_2563/ide/plugins/com.nxp.mcuxpresso.tools.win32_11.0.1.201907311258/tools/bin/../lib/gcc/arm-none-eabi/8.2.1/../../../../arm-none-eabi/lib/thumb/v6-m/nofp\libcr_semihost_nf.a(__sys_close.o)
 .ARM.attributes
                0x000007c4       0x1c c:/nxp/mcuxpressoide_11.0.1_2563/ide/plugins/com.nxp.mcuxpresso.tools.win32_11.0.1.201907311258/tools/bin/../lib/gcc/arm-none-eabi/8.2.1/../../../../arm-none-eabi/lib/thumb/v6-m/nofp\libcr_semihost_nf.a(__sys_flen.o)
 .ARM.attributes
                0x000007e0       0x1c c:/nxp/mcuxpressoide_11.0.1_2563/ide/plugins/com.nxp.mcuxpresso.tools.win32_11.0.1.201907311258/tools/bin/../lib/gcc/arm-none-eabi/8.2.1/../../../../arm-none-eabi/lib/thumb/v6-m/nofp\libcr_semihost_nf.a(__sys_istty.o)
 .ARM.attributes
                0x000007fc       0x1c c:/nxp/mcuxpressoide_11.0.1_2563/ide/plugins/com.nxp.mcuxpresso.tools.win32_11.0.1.201907311258/tools/bin/../lib/gcc/arm-none-eabi/8.2.1/../../../../arm-none-eabi/lib/thumb/v6-m/nofp\libcr_semihost_nf.a(__sys_remove.o)
 .ARM.attributes
                0x00000818       0x1c c:/nxp/mcuxpressoide_11.0.1_2563/ide/plugins/com.nxp.mcuxpresso.tools.win32_11.0.1.201907311258/tools/bin/../lib/gcc/arm-none-eabi/8.2.1/../../../../arm-none-eabi/lib/thumb/v6-m/nofp\libcr_semihost_nf.a(__sys_seek.o)
 .ARM.attributes
                0x00000834       0x1c c:/nxp/mcuxpressoide_11.0.1_2563/ide/plugins/com.nxp.mcuxpresso.tools.win32_11.0.1.201907311258/tools/bin/../lib/gcc/arm-none-eabi/8.2.1/../../../../arm-none-eabi/lib/thumb/v6-m/nofp\libcr_semihost_nf.a(__sys_tmpnam.o)
 .ARM.attributes
                0x00000850       0x1c c:/nxp/mcuxpressoide_11.0.1_2563/ide/plugins/com.nxp.mcuxpresso.tools.win32_11.0.1.201907311258/tools/bin/../lib/gcc/arm-none-eabi/8.2.1/../../../../arm-none-eabi/lib/thumb/v6-m/nofp\libcr_semihost_nf.a(__sys_write.o)

.debug_frame    0x00000000     0x24dc
 .debug_frame   0x00000000       0xcc ./utilities/fsl_debug_console.o
 .debug_frame   0x000000cc      0x3b0 ./startup/startup_mkl25z4.o
 .debug_frame   0x0000047c      0x274 ./source/main.o
 .debug_frame   0x000006f0       0x20 ./source/semihost_hardfault.o
 .debug_frame   0x00000710      0x6e0 ./drivers/fsl_clock.o
 .debug_frame   0x00000df0      0x2e0 ./drivers/fsl_dma.o
 .debug_frame   0x000010d0       0xb0 ./drivers/fsl_dmamux.o
 .debug_frame   0x00001180       0xb0 ./drivers/fsl_gpio.o
 .debug_frame   0x00001230      0x58c ./drivers/fsl_i2c.o
 .debug_frame   0x000017bc      0x418 ./drivers/fsl_lpsci.o
 .debug_frame   0x00001bd4      0x218 ./drivers/fsl_lpsci_dma.o
 .debug_frame   0x00001dec      0x468 ./drivers/fsl_uart.o
 .debug_frame   0x00002254       0x50 ./board/board.o
 .debug_frame   0x000022a4      0x100 ./board/clock_config.o
 .debug_frame   0x000023a4       0xec ./board/pin_mux.o
 .debug_frame   0x00002490       0x4c ./CMSIS/system_MKL25Z4.o

Cross Reference Table

Symbol                                            File
ADC0_DriverIRQHandler                             ./startup/startup_mkl25z4.o
ADC0_IRQHandler                                   ./startup/startup_mkl25z4.o
BOARD_BootClockRUN                                ./board/clock_config.o
                                                  ./source/main.o
BOARD_BootClockVLPR                               ./board/clock_config.o
BOARD_I2C_ConfigurePins                           ./board/pin_mux.o
                                                  ./source/main.o
BOARD_I2C_ReleaseBus                              ./source/main.o
BOARD_InitBootClocks                              ./board/clock_config.o
BOARD_InitBootPins                                ./board/pin_mux.o
BOARD_InitDebugConsole                            ./board/board.o
                                                  ./source/main.o
BOARD_InitPins                                    ./board/pin_mux.o
                                                  ./source/main.o
CLOCK_BootToBlpeMode                              ./drivers/fsl_clock.o
CLOCK_BootToBlpiMode                              ./drivers/fsl_clock.o
                                                  ./board/clock_config.o
CLOCK_BootToFeeMode                               ./drivers/fsl_clock.o
CLOCK_BootToFeiMode                               ./drivers/fsl_clock.o
CLOCK_BootToPeeMode                               ./drivers/fsl_clock.o
                                                  ./board/clock_config.o
CLOCK_CalcPllDiv                                  ./drivers/fsl_clock.o
CLOCK_ClearStatusFlags                            ./drivers/fsl_clock.o
CLOCK_DeinitOsc0                                  ./drivers/fsl_clock.o
CLOCK_EnablePll0                                  ./drivers/fsl_clock.o
CLOCK_EnableUsbfs0Clock                           ./drivers/fsl_clock.o
CLOCK_ExternalModeToFbeModeQuick                  ./drivers/fsl_clock.o
CLOCK_FllStableDelay                              ./drivers/fsl_clock.o
CLOCK_GetBusClkFreq                               ./drivers/fsl_clock.o
CLOCK_GetCoreSysClkFreq                           ./drivers/fsl_clock.o
CLOCK_GetEr32kClkFreq                             ./drivers/fsl_clock.o
CLOCK_GetFixedFreqClkFreq                         ./drivers/fsl_clock.o
CLOCK_GetFlashClkFreq                             ./drivers/fsl_clock.o
CLOCK_GetFllFreq                                  ./drivers/fsl_clock.o
CLOCK_GetFreq                                     ./drivers/fsl_clock.o
                                                  ./source/main.o
CLOCK_GetInternalRefClkFreq                       ./drivers/fsl_clock.o
CLOCK_GetMode                                     ./drivers/fsl_clock.o
CLOCK_GetOsc0ErClkFreq                            ./drivers/fsl_clock.o
CLOCK_GetOutClkFreq                               ./drivers/fsl_clock.o
CLOCK_GetPlatClkFreq                              ./drivers/fsl_clock.o
CLOCK_GetPll0Freq                                 ./drivers/fsl_clock.o
CLOCK_GetPllFllSelClkFreq                         ./drivers/fsl_clock.o
                                                  ./board/board.o
CLOCK_GetStatusFlags                              ./drivers/fsl_clock.o
CLOCK_InitOsc0                                    ./drivers/fsl_clock.o
                                                  ./board/clock_config.o
CLOCK_InternalModeToFbiModeQuick                  ./drivers/fsl_clock.o
CLOCK_SetBlpeMode                                 ./drivers/fsl_clock.o
CLOCK_SetBlpiMode                                 ./drivers/fsl_clock.o
CLOCK_SetExternalRefClkConfig                     ./drivers/fsl_clock.o
CLOCK_SetFbeMode                                  ./drivers/fsl_clock.o
CLOCK_SetFbiMode                                  ./drivers/fsl_clock.o
CLOCK_SetFeeMode                                  ./drivers/fsl_clock.o
CLOCK_SetFeiMode                                  ./drivers/fsl_clock.o
CLOCK_SetInternalRefClkConfig                     ./drivers/fsl_clock.o
                                                  ./board/clock_config.o
CLOCK_SetMcgConfig                                ./drivers/fsl_clock.o
CLOCK_SetOsc0MonitorMode                          ./drivers/fsl_clock.o
CLOCK_SetPbeMode                                  ./drivers/fsl_clock.o
CLOCK_SetPeeMode                                  ./drivers/fsl_clock.o
CLOCK_SetPll0MonitorMode                          ./drivers/fsl_clock.o
CLOCK_SetSimConfig                                ./drivers/fsl_clock.o
                                                  ./board/clock_config.o
CLOCK_TrimInternalRefClk                          ./drivers/fsl_clock.o
CMP0_DriverIRQHandler                             ./startup/startup_mkl25z4.o
CMP0_IRQHandler                                   ./startup/startup_mkl25z4.o
DAC0_DriverIRQHandler                             ./startup/startup_mkl25z4.o
DAC0_IRQHandler                                   ./startup/startup_mkl25z4.o
DMA0_DriverIRQHandler                             ./drivers/fsl_dma.o
                                                  ./startup/startup_mkl25z4.o
DMA0_IRQHandler                                   ./startup/startup_mkl25z4.o
DMA1_DriverIRQHandler                             ./drivers/fsl_dma.o
                                                  ./startup/startup_mkl25z4.o
DMA1_IRQHandler                                   ./startup/startup_mkl25z4.o
DMA2_DriverIRQHandler                             ./drivers/fsl_dma.o
                                                  ./startup/startup_mkl25z4.o
DMA2_IRQHandler                                   ./startup/startup_mkl25z4.o
DMA3_DriverIRQHandler                             ./drivers/fsl_dma.o
                                                  ./startup/startup_mkl25z4.o
DMA3_IRQHandler                                   ./startup/startup_mkl25z4.o
DMAMUX_Deinit                                     ./drivers/fsl_dmamux.o
DMAMUX_Init                                       ./drivers/fsl_dmamux.o
                                                  ./source/main.o
DMA_AbortTransfer                                 ./drivers/fsl_dma.o
                                                  ./drivers/fsl_lpsci_dma.o
DMA_CreateHandle                                  ./drivers/fsl_dma.o
                                                  ./source/main.o
DMA_Deinit                                        ./drivers/fsl_dma.o
DMA_HandleIRQ                                     ./drivers/fsl_dma.o
DMA_Init                                          ./drivers/fsl_dma.o
                                                  ./source/main.o
DMA_PrepareTransfer                               ./drivers/fsl_dma.o
                                                  ./drivers/fsl_lpsci_dma.o
DMA_ResetChannel                                  ./drivers/fsl_dma.o
DMA_SetCallback                                   ./drivers/fsl_dma.o
                                                  ./drivers/fsl_lpsci_dma.o
DMA_SetChannelLinkConfig                          ./drivers/fsl_dma.o
DMA_SetModulo                                     ./drivers/fsl_dma.o
DMA_SetTransferConfig                             ./drivers/fsl_dma.o
DMA_SubmitTransfer                                ./drivers/fsl_dma.o
                                                  ./drivers/fsl_lpsci_dma.o
DbgConsole_Deinit                                 ./utilities/fsl_debug_console.o
DbgConsole_Init                                   ./utilities/fsl_debug_console.o
                                                  ./board/board.o
FLASH_Erase                                       ./drivers/fsl_flash.o
FLASH_EraseAll                                    ./drivers/fsl_flash.o
FLASH_EraseAllExecuteOnlySegments                 ./drivers/fsl_flash.o
FLASH_GetProperty                                 ./drivers/fsl_flash.o
FLASH_GetSecurityState                            ./drivers/fsl_flash.o
FLASH_Init                                        ./drivers/fsl_flash.o
FLASH_IsExecuteOnly                               ./drivers/fsl_flash.o
FLASH_IsProtected                                 ./drivers/fsl_flash.o
FLASH_PflashGetPrefetchSpeculation                ./drivers/fsl_flash.o
FLASH_PflashGetProtection                         ./drivers/fsl_flash.o
FLASH_PflashSetPrefetchSpeculation                ./drivers/fsl_flash.o
                                                  ./drivers/fsl_smc.o
FLASH_PflashSetProtection                         ./drivers/fsl_flash.o
FLASH_PrepareExecuteInRamFunctions                ./drivers/fsl_flash.o
FLASH_Program                                     ./drivers/fsl_flash.o
FLASH_ProgramOnce                                 ./drivers/fsl_flash.o
FLASH_ReadOnce                                    ./drivers/fsl_flash.o
FLASH_ReadResource                                ./drivers/fsl_flash.o
FLASH_SecurityBypass                              ./drivers/fsl_flash.o
FLASH_SetCallback                                 ./drivers/fsl_flash.o
FLASH_SetProperty                                 ./drivers/fsl_flash.o
FLASH_VerifyErase                                 ./drivers/fsl_flash.o
FLASH_VerifyEraseAll                              ./drivers/fsl_flash.o
FLASH_VerifyEraseAllExecuteOnlySegments           ./drivers/fsl_flash.o
FLASH_VerifyProgram                               ./drivers/fsl_flash.o
FTFA_DriverIRQHandler                             ./startup/startup_mkl25z4.o
FTFA_IRQHandler                                   ./startup/startup_mkl25z4.o
Flash_Config                                      ./startup/startup_mkl25z4.o
GPIO_ClearPinsInterruptFlags                      ./drivers/fsl_gpio.o
                                                  ./source/main.o
GPIO_GetPinsInterruptFlags                        ./drivers/fsl_gpio.o
                                                  ./source/main.o
GPIO_PinInit                                      ./drivers/fsl_gpio.o
                                                  ./board/pin_mux.o
                                                  ./source/main.o
HardFault_Handler                                 ./source/semihost_hardfault.o
                                                  ./startup/startup_mkl25z4.o
I2C0_DriverIRQHandler                             ./drivers/fsl_i2c.o
                                                  ./startup/startup_mkl25z4.o
I2C0_IRQHandler                                   ./startup/startup_mkl25z4.o
I2C1_DriverIRQHandler                             ./drivers/fsl_i2c.o
                                                  ./startup/startup_mkl25z4.o
I2C1_IRQHandler                                   ./startup/startup_mkl25z4.o
I2C_DisableInterrupts                             ./drivers/fsl_i2c.o
I2C_EnableInterrupts                              ./drivers/fsl_i2c.o
I2C_GetInstance                                   ./drivers/fsl_i2c.o
I2C_MasterDeinit                                  ./drivers/fsl_i2c.o
I2C_MasterGetDefaultConfig                        ./drivers/fsl_i2c.o
                                                  ./source/main.o
I2C_MasterGetStatusFlags                          ./drivers/fsl_i2c.o
I2C_MasterInit                                    ./drivers/fsl_i2c.o
                                                  ./source/main.o
I2C_MasterReadBlocking                            ./drivers/fsl_i2c.o
I2C_MasterRepeatedStart                           ./drivers/fsl_i2c.o
I2C_MasterSetBaudRate                             ./drivers/fsl_i2c.o
I2C_MasterStart                                   ./drivers/fsl_i2c.o
I2C_MasterStop                                    ./drivers/fsl_i2c.o
I2C_MasterTransferAbort                           ./drivers/fsl_i2c.o
I2C_MasterTransferBlocking                        ./drivers/fsl_i2c.o
I2C_MasterTransferCreateHandle                    ./drivers/fsl_i2c.o
                                                  ./source/main.o
I2C_MasterTransferGetCount                        ./drivers/fsl_i2c.o
I2C_MasterTransferHandleIRQ                       ./drivers/fsl_i2c.o
I2C_MasterTransferNonBlocking                     ./drivers/fsl_i2c.o
                                                  ./source/main.o
I2C_MasterWriteBlocking                           ./drivers/fsl_i2c.o
I2C_SlaveDeinit                                   ./drivers/fsl_i2c.o
I2C_SlaveGetDefaultConfig                         ./drivers/fsl_i2c.o
I2C_SlaveInit                                     ./drivers/fsl_i2c.o
I2C_SlaveReadBlocking                             ./drivers/fsl_i2c.o
I2C_SlaveTransferAbort                            ./drivers/fsl_i2c.o
I2C_SlaveTransferCreateHandle                     ./drivers/fsl_i2c.o
I2C_SlaveTransferGetCount                         ./drivers/fsl_i2c.o
I2C_SlaveTransferHandleIRQ                        ./drivers/fsl_i2c.o
I2C_SlaveTransferNonBlocking                      ./drivers/fsl_i2c.o
I2C_SlaveWriteBlocking                            ./drivers/fsl_i2c.o
InstallIRQHandler                                 ./drivers/fsl_common.o
IntDefaultHandler                                 ./startup/startup_mkl25z4.o
LLWU_DriverIRQHandler                             ./startup/startup_mkl25z4.o
LLWU_IRQHandler                                   ./startup/startup_mkl25z4.o
LPSCI_ClearStatusFlags                            ./drivers/fsl_lpsci.o
LPSCI_Deinit                                      ./drivers/fsl_lpsci.o
                                                  ./utilities/fsl_debug_console.o
LPSCI_DisableInterrupts                           ./drivers/fsl_lpsci.o
LPSCI_EnableInterrupts                            ./drivers/fsl_lpsci.o
LPSCI_GetDefaultConfig                            ./drivers/fsl_lpsci.o
                                                  ./source/main.o
                                                  ./utilities/fsl_debug_console.o
LPSCI_GetEnabledInterrupts                        ./drivers/fsl_lpsci.o
LPSCI_GetInstance                                 ./drivers/fsl_lpsci.o
                                                  ./drivers/fsl_lpsci_dma.o
LPSCI_GetStatusFlags                              ./drivers/fsl_lpsci.o
LPSCI_Init                                        ./drivers/fsl_lpsci.o
                                                  ./source/main.o
                                                  ./utilities/fsl_debug_console.o
LPSCI_ReadBlocking                                ./drivers/fsl_lpsci.o
                                                  ./utilities/fsl_debug_console.o
LPSCI_SetBaudRate                                 ./drivers/fsl_lpsci.o
LPSCI_TransferAbortReceive                        ./drivers/fsl_lpsci.o
LPSCI_TransferAbortReceiveDMA                     ./drivers/fsl_lpsci_dma.o
LPSCI_TransferAbortSend                           ./drivers/fsl_lpsci.o
LPSCI_TransferAbortSendDMA                        ./drivers/fsl_lpsci_dma.o
LPSCI_TransferCreateHandle                        ./drivers/fsl_lpsci.o
LPSCI_TransferCreateHandleDMA                     ./drivers/fsl_lpsci_dma.o
                                                  ./source/main.o
LPSCI_TransferGetReceiveCount                     ./drivers/fsl_lpsci.o
LPSCI_TransferGetReceiveCountDMA                  ./drivers/fsl_lpsci_dma.o
LPSCI_TransferGetSendCount                        ./drivers/fsl_lpsci.o
LPSCI_TransferGetSendCountDMA                     ./drivers/fsl_lpsci_dma.o
LPSCI_TransferHandleErrorIRQ                      ./drivers/fsl_lpsci.o
LPSCI_TransferHandleIRQ                           ./drivers/fsl_lpsci.o
LPSCI_TransferReceiveDMA                          ./drivers/fsl_lpsci_dma.o
LPSCI_TransferReceiveNonBlocking                  ./drivers/fsl_lpsci.o
LPSCI_TransferSendDMA                             ./drivers/fsl_lpsci_dma.o
                                                  ./source/main.o
LPSCI_TransferSendNonBlocking                     ./drivers/fsl_lpsci.o
LPSCI_TransferStartRingBuffer                     ./drivers/fsl_lpsci.o
LPSCI_TransferStopRingBuffer                      ./drivers/fsl_lpsci.o
LPSCI_UserCallback                                ./source/main.o
LPSCI_WriteBlocking                               ./drivers/fsl_lpsci.o
                                                  ./utilities/fsl_debug_console.o
LPTMR0_DriverIRQHandler                           ./startup/startup_mkl25z4.o
LPTMR0_IRQHandler                                 ./startup/startup_mkl25z4.o
LVD_LVW_DriverIRQHandler                          ./startup/startup_mkl25z4.o
LVD_LVW_IRQHandler                                ./startup/startup_mkl25z4.o
MCG_DriverIRQHandler                              ./startup/startup_mkl25z4.o
MCG_IRQHandler                                    ./startup/startup_mkl25z4.o
NMI_Handler                                       ./startup/startup_mkl25z4.o
PIT_DriverIRQHandler                              ./startup/startup_mkl25z4.o
PIT_IRQHandler                                    ./startup/startup_mkl25z4.o
PORTA_DriverIRQHandler                            ./startup/startup_mkl25z4.o
PORTA_IRQHandler                                  ./source/main.o
                                                  ./startup/startup_mkl25z4.o
PORTD_DriverIRQHandler                            ./startup/startup_mkl25z4.o
PORTD_IRQHandler                                  ./startup/startup_mkl25z4.o
PendSV_Handler                                    ./startup/startup_mkl25z4.o
RTC_DriverIRQHandler                              ./startup/startup_mkl25z4.o
RTC_IRQHandler                                    ./startup/startup_mkl25z4.o
RTC_Seconds_DriverIRQHandler                      ./startup/startup_mkl25z4.o
RTC_Seconds_IRQHandler                            ./startup/startup_mkl25z4.o
Reserved20_DriverIRQHandler                       ./startup/startup_mkl25z4.o
Reserved20_IRQHandler                             ./startup/startup_mkl25z4.o
Reserved39_DriverIRQHandler                       ./startup/startup_mkl25z4.o
Reserved39_IRQHandler                             ./startup/startup_mkl25z4.o
Reserved45_DriverIRQHandler                       ./startup/startup_mkl25z4.o
Reserved45_IRQHandler                             ./startup/startup_mkl25z4.o
ResetISR                                          ./startup/startup_mkl25z4.o
SMC_PostExitStopModes                             ./drivers/fsl_smc.o
SMC_PreEnterStopModes                             ./drivers/fsl_smc.o
SMC_SetPowerModeLls                               ./drivers/fsl_smc.o
SMC_SetPowerModeRun                               ./drivers/fsl_smc.o