Archive member included to satisfy reference by file (symbol)

c:/nxp/mcuxpressoide_11.0.1_2563/ide/plugins/com.nxp.mcuxpresso.tools.win32_11.0.1.201907311258/tools/bin/../lib/gcc/arm-none-eabi/8.2.1/../../../../arm-none-eabi/lib/thumb/v6-m/nofp\libcr_semihost_nf.a(_cr__main.o)
                              ./startup/startup_mkl25z4.o (__main)
c:/nxp/mcuxpressoide_11.0.1_2563/ide/plugins/com.nxp.mcuxpresso.tools.win32_11.0.1.201907311258/tools/bin/../lib/gcc/arm-none-eabi/8.2.1/../../../../arm-none-eabi/lib/thumb/v6-m/nofp\libcr_semihost_nf.a(_cr_assert.o)
                              ./source/i2c_read_accel_value_transfer.o (__assertion_failed)
c:/nxp/mcuxpressoide_11.0.1_2563/ide/plugins/com.nxp.mcuxpresso.tools.win32_11.0.1.201907311258/tools/bin/../lib/gcc/arm-none-eabi/8.2.1/../../../../arm-none-eabi/lib/thumb/v6-m/nofp\libcr_semihost_nf.a(__ciob.o)
                              c:/nxp/mcuxpressoide_11.0.1_2563/ide/plugins/com.nxp.mcuxpresso.tools.win32_11.0.1.201907311258/tools/bin/../lib/gcc/arm-none-eabi/8.2.1/../../../../arm-none-eabi/lib/thumb/v6-m/nofp\libcr_semihost_nf.a(_cr_assert.o) (__Ciob)
c:/nxp/mcuxpressoide_11.0.1_2563/ide/plugins/com.nxp.mcuxpresso.tools.win32_11.0.1.201907311258/tools/bin/../lib/gcc/arm-none-eabi/8.2.1/../../../../arm-none-eabi/lib/thumb/v6-m/nofp\libcr_semihost_nf.a(__sys_appexit.o)
                              c:/nxp/mcuxpressoide_11.0.1_2563/ide/plugins/com.nxp.mcuxpresso.tools.win32_11.0.1.201907311258/tools/bin/../lib/gcc/arm-none-eabi/8.2.1/../../../../arm-none-eabi/lib/thumb/v6-m/nofp\libcr_semihost_nf.a(_cr_assert.o) (__sys_appexit)
c:/nxp/mcuxpressoide_11.0.1_2563/ide/plugins/com.nxp.mcuxpresso.tools.win32_11.0.1.201907311258/tools/bin/../lib/gcc/arm-none-eabi/8.2.1/../../../../arm-none-eabi/lib/thumb/v6-m/nofp\libcr_c.a(memcpy.o)
                              ./drivers/fsl_flash.o (memcpy)
c:/nxp/mcuxpressoide_11.0.1_2563/ide/plugins/com.nxp.mcuxpresso.tools.win32_11.0.1.201907311258/tools/bin/../lib/gcc/arm-none-eabi/8.2.1/../../../../arm-none-eabi/lib/thumb/v6-m/nofp\libcr_c.a(memset.o)
                              ./source/i2c_read_accel_value_transfer.o (memset)
c:/nxp/mcuxpressoide_11.0.1_2563/ide/plugins/com.nxp.mcuxpresso.tools.win32_11.0.1.201907311258/tools/bin/../lib/gcc/arm-none-eabi/8.2.1/../../../../arm-none-eabi/lib/thumb/v6-m/nofp\libcr_c.a(_deferredlazyseek.o)
                              c:/nxp/mcuxpressoide_11.0.1_2563/ide/plugins/com.nxp.mcuxpresso.tools.win32_11.0.1.201907311258/tools/bin/../lib/gcc/arm-none-eabi/8.2.1/../../../../arm-none-eabi/lib/thumb/v6-m/nofp\libcr_semihost_nf.a(_cr_assert.o) (__flsbuf)
c:/nxp/mcuxpressoide_11.0.1_2563/ide/plugins/com.nxp.mcuxpresso.tools.win32_11.0.1.201907311258/tools/bin/../lib/gcc/arm-none-eabi/8.2.1/../../../../arm-none-eabi/lib/thumb/v6-m/nofp\libcr_c.a(_fflush.o)
                              c:/nxp/mcuxpressoide_11.0.1_2563/ide/plugins/com.nxp.mcuxpresso.tools.win32_11.0.1.201907311258/tools/bin/../lib/gcc/arm-none-eabi/8.2.1/../../../../arm-none-eabi/lib/thumb/v6-m/nofp\libcr_c.a(_deferredlazyseek.o) (_fflush)
c:/nxp/mcuxpressoide_11.0.1_2563/ide/plugins/com.nxp.mcuxpresso.tools.win32_11.0.1.201907311258/tools/bin/../lib/gcc/arm-none-eabi/8.2.1/../../../../arm-none-eabi/lib/thumb/v6-m/nofp\libcr_c.a(_writebuf.o)
                              c:/nxp/mcuxpressoide_11.0.1_2563/ide/plugins/com.nxp.mcuxpresso.tools.win32_11.0.1.201907311258/tools/bin/../lib/gcc/arm-none-eabi/8.2.1/../../../../arm-none-eabi/lib/thumb/v6-m/nofp\libcr_c.a(_deferredlazyseek.o) (_Cwritebuf)
c:/nxp/mcuxpressoide_11.0.1_2563/ide/plugins/com.nxp.mcuxpresso.tools.win32_11.0.1.201907311258/tools/bin/../lib/gcc/arm-none-eabi/8.2.1/../../../../arm-none-eabi/lib/thumb/v6-m/nofp\libcr_c.a(alloc.o)
                              c:/nxp/mcuxpressoide_11.0.1_2563/ide/plugins/com.nxp.mcuxpresso.tools.win32_11.0.1.201907311258/tools/bin/../lib/gcc/arm-none-eabi/8.2.1/../../../../arm-none-eabi/lib/thumb/v6-m/nofp\libcr_c.a(_deferredlazyseek.o) (_Csys_alloc)
c:/nxp/mcuxpressoide_11.0.1_2563/ide/plugins/com.nxp.mcuxpresso.tools.win32_11.0.1.201907311258/tools/bin/../lib/gcc/arm-none-eabi/8.2.1/../../../../arm-none-eabi/lib/thumb/v6-m/nofp\libcr_c.a(fputs.o)
                              c:/nxp/mcuxpressoide_11.0.1_2563/ide/plugins/com.nxp.mcuxpresso.tools.win32_11.0.1.201907311258/tools/bin/../lib/gcc/arm-none-eabi/8.2.1/../../../../arm-none-eabi/lib/thumb/v6-m/nofp\libcr_semihost_nf.a(_cr_assert.o) (fputs)
c:/nxp/mcuxpressoide_11.0.1_2563/ide/plugins/com.nxp.mcuxpresso.tools.win32_11.0.1.201907311258/tools/bin/../lib/gcc/arm-none-eabi/8.2.1/../../../../arm-none-eabi/lib/thumb/v6-m/nofp\libcr_c.a(fseek.o)
                              c:/nxp/mcuxpressoide_11.0.1_2563/ide/plugins/com.nxp.mcuxpresso.tools.win32_11.0.1.201907311258/tools/bin/../lib/gcc/arm-none-eabi/8.2.1/../../../../arm-none-eabi/lib/thumb/v6-m/nofp\libcr_c.a(_deferredlazyseek.o) (fseek)
[...]
Memory Configuration

Name             Origin             Length             Attributes
PROGRAM_FLASH    0x00000000         0x00020000         xr
SRAM             0x1ffff000         0x00004000         xrw
*default*        0x00000000         0xffffffff

Linker script and memory map

LOAD ./utilities/fsl_debug_console.o
LOAD ./startup/startup_mkl25z4.o
LOAD ./source/i2c_read_accel_value_transfer.o
LOAD ./source/mtb.o
LOAD ./source/semihost_hardfault.o
LOAD ./drivers/fsl_clock.o
LOAD ./drivers/fsl_common.o
LOAD ./drivers/fsl_dma.o
LOAD ./drivers/fsl_dmamux.o
LOAD ./drivers/fsl_flash.o
LOAD ./drivers/fsl_gpio.o
LOAD ./drivers/fsl_i2c.o
LOAD ./drivers/fsl_lpsci.o
LOAD ./drivers/fsl_lpsci_dma.o
LOAD ./drivers/fsl_smc.o
LOAD ./drivers/fsl_uart.o
LOAD ./board/board.o
LOAD ./board/clock_config.o
LOAD ./board/pin_mux.o
LOAD ./CMSIS/system_MKL25Z4.o
START GROUP
LOAD c:/nxp/mcuxpressoide_11.0.1_2563/ide/plugins/com.nxp.mcuxpresso.tools.win32_11.0.1.201907311258/tools/bin/../lib/gcc/arm-none-eabi/8.2.1/../../../../arm-none-eabi/lib/thumb/v6-m/nofp\libcr_semihost_nf.a
LOAD c:/nxp/mcuxpressoide_11.0.1_2563/ide/plugins/com.nxp.mcuxpresso.tools.win32_11.0.1.201907311258/tools/bin/../lib/gcc/arm-none-eabi/8.2.1/../../../../arm-none-eabi/lib/thumb/v6-m/nofp\libcr_c.a
LOAD c:/nxp/mcuxpressoide_11.0.1_2563/ide/plugins/com.nxp.mcuxpresso.tools.win32_11.0.1.201907311258/tools/bin/../lib/gcc/arm-none-eabi/8.2.1/thumb/v6-m/nofp\libcr_eabihelpers.a
LOAD c:/nxp/mcuxpressoide_11.0.1_2563/ide/plugins/com.nxp.mcuxpresso.tools.win32_11.0.1.201907311258/tools/bin/../lib/gcc/arm-none-eabi/8.2.1/thumb/v6-m/nofp\libgcc.a
END GROUP
                0x00000000                __base_PROGRAM_FLASH = 0x0
                0x00000000                __base_Flash = 0x0
                0x00020000                __top_PROGRAM_FLASH = 0x20000
                0x00020000                __top_Flash = 0x20000
                0x1ffff000                __base_SRAM = 0x1ffff000
                0x1ffff000                __base_RAM = 0x1ffff000
                0x20003000                __top_SRAM = 0x20003000
                0x20003000                __top_RAM = 0x20003000

.text           0x00000000     0x7628
 FILL mask 0xff
                0x00000000                __vectors_start__ = ABSOLUTE (.)
 *(SORT_BY_ALIGNMENT(.isr_vector))
 .isr_vector    0x00000000       0xc0 ./startup/startup_mkl25z4.o
                0x00000000                g_pfnVectors
                0x00000000                __Vectors
                0x000000c0                . = ALIGN (0x4)
                0x000000c0                __section_table_start = .
                0x000000c0                __data_section_table = .
                0x000000c0        0x4 LONG 0x7628 LOADADDR (.data)
                0x000000c4        0x4 LONG 0x1ffff080 ADDR (.data)
                0x000000c8        0x4 LONG 0x10 SIZEOF (.data)
                0x000000cc                __data_section_table_end = .
                0x000000cc                __bss_section_table = .
                0x000000cc        0x4 LONG 0x1ffff090 ADDR (.bss)
                0x000000d0        0x4 LONG 0x198 SIZEOF (.bss)
                0x000000d4                __bss_section_table_end = .
                0x000000d4                __section_table_end = .
 *(SORT_BY_ALIGNMENT(.after_vectors*))
 .after_vectors.reset
                0x000000d4       0x4c ./startup/startup_mkl25z4.o
                0x000000d4                ResetISR
 .after_vectors.init_data
                0x00000120       0x12 ./startup/startup_mkl25z4.o
                0x00000120                data_init
 .after_vectors.init_bss
                0x00000132       0x10 ./startup/startup_mkl25z4.o
                0x00000132                bss_init
 .after_vectors
                0x00000142      0x10c ./startup/startup_mkl25z4.o
                0x00000142                NMI_Handler
                0x00000146                SVC_Handler
                0x00000148                PendSV_Handler
                0x0000014a                SysTick_Handler
                0x0000014c                LPTMR0_DriverIRQHandler
                0x0000014c                SPI1_DriverIRQHandler
                0x0000014c                PORTD_DriverIRQHandler
                0x0000014c                Reserved39_DriverIRQHandler
                0x0000014c                CMP0_DriverIRQHandler
                0x0000014c                ADC0_DriverIRQHandler
                0x0000014c                SPI0_DriverIRQHandler
                0x0000014c                TPM2_DriverIRQHandler
                0x0000014c                LVD_LVW_DriverIRQHandler
                0x0000014c                PIT_DriverIRQHandler
                0x0000014c                TSI0_DriverIRQHandler
                0x0000014c                RTC_Seconds_DriverIRQHandler
                0x0000014c                RTC_DriverIRQHandler
                0x0000014c                TPM1_DriverIRQHandler
                0x0000014c                LLWU_DriverIRQHandler
                0x0000014c                MCG_DriverIRQHandler
                0x0000014c                PORTA_DriverIRQHandler
                0x0000014c                Reserved45_DriverIRQHandler
                0x0000014c                Reserved20_DriverIRQHandler
                0x0000014c                FTFA_DriverIRQHandler
                0x0000014c                IntDefaultHandler
                0x0000014c                USB0_DriverIRQHandler
                0x0000014c                DAC0_DriverIRQHandler
                0x0000014c                TPM0_DriverIRQHandler
                0x0000014e                DMA0_IRQHandler
                0x00000156                DMA1_IRQHandler
                0x0000015e                DMA2_IRQHandler
                0x00000166                DMA3_IRQHandler
                0x0000016e                Reserved20_IRQHandler
                0x00000176                FTFA_IRQHandler
                0x0000017e                LVD_LVW_IRQHandler
                0x00000186                LLWU_IRQHandler
                0x0000018e                I2C0_IRQHandler
                0x00000196                I2C1_IRQHandler
                0x0000019e                SPI0_IRQHandler
                0x000001a6                SPI1_IRQHandler
                0x000001ae                UART0_IRQHandler
                0x000001b6                UART1_IRQHandler
                0x000001be                UART2_IRQHandler
                0x000001c6                ADC0_IRQHandler
                0x000001ce                CMP0_IRQHandler
                0x000001d6                TPM0_IRQHandler
                0x000001de                TPM1_IRQHandler
                0x000001e6                TPM2_IRQHandler
                0x000001ee                RTC_IRQHandler
                0x000001f6                RTC_Seconds_IRQHandler
                0x000001fe                PIT_IRQHandler
                0x00000206                Reserved39_IRQHandler
                0x0000020e                USB0_IRQHandler
                0x00000216                DAC0_IRQHandler
                0x0000021e                TSI0_IRQHandler
                0x00000226                MCG_IRQHandler
                0x0000022e                LPTMR0_IRQHandler
                0x00000236                Reserved45_IRQHandler
                0x0000023e                PORTA_IRQHandler
                0x00000246                PORTD_IRQHandler
                0x00000400                . = 0x400
 *fill*         0x0000024e      0x1b2 ff
                0x00000400                PROVIDE (__FLASH_CONFIG_START__ = .)
 *(SORT_BY_ALIGNMENT(.FlashConfig))
 .FlashConfig   0x00000400       0x10 ./startup/startup_mkl25z4.o
                0x00000400                Flash_Config
                0x00000410                PROVIDE (__FLASH_CONFIG_END__ = .)
                0x00000001                ASSERT (! ((__FLASH_CONFIG_START__ == __FLASH_CONFIG_END__)), Linker Flash Config Support Enabled, but no .FlashConfig section provided within application)
 *(SORT_BY_ALIGNMENT(.text*))
 .text.DbgConsole_Init
                0x00000410       0xf0 ./utilities/fsl_debug_console.o
                0x00000410                DbgConsole_Init
 .text.CLOCK_EnableClock
                0x00000500       0x34 ./source/i2c_read_accel_value_transfer.o
 .text.CLOCK_SetLpsci0Clock
                0x00000534       0x38 ./source/i2c_read_accel_value_transfer.o
 .text.DMAMUX_EnableChannel
                0x0000056c       0x40 ./source/i2c_read_accel_value_transfer.o
 .text.DMAMUX_SetSource
                0x000005ac       0x50 ./source/i2c_read_accel_value_transfer.o
 .text.PORT_SetPinConfig
                0x000005fc       0x38 ./source/i2c_read_accel_value_transfer.o
 .text.BOARD_I2C_ReleaseBus
                0x00000634      0x124 ./source/i2c_read_accel_value_transfer.o
                0x00000634                BOARD_I2C_ReleaseBus
 .text.i2c_master_callback
                0x00000758       0x48 ./source/i2c_read_accel_value_transfer.o
 .text.I2C_ReadAccelWhoAmI
                0x000007a0      0x254 ./source/i2c_read_accel_value_transfer.o
 .text.I2C_WriteAccelReg
                0x000009f4       0xc0 ./source/i2c_read_accel_value_transfer.o
 .text.I2C_ReadAccelRegs
                0x00000ab4       0xc0 ./source/i2c_read_accel_value_transfer.o
 .text.LPSCI_UserCallback
                0x00000b74       0x58 ./source/i2c_read_accel_value_transfer.o
                0x00000b74                LPSCI_UserCallback
 .text.main     0x00000bcc      0x454 ./source/i2c_read_accel_value_transfer.o
                0x00000bcc                main
 .text.HardFault_Handler
                0x00001020       0x30 ./source/semihost_hardfault.o
                0x00001020                HardFault_Handler
 .text.CLOCK_SetEr32kClock
                0x00001050       0x34 ./drivers/fsl_clock.o
 .text.CLOCK_SetPllFllSelClock
                0x00001084       0x38 ./drivers/fsl_clock.o
 .text.CLOCK_GetMcgExtClkFreq
                0x000010bc       0x28 ./drivers/fsl_clock.o
 .text.CLOCK_GetFllExtRefClkFreq
                0x000010e4       0xa4 ./drivers/fsl_clock.o
 .text.CLOCK_GetInternalRefClkSelectFreq
                0x00001188       0x40 ./drivers/fsl_clock.o
 .text.CLOCK_GetFllRefClkFreq
                0x000011c8       0x2c ./drivers/fsl_clock.o
 .text.CLOCK_GetOscRangeFromFreq
                0x000011f4       0x4c ./drivers/fsl_clock.o
 .text.CLOCK_GetOsc0ErClkFreq
                0x00001240       0x3c ./drivers/fsl_clock.o
                0x00001240                CLOCK_GetOsc0ErClkFreq
 .text.CLOCK_GetEr32kClkFreq
                0x0000127c       0x74 ./drivers/fsl_clock.o
                0x0000127c                CLOCK_GetEr32kClkFreq
 .text.CLOCK_GetPllFllSelClkFreq
                0x000012f0       0x4c ./drivers/fsl_clock.o
                0x000012f0                CLOCK_GetPllFllSelClkFreq
 .text.CLOCK_GetFreq
                0x0000133c       0xe0 ./drivers/fsl_clock.o
                0x0000133c                CLOCK_GetFreq
 .text.CLOCK_SetSimConfig
                0x0000141c       0x38 ./drivers/fsl_clock.o
                0x0000141c                CLOCK_SetSimConfig
 .text.CLOCK_GetOutClkFreq
                0x00001454       0x68 ./drivers/fsl_clock.o
                0x00001454                CLOCK_GetOutClkFreq
 .text.CLOCK_GetFllFreq
                0x000014bc       0x84 ./drivers/fsl_clock.o
                0x000014bc                CLOCK_GetFllFreq
 .text.CLOCK_GetInternalRefClkFreq
                0x00001540       0x28 ./drivers/fsl_clock.o
                0x00001540                CLOCK_GetInternalRefClkFreq
 .text.CLOCK_GetPll0Freq
                0x00001568       0x70 ./drivers/fsl_clock.o
                0x00001568                CLOCK_GetPll0Freq
 .text.CLOCK_SetInternalRefClkConfig
                0x000015d8      0x124 ./drivers/fsl_clock.o
                0x000015d8                CLOCK_SetInternalRefClkConfig
 .text.CLOCK_EnablePll0
                0x000016fc       0x90 ./drivers/fsl_clock.o
                0x000016fc                CLOCK_EnablePll0
 .text.CLOCK_InitOsc0
                0x0000178c       0x94 ./drivers/fsl_clock.o
                0x0000178c                CLOCK_InitOsc0
 .text.CLOCK_SetPbeMode
                0x00001820       0xb0 ./drivers/fsl_clock.o
                0x00001820                CLOCK_SetPbeMode
 .text.CLOCK_BootToPeeMode
                0x000018d0       0x70 ./drivers/fsl_clock.o
                0x000018d0                CLOCK_BootToPeeMode
 .text.NVIC_EnableIRQ
                0x00001940       0x2c ./drivers/fsl_dma.o
 .text.CLOCK_EnableClock
                0x0000196c       0x34 ./drivers/fsl_dma.o
 .text.DMA_EnableInterrupts
                0x000019a0       0x4c ./drivers/fsl_dma.o
 .text.DMA_ClearChannelStatusFlags
                0x000019ec       0x54 ./drivers/fsl_dma.o
 .text.DMA_GetInstance
                0x00001a40       0x48 ./drivers/fsl_dma.o
 .text.DMA_Init
                0x00001a88       0x24 ./drivers/fsl_dma.o
                0x00001a88                DMA_Init
 .text.DMA_ResetChannel
                0x00001aac       0x90 ./drivers/fsl_dma.o
                0x00001aac                DMA_ResetChannel
 .text.DMA_SetTransferConfig
                0x00001b3c       0xdc ./drivers/fsl_dma.o
                0x00001b3c                DMA_SetTransferConfig
 .text.DMA_CreateHandle
                0x00001c18       0x90 ./drivers/fsl_dma.o
                0x00001c18                DMA_CreateHandle
 .text.DMA_PrepareTransfer
                0x00001ca8      0x130 ./drivers/fsl_dma.o
                0x00001ca8                DMA_PrepareTransfer
 .text.DMA_SetCallback
                0x00001dd8       0x34 ./drivers/fsl_dma.o
                0x00001dd8                DMA_SetCallback
 .text.DMA_SubmitTransfer
                0x00001e0c       0x9c ./drivers/fsl_dma.o
                0x00001e0c                DMA_SubmitTransfer
 .text.DMA_HandleIRQ
                0x00001ea8       0x4c ./drivers/fsl_dma.o
                0x00001ea8                DMA_HandleIRQ
 .text.DMA0_DriverIRQHandler
                0x00001ef4       0x18 ./drivers/fsl_dma.o
                0x00001ef4                DMA0_DriverIRQHandler
 .text.DMA1_DriverIRQHandler
                0x00001f0c       0x18 ./drivers/fsl_dma.o
                0x00001f0c                DMA1_DriverIRQHandler
 .text.DMA2_DriverIRQHandler
                0x00001f24       0x18 ./drivers/fsl_dma.o
                0x00001f24                DMA2_DriverIRQHandler
 .text.DMA3_DriverIRQHandler
                0x00001f3c       0x18 ./drivers/fsl_dma.o
                0x00001f3c                DMA3_DriverIRQHandler
 .text.CLOCK_EnableClock
                0x00001f54       0x34 ./drivers/fsl_dmamux.o
 .text.DMAMUX_GetInstance
                0x00001f88       0x48 ./drivers/fsl_dmamux.o
 .text.DMAMUX_Init
                0x00001fd0       0x24 ./drivers/fsl_dmamux.o
                0x00001fd0                DMAMUX_Init
 .text.GPIO_PinInit
                0x00001ff4       0x64 ./drivers/fsl_gpio.o
                0x00001ff4                GPIO_PinInit
 .text.NVIC_EnableIRQ
                0x00002058       0x2c ./drivers/fsl_i2c.o
 .text.CLOCK_EnableClock
                0x00002084       0x34 ./drivers/fsl_i2c.o
 .text.I2C_GetInstance
                0x000020b8       0x4c ./drivers/fsl_i2c.o
                0x000020b8                I2C_GetInstance
 .text.I2C_InitTransferStateMachine
                0x00002104       0x9c ./drivers/fsl_i2c.o
 .text.I2C_CheckAndClearError
                0x000021a0       0x40 ./drivers/fsl_i2c.o
 .text.I2C_MasterTransferRunStateMachine
                0x000021e0      0x264 ./drivers/fsl_i2c.o
 .text.I2C_TransferCommonIRQHandler
                0x00002444       0x54 ./drivers/fsl_i2c.o
 .text.I2C_MasterInit
                0x00002498       0xfc ./drivers/fsl_i2c.o
                0x00002498                I2C_MasterInit
 .text.I2C_MasterGetDefaultConfig
                0x00002594       0x40 ./drivers/fsl_i2c.o
                0x00002594                I2C_MasterGetDefaultConfig
 .text.I2C_MasterSetBaudRate
                0x000025d4       0xf0 ./drivers/fsl_i2c.o
                0x000025d4                I2C_MasterSetBaudRate
 .text.I2C_MasterStart
                0x000026c4       0x74 ./drivers/fsl_i2c.o
                0x000026c4                I2C_MasterStart
 .text.I2C_MasterRepeatedStart
                0x00002738       0xbc ./drivers/fsl_i2c.o
                0x00002738                I2C_MasterRepeatedStart
 .text.I2C_MasterTransferCreateHandle
                0x000027f4       0x7c ./drivers/fsl_i2c.o
                0x000027f4                I2C_MasterTransferCreateHandle
 .text.I2C_MasterTransferNonBlocking
                0x00002870       0x70 ./drivers/fsl_i2c.o
                0x00002870                I2C_MasterTransferNonBlocking
 .text.I2C_MasterTransferHandleIRQ
                0x000028e0       0xbc ./drivers/fsl_i2c.o
                0x000028e0                I2C_MasterTransferHandleIRQ
 .text.I2C0_DriverIRQHandler
                0x0000299c       0x20 ./drivers/fsl_i2c.o
                0x0000299c                I2C0_DriverIRQHandler
 .text.I2C1_DriverIRQHandler
                0x000029bc       0x20 ./drivers/fsl_i2c.o
                0x000029bc                I2C1_DriverIRQHandler
 .text.CLOCK_EnableClock
                0x000029dc       0x34 ./drivers/fsl_lpsci.o
 .text.LPSCI_GetInstance
                0x00002a10       0x48 ./drivers/fsl_lpsci.o
                0x00002a10                LPSCI_GetInstance
 .text.LPSCI_Init
                0x00002a58      0x258 ./drivers/fsl_lpsci.o
                0x00002a58                LPSCI_Init
 .text.LPSCI_GetDefaultConfig
                0x00002cb0       0x44 ./drivers/fsl_lpsci.o
                0x00002cb0                LPSCI_GetDefaultConfig
 .text.LPSCI_ClearStatusFlags
                0x00002cf4       0x94 ./drivers/fsl_lpsci.o
                0x00002cf4                LPSCI_ClearStatusFlags
 .text.LPSCI_WriteBlocking
                0x00002d88       0x4c ./drivers/fsl_lpsci.o
                0x00002d88                LPSCI_WriteBlocking
 .text.LPSCI_ReadBlocking
                0x00002dd4       0xc0 ./drivers/fsl_lpsci.o
                0x00002dd4                LPSCI_ReadBlocking
 .text.UART0_DriverIRQHandler
                0x00002e94       0x24 ./drivers/fsl_lpsci.o
                0x00002e94                UART0_DriverIRQHandler
 .text.DMA_DisableInterrupts
                0x00002eb8       0x48 ./drivers/fsl_lpsci_dma.o
 .text.DMA_StartTransfer
                0x00002f00       0x54 ./drivers/fsl_lpsci_dma.o
 .text.LPSCI_TransferSendDMACallback
                0x00002f54       0x84 ./drivers/fsl_lpsci_dma.o
 .text.LPSCI_TransferReceiveDMACallback
                0x00002fd8       0x84 ./drivers/fsl_lpsci_dma.o
 .text.LPSCI_TransferCreateHandleDMA
                0x0000305c       0xb8 ./drivers/fsl_lpsci_dma.o
                0x0000305c                LPSCI_TransferCreateHandleDMA
 .text.LPSCI_TransferSendDMA
                0x00003114       0xe8 ./drivers/fsl_lpsci_dma.o
                0x00003114                LPSCI_TransferSendDMA
 .text.CLOCK_EnableClock
                0x000031fc       0x34 ./drivers/fsl_uart.o
 .text.UART_GetInstance
                0x00003230       0x54 ./drivers/fsl_uart.o
                0x00003230                UART_GetInstance
 .text.UART_Init
                0x00003284      0x1e0 ./drivers/fsl_uart.o
                0x00003284                UART_Init
 .text.UART_GetDefaultConfig
                0x00003464       0x44 ./drivers/fsl_uart.o
                0x00003464                UART_GetDefaultConfig
 .text.UART_ReadBlocking
                0x000034a8       0x98 ./drivers/fsl_uart.o
                0x000034a8                UART_ReadBlocking
 .text.UART1_DriverIRQHandler
                0x00003540       0x24 ./drivers/fsl_uart.o
                0x00003540                UART1_DriverIRQHandler
 .text.UART2_DriverIRQHandler
                0x00003564       0x24 ./drivers/fsl_uart.o
                0x00003564                UART2_DriverIRQHandler
 .text.CLOCK_SetLpsci0Clock
                0x00003588       0x38 ./board/board.o
 .text.BOARD_InitDebugConsole
                0x000035c0       0x30 ./board/board.o
                0x000035c0                BOARD_InitDebugConsole
 .text.CLOCK_SetSimSafeDivs
                0x000035f0       0x20 ./board/clock_config.o
 .text.CLOCK_SetXtal0Freq
                0x00003610       0x1c ./board/clock_config.o
 .text.CLOCK_CONFIG_SetFllExtRefDiv
                0x0000362c       0x3c ./board/clock_config.o
 .text.BOARD_BootClockRUN
                0x00003668       0x64 ./board/clock_config.o
                0x00003668                BOARD_BootClockRUN
 .text.CLOCK_EnableClock
                0x000036cc       0x34 ./board/pin_mux.o
 .text.PORT_SetPinConfig
                0x00003700       0x38 ./board/pin_mux.o
 .text.PORT_SetPinMux
                0x00003738       0x40 ./board/pin_mux.o
 .text.BOARD_InitPins
                0x00003778       0x74 ./board/pin_mux.o
                0x00003778                BOARD_InitPins
 .text.BOARD_I2C_ConfigurePins
                0x000037ec       0x8c ./board/pin_mux.o
                0x000037ec                BOARD_I2C_ConfigurePins
 .text.SystemInit
                0x00003878       0x18 ./CMSIS/system_MKL25Z4.o
                0x00003878                SystemInit
 .text.__assertion_failed
                0x00003890       0x4c c:/nxp/mcuxpressoide_11.0.1_2563/ide/plugins/com.nxp.mcuxpresso.tools.win32_11.0.1.201907311258/tools/bin/../lib/gcc/arm-none-eabi/8.2.1/../../../../arm-none-eabi/lib/thumb/v6-m/nofp\libcr_semihost_nf.a(_cr_assert.o)
                0x00003890                __assertion_failed
 .text.__sys_appexit
                0x000038dc        0xc c:/nxp/mcuxpressoide_11.0.1_2563/ide/plugins/com.nxp.mcuxpresso.tools.win32_11.0.1.201907311258/tools/bin/../lib/gcc/arm-none-eabi/8.2.1/../../../../arm-none-eabi/lib/thumb/v6-m/nofp\libcr_semihost_nf.a(__sys_appexit.o)
                0x000038dc                __sys_appexit
                0x000038dc                __exit
 .text._deferredlazyseek
                0x000038e8       0x40 c:/nxp/mcuxpressoide_11.0.1_2563/ide/plugins/com.nxp.mcuxpresso.tools.win32_11.0.1.201907311258/tools/bin/../lib/gcc/arm-none-eabi/8.2.1/../../../../arm-none-eabi/lib/thumb/v6-m/nofp\libcr_c.a(_deferredlazyseek.o)
                0x000038e8                _deferredlazyseek
 .text.__flsbuf
                0x00003928      0x14c c:/nxp/mcuxpressoide_11.0.1_2563/ide/plugins/com.nxp.mcuxpresso.tools.win32_11.0.1.201907311258/tools/bin/../lib/gcc/arm-none-eabi/8.2.1/../../../../arm-none-eabi/lib/thumb/v6-m/nofp\libcr_c.a(_deferredlazyseek.o)
                0x00003928                __flsbuf
 .text._fflush  0x00003a74       0x5c c:/nxp/mcuxpressoide_11.0.1_2563/ide/plugins/com.nxp.mcuxpresso.tools.win32_11.0.1.201907311258/tools/bin/../lib/gcc/arm-none-eabi/8.2.1/../../../../arm-none-eabi/lib/thumb/v6-m/nofp\libcr_c.a(_fflush.o)
                0x00003a74                _fflush
 .text._Cwritebuf
                0x00003ad0       0x68 c:/nxp/mcuxpressoide_11.0.1_2563/ide/plugins/com.nxp.mcuxpresso.tools.win32_11.0.1.201907311258/tools/bin/../lib/gcc/arm-none-eabi/8.2.1/../../../../arm-none-eabi/lib/thumb/v6-m/nofp\libcr_c.a(_writebuf.o)
                0x00003ad0                _Cwritebuf
 .text.malloc   0x00003b38       0xcc c:/nxp/mcuxpressoide_11.0.1_2563/ide/plugins/com.nxp.mcuxpresso.tools.win32_11.0.1.201907311258/tools/bin/../lib/gcc/arm-none-eabi/8.2.1/../../../../arm-none-eabi/lib/thumb/v6-m/nofp\libcr_c.a(alloc.o)
                0x00003b38                malloc
 .text._Csys_alloc
                0x00003c04       0x20 c:/nxp/mcuxpressoide_11.0.1_2563/ide/plugins/com.nxp.mcuxpresso.tools.win32_11.0.1.201907311258/tools/bin/../lib/gcc/arm-none-eabi/8.2.1/../../../../arm-none-eabi/lib/thumb/v6-m/nofp\libcr_c.a(alloc.o)
                0x00003c04                _Csys_alloc
 .text.fseek    0x00003c24       0xf0 c:/nxp/mcuxpressoide_11.0.1_2563/ide/plugins/com.nxp.mcuxpresso.tools.win32_11.0.1.201907311258/tools/bin/../lib/gcc/arm-none-eabi/8.2.1/../../../../arm-none-eabi/lib/thumb/v6-m/nofp\libcr_c.a(fseek.o)
                0x00003c24                fseek
 .text.ftell    0x00003d14       0x48 c:/nxp/mcuxpressoide_11.0.1_2563/ide/plugins/com.nxp.mcuxpresso.tools.win32_11.0.1.201907311258/tools/bin/../lib/gcc/arm-none-eabi/8.2.1/../../../../arm-none-eabi/lib/thumb/v6-m/nofp\libcr_c.a(ftell.o)
                0x00003d14                ftell
 .text._initio  0x00003d5c       0x7c c:/nxp/mcuxpressoide_11.0.1_2563/ide/plugins/com.nxp.mcuxpresso.tools.win32_11.0.1.201907311258/tools/bin/../lib/gcc/arm-none-eabi/8.2.1/../../../../arm-none-eabi/lib/thumb/v6-m/nofp\libcr_c.a(initio.o)
                0x00003d5c                _initio
 .text.__vfprintf
                0x00003dd8      0xcd8 c:/nxp/mcuxpressoide_11.0.1_2563/ide/plugins/com.nxp.mcuxpresso.tools.win32_11.0.1.201907311258/tools/bin/../lib/gcc/arm-none-eabi/8.2.1/../../../../arm-none-eabi/lib/thumb/v6-m/nofp\libcr_c.a(printf.o)
                0x00003dd8                __vfprintf
 .text._vsnprintf
                0x00004ab0       0x70 c:/nxp/mcuxpressoide_11.0.1_2563/ide/plugins/com.nxp.mcuxpresso.tools.win32_11.0.1.201907311258/tools/bin/../lib/gcc/arm-none-eabi/8.2.1/../../../../arm-none-eabi/lib/thumb/v6-m/nofp\libcr_c.a(printf.o)
                0x00004ab0                _vsnprintf
 .text._printf  0x00004b20       0x50 c:/nxp/mcuxpressoide_11.0.1_2563/ide/plugins/com.nxp.mcuxpresso.tools.win32_11.0.1.201907311258/tools/bin/../lib/gcc/arm-none-eabi/8.2.1/../../../../arm-none-eabi/lib/thumb/v6-m/nofp\libcr_c.a(printf.o)
                0x00004b20                _printf
 .text.setvbuf  0x00004b70       0x4c c:/nxp/mcuxpressoide_11.0.1_2563/ide/plugins/com.nxp.mcuxpresso.tools.win32_11.0.1.201907311258/tools/bin/../lib/gcc/arm-none-eabi/8.2.1/../../../../arm-none-eabi/lib/thumb/v6-m/nofp\libcr_c.a(setvbuf.o)
                0x00004b70                setvbuf
 .text.strlen   0x00004bbc       0x58 c:/nxp/mcuxpressoide_11.0.1_2563/ide/plugins/com.nxp.mcuxpresso.tools.win32_11.0.1.201907311258/tools/bin/../lib/gcc/arm-none-eabi/8.2.1/../../../../arm-none-eabi/lib/thumb/v6-m/nofp\libcr_c.a(strlen.o)
                0x00004bbc                strlen
 .text._sbrk    0x00004c14       0x40 c:/nxp/mcuxpressoide_11.0.1_2563/ide/plugins/com.nxp.mcuxpresso.tools.win32_11.0.1.201907311258/tools/bin/../lib/gcc/arm-none-eabi/8.2.1/../../../../arm-none-eabi/lib/thumb/v6-m/nofp\libcr_c.a(_cr_sbrk.o)
                0x00004c14                _sbrk
 .text._fdopen  0x00004c54       0x74 c:/nxp/mcuxpressoide_11.0.1_2563/ide/plugins/com.nxp.mcuxpresso.tools.win32_11.0.1.201907311258/tools/bin/../lib/gcc/arm-none-eabi/8.2.1/../../../../arm-none-eabi/lib/thumb/v6-m/nofp\libcr_c.a(_fdopen.o)
                0x00004c54                _fdopen
 .text.fclose   0x00004cc8       0x5c c:/nxp/mcuxpressoide_11.0.1_2563/ide/plugins/com.nxp.mcuxpresso.tools.win32_11.0.1.201907311258/tools/bin/../lib/gcc/arm-none-eabi/8.2.1/../../../../arm-none-eabi/lib/thumb/v6-m/nofp\libcr_c.a(fclose.o)
                0x00004cc8                fclose
 .text.fflush   0x00004d24       0x44 c:/nxp/mcuxpressoide_11.0.1_2563/ide/plugins/com.nxp.mcuxpresso.tools.win32_11.0.1.201907311258/tools/bin/../lib/gcc/arm-none-eabi/8.2.1/../../../../arm-none-eabi/lib/thumb/v6-m/nofp\libcr_c.a(fflush.o)
                0x00004d24                fflush
 .text.__check_heap_overflow
                0x00004d68       0x14 c:/nxp/mcuxpressoide_11.0.1_2563/ide/plugins/com.nxp.mcuxpresso.tools.win32_11.0.1.201907311258/tools/bin/../lib/gcc/arm-none-eabi/8.2.1/../../../../arm-none-eabi/lib/thumb/v6-m/nofp\libcr_c.a(_cr_check_heap.o)
                0x00004d68                __check_heap_overflow
 .text._do_fflush
                0x00004d7c       0x44 c:/nxp/mcuxpressoide_11.0.1_2563/ide/plugins/com.nxp.mcuxpresso.tools.win32_11.0.1.201907311258/tools/bin/../lib/gcc/arm-none-eabi/8.2.1/../../../../arm-none-eabi/lib/thumb/v6-m/nofp\libcr_c.a(_do_fflush.o)
                0x00004d7c                _do_fflush
 .text.__aeabi_dmul
                0x00004dc0      0x188 c:/nxp/mcuxpressoide_11.0.1_2563/ide/plugins/com.nxp.mcuxpresso.tools.win32_11.0.1.201907311258/tools/bin/../lib/gcc/arm-none-eabi/8.2.1/thumb/v6-m/nofp\libcr_eabihelpers.a(double.o)
                0x00004dc0                __aeabi_dmul
 .text.__aeabi_dsub
                0x00004f48      0x1c4 c:/nxp/mcuxpressoide_11.0.1_2563/ide/plugins/com.nxp.mcuxpresso.tools.win32_11.0.1.201907311258/tools/bin/../lib/gcc/arm-none-eabi/8.2.1/thumb/v6-m/nofp\libcr_eabihelpers.a(double.o)
                0x00004f48                __aeabi_dsub
 .text.__aeabi_dadd
                0x0000510c      0x12c c:/nxp/mcuxpressoide_11.0.1_2563/ide/plugins/com.nxp.mcuxpresso.tools.win32_11.0.1.201907311258/tools/bin/../lib/gcc/arm-none-eabi/8.2.1/thumb/v6-m/nofp\libcr_eabihelpers.a(double.o)
                0x0000510c                __aeabi_dadd
 .text.__aeabi_d2iz
                0x00005238       0x4c c:/nxp/mcuxpressoide_11.0.1_2563/ide/plugins/com.nxp.mcuxpresso.tools.win32_11.0.1.201907311258/tools/bin/../lib/gcc/arm-none-eabi/8.2.1/thumb/v6-m/nofp\libcr_eabihelpers.a(double.o)
                0x00005238                __aeabi_d2iz
 .text.UART_EnableTx
                0x00005284       0x40 ./utilities/fsl_debug_console.o
 .text.UART_EnableRx
                0x000052c4       0x40 ./utilities/fsl_debug_console.o
 .text.LPSCI_EnableTx
                0x00005304       0x40 ./utilities/fsl_debug_console.o
 .text.LPSCI_EnableRx
                0x00005344       0x40 ./utilities/fsl_debug_console.o
 .text.GPIO_WritePinOutput
                0x00005384       0x34 ./source/i2c_read_accel_value_transfer.o
 .text.i2c_release_bus_delay
                0x000053b8       0x26 ./source/i2c_read_accel_value_transfer.o
 .text.delay_ms
                0x000053de       0x42 ./source/i2c_read_accel_value_transfer.o
                0x000053de                delay_ms
 .text.OSC_SetExtRefClkConfig
                0x00005420       0x3e ./drivers/fsl_clock.o
 .text.OSC_SetCapLoad
                0x0000545e       0x42 ./drivers/fsl_clock.o
 .text.CLOCK_GetPll0RefFreq
                0x000054a0       0x10 ./drivers/fsl_clock.o
 .text.CLOCK_GetFixedFreqClkFreq
                0x000054b0       0x30 ./drivers/fsl_clock.o
                0x000054b0                CLOCK_GetFixedFreqClkFreq
 .text.CLOCK_SetExternalRefClkConfig
                0x000054e0       0x16 ./drivers/fsl_clock.o
                0x000054e0                CLOCK_SetExternalRefClkConfig
 .text.EnableIRQ
                0x000054f6       0x2c ./drivers/fsl_dma.o
 .text.GPIO_WritePinOutput
                0x00005522       0x34 ./drivers/fsl_gpio.o
 .text.EnableIRQ
                0x00005556       0x2c ./drivers/fsl_i2c.o
 .text.I2C_MasterClearStatusFlags
                0x00005582       0x38 ./drivers/fsl_i2c.o
 .text.I2C_EnableInterrupts
                0x000055ba       0x5c ./drivers/fsl_i2c.o
                0x000055ba                I2C_EnableInterrupts
 .text.I2C_DisableInterrupts
                0x00005616       0x42 ./drivers/fsl_i2c.o
                0x00005616                I2C_DisableInterrupts
 .text.I2C_MasterStop
                0x00005658       0x64 ./drivers/fsl_i2c.o
                0x00005658                I2C_MasterStop
 .text.I2C_MasterGetStatusFlags
                0x000056bc       0x32 ./drivers/fsl_i2c.o
                0x000056bc                I2C_MasterGetStatusFlags
 .text.LPSCI_GetStatusFlags
                0x000056ee       0x26 ./drivers/fsl_lpsci.o
                0x000056ee                LPSCI_GetStatusFlags
 .text.LPSCI_GetDataRegisterAddress
                0x00005714       0x14 ./drivers/fsl_lpsci_dma.o
 .text.LPSCI_EnableTxDMA
                0x00005728       0x64 ./drivers/fsl_lpsci_dma.o
 .text.LPSCI_EnableRxDMA
                0x0000578c       0x60 ./drivers/fsl_lpsci_dma.o
 .text.UART_GetStatusFlags
                0x000057ec       0x26 ./drivers/fsl_uart.o
                0x000057ec                UART_GetStatusFlags
 .text.UART_WriteBlocking
                0x00005812       0x3a ./drivers/fsl_uart.o
                0x00005812                UART_WriteBlocking
 .text.__main   0x0000584c        0xc c:/nxp/mcuxpressoide_11.0.1_2563/ide/plugins/com.nxp.mcuxpresso.tools.win32_11.0.1.201907311258/tools/bin/../lib/gcc/arm-none-eabi/8.2.1/../../../../arm-none-eabi/lib/thumb/v6-m/nofp\libcr_semihost_nf.a(_cr__main.o)
                0x0000584c                __CR_SEMIHOST
                0x0000584c                __main
 .text.memset   0x00005858        0x8 c:/nxp/mcuxpressoide_11.0.1_2563/ide/plugins/com.nxp.mcuxpresso.tools.win32_11.0.1.201907311258/tools/bin/../lib/gcc/arm-none-eabi/8.2.1/../../../../arm-none-eabi/lib/thumb/v6-m/nofp\libcr_c.a(memset.o)
                0x00005858                memset
 .text.free     0x00005860       0x2c c:/nxp/mcuxpressoide_11.0.1_2563/ide/plugins/com.nxp.mcuxpresso.tools.win32_11.0.1.201907311258/tools/bin/../lib/gcc/arm-none-eabi/8.2.1/../../../../arm-none-eabi/lib/thumb/v6-m/nofp\libcr_c.a(alloc.o)
                0x00005860                free
 .text.fputs    0x0000588c       0x2e c:/nxp/mcuxpressoide_11.0.1_2563/ide/plugins/com.nxp.mcuxpresso.tools.win32_11.0.1.201907311258/tools/bin/../lib/gcc/arm-none-eabi/8.2.1/../../../../arm-none-eabi/lib/thumb/v6-m/nofp\libcr_c.a(fputs.o)
                0x0000588c                fputs
 .text.no_fp_display
                0x000058ba        0x4 c:/nxp/mcuxpressoide_11.0.1_2563/ide/plugins/com.nxp.mcuxpresso.tools.win32_11.0.1.201907311258/tools/bin/../lib/gcc/arm-none-eabi/8.2.1/../../../../arm-none-eabi/lib/thumb/v6-m/nofp\libcr_c.a(printf.o)
 .text.remove   0x000058be       0x12 c:/nxp/mcuxpressoide_11.0.1_2563/ide/plugins/com.nxp.mcuxpresso.tools.win32_11.0.1.201907311258/tools/bin/../lib/gcc/arm-none-eabi/8.2.1/../../../../arm-none-eabi/lib/thumb/v6-m/nofp\libcr_c.a(remove.o)
                0x000058be                remove
 .text.__aeabi_division_idivmod
                0x000058d0       0x78 c:/nxp/mcuxpressoide_11.0.1_2563/ide/plugins/com.nxp.mcuxpresso.tools.win32_11.0.1.201907311258/tools/bin/../lib/gcc/arm-none-eabi/8.2.1/thumb/v6-m/nofp\libcr_eabihelpers.a(division_32.o)
                0x000058d0                __aeabi_idivmod
                0x000058d0                __aeabi_idiv
                0x000058d6                __aeabi_uidivmod
                0x000058d6                __aeabi_uidiv
 .text.__aeabi_division_idiv0
                0x00005948        0x2 c:/nxp/mcuxpressoide_11.0.1_2563/ide/plugins/com.nxp.mcuxpresso.tools.win32_11.0.1.201907311258/tools/bin/../lib/gcc/arm-none-eabi/8.2.1/thumb/v6-m/nofp\libcr_eabihelpers.a(division_idiv0.o)
                0x00005948                __aeabi_idiv0
 .text.__bhs_ui2d
                0x0000594a       0x5e c:/nxp/mcuxpressoide_11.0.1_2563/ide/plugins/com.nxp.mcuxpresso.tools.win32_11.0.1.201907311258/tools/bin/../lib/gcc/arm-none-eabi/8.2.1/thumb/v6-m/nofp\libcr_eabihelpers.a(double.o)
                0x0000594a                __bhs_ui2d
 .text.__aeabi_i2d
                0x000059a8       0x18 c:/nxp/mcuxpressoide_11.0.1_2563/ide/plugins/com.nxp.mcuxpresso.tools.win32_11.0.1.201907311258/tools/bin/../lib/gcc/arm-none-eabi/8.2.1/thumb/v6-m/nofp\libcr_eabihelpers.a(double.o)
                0x000059a8                __aeabi_i2d
 .text.__aeabi_llong_lmul
                0x000059c0       0x2e c:/nxp/mcuxpressoide_11.0.1_2563/ide/plugins/com.nxp.mcuxpresso.tools.win32_11.0.1.201907311258/tools/bin/../lib/gcc/arm-none-eabi/8.2.1/thumb/v6-m/nofp\libcr_eabihelpers.a(llong.o)
                0x000059c0                __aeabi_lmul
 .text.__aeabi_memset_lowlevel
                0x000059ee       0x2a c:/nxp/mcuxpressoide_11.0.1_2563/ide/plugins/com.nxp.mcuxpresso.tools.win32_11.0.1.201907311258/tools/bin/../lib/gcc/arm-none-eabi/8.2.1/thumb/v6-m/nofp\libcr_eabihelpers.a(memcpy.o)
                0x000059ee                __aeabi_lowlevel_memset
 .text.__sys_close
                0x00005a18        0xc c:/nxp/mcuxpressoide_11.0.1_2563/ide/plugins/com.nxp.mcuxpresso.tools.win32_11.0.1.201907311258/tools/bin/../lib/gcc/arm-none-eabi/8.2.1/../../../../arm-none-eabi/lib/thumb/v6-m/nofp\libcr_semihost_nf.a(__sys_close.o)
                0x00005a18                __sys_close
 .text.__sys_flen
                0x00005a24        0xc c:/nxp/mcuxpressoide_11.0.1_2563/ide/plugins/com.nxp.mcuxpresso.tools.win32_11.0.1.201907311258/tools/bin/../lib/gcc/arm-none-eabi/8.2.1/../../../../arm-none-eabi/lib/thumb/v6-m/nofp\libcr_semihost_nf.a(__sys_flen.o)
                0x00005a24                __sys_flen
 .text.__sys_istty
                0x00005a30        0xc c:/nxp/mcuxpressoide_11.0.1_2563/ide/plugins/com.nxp.mcuxpresso.tools.win32_11.0.1.201907311258/tools/bin/../lib/gcc/arm-none-eabi/8.2.1/../../../../arm-none-eabi/lib/thumb/v6-m/nofp\libcr_semihost_nf.a(__sys_istty.o)
                0x00005a30                __sys_istty
 .text.__sys_remove
                0x00005a3c        0xc c:/nxp/mcuxpressoide_11.0.1_2563/ide/plugins/com.nxp.mcuxpresso.tools.win32_11.0.1.201907311258/tools/bin/../lib/gcc/arm-none-eabi/8.2.1/../../../../arm-none-eabi/lib/thumb/v6-m/nofp\libcr_semihost_nf.a(__sys_remove.o)
                0x00005a3c                __sys_remove
 .text.__sys_seek
                0x00005a48        0xc c:/nxp/mcuxpressoide_11.0.1_2563/ide/plugins/com.nxp.mcuxpresso.tools.win32_11.0.1.201907311258/tools/bin/../lib/gcc/arm-none-eabi/8.2.1/../../../../arm-none-eabi/lib/thumb/v6-m/nofp\libcr_semihost_nf.a(__sys_seek.o)
                0x00005a48                __sys_seek
 .text.__sys_tmpnam
                0x00005a54        0xc c:/nxp/mcuxpressoide_11.0.1_2563/ide/plugins/com.nxp.mcuxpresso.tools.win32_11.0.1.201907311258/tools/bin/../lib/gcc/arm-none-eabi/8.2.1/../../../../arm-none-eabi/lib/thumb/v6-m/nofp\libcr_semihost_nf.a(__sys_tmpnam.o)
                0x00005a54                __sys_tmpnam
 .text.__sys_write
                0x00005a60        0xc c:/nxp/mcuxpressoide_11.0.1_2563/ide/plugins/com.nxp.mcuxpresso.tools.win32_11.0.1.201907311258/tools/bin/../lib/gcc/arm-none-eabi/8.2.1/../../../../arm-none-eabi/lib/thumb/v6-m/nofp\libcr_semihost_nf.a(__sys_write.o)
                0x00005a60                __sys_write
 *(SORT_BY_ALIGNMENT(.rodata) SORT_BY_ALIGNMENT(.rodata.*) SORT_BY_ALIGNMENT(.constdata) SORT_BY_ALIGNMENT(.constdata.*))
 .rodata        0x00005a6c      0x255 ./source/i2c_read_accel_value_transfer.o
 *fill*         0x00005cc1        0x3 ff
 .rodata.g_accel_address
                0x00005cc4        0x4 ./source/i2c_read_accel_value_transfer.o
                0x00005cc4                g_accel_address
 .rodata        0x00005cc8      0x11d ./drivers/fsl_clock.o
 *fill*         0x00005de5        0x3 ff
 .rodata.CLOCK_GetFreq
                0x00005de8       0x38 ./drivers/fsl_clock.o
 .rodata.fllFactorTable.5230
                0x00005e20       0x10 ./drivers/fsl_clock.o
 .rodata        0x00005e30      0x4ae ./drivers/fsl_dma.o
 *fill*         0x000062de        0x2 ff
 .rodata.s_dmaIRQNumber
                0x000062e0        0x4 ./drivers/fsl_dma.o
 .rodata        0x000062e4       0x42 ./drivers/fsl_dmamux.o
 *fill*         0x00006326        0x2 ff
 .rodata        0x00006328       0x62 ./drivers/fsl_gpio.o
 *fill*         0x0000638a        0x2 ff
 .rodata.s_i2cDividerTable
                0x0000638c       0x80 ./drivers/fsl_i2c.o
 .rodata.s_i2cBases
                0x0000640c        0x8 ./drivers/fsl_i2c.o
 .rodata.s_i2cIrqs
                0x00006414        0x2 ./drivers/fsl_i2c.o
 *fill*         0x00006416        0x2 ff
 .rodata.s_i2cClocks
                0x00006418        0x8 ./drivers/fsl_i2c.o
 .rodata        0x00006420      0x2f6 ./drivers/fsl_i2c.o
 *fill*         0x00006716        0x2 ff
 .rodata        0x00006718      0x48c ./drivers/fsl_lpsci.o
 .rodata        0x00006ba4      0x563 ./drivers/fsl_lpsci_dma.o
 *fill*         0x00007107        0x1 ff
 .rodata.s_uartBases
                0x00007108        0xc ./drivers/fsl_uart.o
 .rodata.s_uartClock
                0x00007114        0xc ./drivers/fsl_uart.o
 .rodata        0x00007120      0x45b ./drivers/fsl_uart.o
 *fill*         0x0000757b        0x1 ff
 .rodata.mcgConfig_BOARD_BootClockRUN
                0x0000757c        0xa ./board/clock_config.o
                0x0000757c                mcgConfig_BOARD_BootClockRUN
 *fill*         0x00007586        0x2 ff
 .rodata.simConfig_BOARD_BootClockRUN
                0x00007588        0x8 ./board/clock_config.o
                0x00007588                simConfig_BOARD_BootClockRUN
 .rodata.oscConfig_BOARD_BootClockRUN
                0x00007590        0x8 ./board/clock_config.o
                0x00007590                oscConfig_BOARD_BootClockRUN
 .rodata        0x00007598       0x23 ./board/pin_mux.o
 *fill*         0x000075bb        0x1 ff
 .rodata.__num_Ciob_streams
                0x000075bc        0x4 c:/nxp/mcuxpressoide_11.0.1_2563/ide/plugins/com.nxp.mcuxpresso.tools.win32_11.0.1.201907311258/tools/bin/../lib/gcc/arm-none-eabi/8.2.1/../../../../arm-none-eabi/lib/thumb/v6-m/nofp\libcr_semihost_nf.a(__ciob.o)
                0x000075bc                __num_Ciob_streams
 .rodata.__assertion_failed.str1.1
                0x000075c0       0x15 c:/nxp/mcuxpressoide_11.0.1_2563/ide/plugins/com.nxp.mcuxpresso.tools.win32_11.0.1.201907311258/tools/bin/../lib/gcc/arm-none-eabi/8.2.1/../../../../arm-none-eabi/lib/thumb/v6-m/nofp\libcr_semihost_nf.a(_cr_assert.o)
 .rodata._Csys_alloc.str1.1
                0x000075d5       0x18 c:/nxp/mcuxpressoide_11.0.1_2563/ide/plugins/com.nxp.mcuxpresso.tools.win32_11.0.1.201907311258/tools/bin/../lib/gcc/arm-none-eabi/8.2.1/../../../../arm-none-eabi/lib/thumb/v6-m/nofp\libcr_c.a(alloc.o)
 .rodata._initio.str1.1
                0x000075ed        0x4 c:/nxp/mcuxpressoide_11.0.1_2563/ide/plugins/com.nxp.mcuxpresso.tools.win32_11.0.1.201907311258/tools/bin/../lib/gcc/arm-none-eabi/8.2.1/../../../../arm-none-eabi/lib/thumb/v6-m/nofp\libcr_c.a(initio.o)
 .rodata.__vfprintf.str1.1
                0x000075f1       0x35 c:/nxp/mcuxpressoide_11.0.1_2563/ide/plugins/com.nxp.mcuxpresso.tools.win32_11.0.1.201907311258/tools/bin/../lib/gcc/arm-none-eabi/8.2.1/../../../../arm-none-eabi/lib/thumb/v6-m/nofp\libcr_c.a(printf.o)
                                 0x38 (size before relaxing)
                0x00007628                . = ALIGN (0x4)
 *fill*         0x00007626        0x2 ff

.glue_7         0x00007628        0x0
 .glue_7        0x00007628        0x0 linker stubs

.glue_7t        0x00007628        0x0
 .glue_7t       0x00007628        0x0 linker stubs

.vfp11_veneer   0x00007628        0x0
 .vfp11_veneer  0x00007628        0x0 linker stubs

.v4_bx          0x00007628        0x0
 .v4_bx         0x00007628        0x0 linker stubs

.iplt           0x00007628        0x0
 .iplt          0x00007628        0x0 ./utilities/fsl_debug_console.o

.rel.dyn        0x00007628        0x0
 .rel.iplt      0x00007628        0x0 ./utilities/fsl_debug_console.o

.ARM.extab
 *(SORT_BY_ALIGNMENT(.ARM.extab*) SORT_BY_ALIGNMENT(.gnu.linkonce.armextab.*))
                0x00007628                __exidx_start = .

.ARM.exidx
 *(SORT_BY_ALIGNMENT(.ARM.exidx*) SORT_BY_ALIGNMENT(.gnu.linkonce.armexidx.*))
                0x00007628                __exidx_end = .
                0x00007628                _etext = .

.m_usb_data
 *(SORT_BY_ALIGNMENT(m_usb_bdt))

.mtb_buffer_default
                0x1ffff000       0x80
 *(SORT_BY_ALIGNMENT(.mtb*))
 .mtb.$RAM1     0x1ffff000       0x80 ./source/mtb.o
                0x1ffff000                __mtb_buffer__

.uninit_RESERVED
                0x1ffff080        0x0
                0x1ffff080                . = ALIGN (0x4)
 *(SORT_BY_ALIGNMENT(.bss.$RESERVED*))
                0x1ffff080                . = ALIGN (0x4)
                0x1ffff080                _end_uninit_RESERVED = .

.data           0x1ffff080       0x10 load address 0x00007628
 FILL mask 0xff
                0x1ffff080                _data = .
 *(SORT_BY_ALIGNMENT(vtable))
 *(SORT_BY_ALIGNMENT(.ramfunc*))
 *(SORT_BY_ALIGNMENT(CodeQuickAccess))
 *(SORT_BY_ALIGNMENT(DataQuickAccess))
 *(SORT_BY_ALIGNMENT(RamFunction))
 *(SORT_BY_ALIGNMENT(.data*))
 .data.s_slowIrcFreq
                0x1ffff080        0x4 ./drivers/fsl_clock.o
 .data.s_fastIrcFreq
                0x1ffff084        0x4 ./drivers/fsl_clock.o
 .data.SystemCoreClock
                0x1ffff088        0x4 ./CMSIS/system_MKL25Z4.o
                0x1ffff088                SystemCoreClock
 .data.rxBufferEmpty
                0x1ffff08c        0x1 ./source/i2c_read_accel_value_transfer.o
                0x1ffff08c                rxBufferEmpty
                0x1ffff090                . = ALIGN (0x4)
 *fill*         0x1ffff08d        0x3 ff
                0x1ffff090                _edata = .

.igot.plt       0x1ffff090        0x0 load address 0x00007638
 .igot.plt      0x1ffff090        0x0 ./utilities/fsl_debug_console.o

.bss            0x1ffff090      0x198 load address 0x00007638
                0x1ffff090                . = ALIGN (0x4)
                0x1ffff090                _bss = .
 *(SORT_BY_ALIGNMENT(.bss*))
 .bss.s_debugConsole
                0x1ffff090       0x10 ./utilities/fsl_debug_console.o
 .bss.g_m_handle
                0x1ffff0a0       0x28 ./source/i2c_read_accel_value_transfer.o
                0x1ffff0a0                g_m_handle
 .bss.g_lpsciDmaHandle
                0x1ffff0c8       0x20 ./source/i2c_read_accel_value_transfer.o
                0x1ffff0c8                g_lpsciDmaHandle
 .bss.g_lpsciTxDmaHandle
                0x1ffff0e8       0x10 ./source/i2c_read_accel_value_transfer.o
                0x1ffff0e8                g_lpsciTxDmaHandle
 .bss.g_lpsciRxDmaHandle
                0x1ffff0f8       0x10 ./source/i2c_read_accel_value_transfer.o
                0x1ffff0f8                g_lpsciRxDmaHandle
 .bss.g_txBuffer
                0x1ffff108        0x8 ./source/i2c_read_accel_value_transfer.o
                0x1ffff108                g_txBuffer
 .bss.g_rxBuffer
                0x1ffff110        0x8 ./source/i2c_read_accel_value_transfer.o
                0x1ffff110                g_rxBuffer
 .bss.g_xtal0Freq
                0x1ffff118        0x4 ./drivers/fsl_clock.o
                0x1ffff118                g_xtal0Freq
 .bss.g_xtal32Freq
                0x1ffff11c        0x4 ./drivers/fsl_clock.o
                0x1ffff11c                g_xtal32Freq
 .bss.s_DMAHandle
                0x1ffff120       0x10 ./drivers/fsl_dma.o
 .bss.s_i2cHandle
                0x1ffff130        0x8 ./drivers/fsl_i2c.o
 .bss.s_i2cMasterIsr
                0x1ffff138        0x4 ./drivers/fsl_i2c.o
 .bss.s_i2cSlaveIsr
                0x1ffff13c        0x4 ./drivers/fsl_i2c.o
 .bss.s_lpsciHandle
                0x1ffff140        0x4 ./drivers/fsl_lpsci.o
 .bss.s_lpsciIsr
                0x1ffff144        0x4 ./drivers/fsl_lpsci.o
 .bss.s_dmaPrivateHandle
                0x1ffff148        0x8 ./drivers/fsl_lpsci_dma.o
 .bss.s_uartHandle
                0x1ffff150        0xc ./drivers/fsl_uart.o
 .bss.s_uartIsr
                0x1ffff15c        0x4 ./drivers/fsl_uart.o
 .bss.__Ciob    0x1ffff160       0xb4 c:/nxp/mcuxpressoide_11.0.1_2563/ide/plugins/com.nxp.mcuxpresso.tools.win32_11.0.1.201907311258/tools/bin/../lib/gcc/arm-none-eabi/8.2.1/../../../../arm-none-eabi/lib/thumb/v6-m/nofp\libcr_semihost_nf.a(__ciob.o)
                0x1ffff160                __Ciob
 .bss.__end_of_heap
                0x1ffff214        0x4 c:/nxp/mcuxpressoide_11.0.1_2563/ide/plugins/com.nxp.mcuxpresso.tools.win32_11.0.1.201907311258/tools/bin/../lib/gcc/arm-none-eabi/8.2.1/../../../../arm-none-eabi/lib/thumb/v6-m/nofp\libcr_c.a(__init_alloc.o)
                0x1ffff214                __end_of_heap
 .bss.__heaps   0x1ffff218        0x4 c:/nxp/mcuxpressoide_11.0.1_2563/ide/plugins/com.nxp.mcuxpresso.tools.win32_11.0.1.201907311258/tools/bin/../lib/gcc/arm-none-eabi/8.2.1/../../../../arm-none-eabi/lib/thumb/v6-m/nofp\libcr_c.a(__init_alloc.o)
                0x1ffff218                __heaps
 .bss.errno     0x1ffff21c        0x4 c:/nxp/mcuxpressoide_11.0.1_2563/ide/plugins/com.nxp.mcuxpresso.tools.win32_11.0.1.201907311258/tools/bin/../lib/gcc/arm-none-eabi/8.2.1/../../../../arm-none-eabi/lib/thumb/v6-m/nofp\libcr_c.a(errno.o)
                0x1ffff21c                errno
 .bss.g_accel_addr_found
                0x1ffff220        0x1 ./source/i2c_read_accel_value_transfer.o
                0x1ffff220                g_accel_addr_found
 .bss.completionFlag
                0x1ffff221        0x1 ./source/i2c_read_accel_value_transfer.o
                0x1ffff221                completionFlag
 .bss.nakFlag   0x1ffff222        0x1 ./source/i2c_read_accel_value_transfer.o
                0x1ffff222                nakFlag
 .bss.txBufferFull
                0x1ffff223        0x1 ./source/i2c_read_accel_value_transfer.o
                0x1ffff223                txBufferFull
 .bss.txOnGoing
                0x1ffff224        0x1 ./source/i2c_read_accel_value_transfer.o
                0x1ffff224                txOnGoing
 .bss.rxOnGoing
                0x1ffff225        0x1 ./source/i2c_read_accel_value_transfer.o
                0x1ffff225                rxOnGoing
 *(SORT_BY_ALIGNMENT(COMMON))
                0x1ffff228                . = ALIGN (0x4)
 *fill*         0x1ffff226        0x2 
                0x1ffff228                _ebss = .
                [!provide]                PROVIDE (end = .)

.noinit         0x1ffff228        0x0 load address 0x00007638
                0x1ffff228                . = ALIGN (0x4)
                0x1ffff228                _noinit = .
 *(SORT_BY_ALIGNMENT(.noinit*))
                0x1ffff228                . = ALIGN (0x4)
                0x1ffff228                _end_noinit = .
                0x00000400                _HeapSize = 0x400

.heap           0x1ffff228      0x400 load address 0x00007638
                0x1ffff228                _pvHeapStart = .
                0x1ffff628                . = (. + _HeapSize)
 *fill*         0x1ffff228      0x400 
                0x1ffff628                . = ALIGN (0x4)
                0x1ffff628                _pvHeapLimit = .
                0x00000400                _StackSize = 0x400

.heap2stackfill
                0x1ffff628      0x400 load address 0x00007638
                0x1ffffa28                . = (. + _StackSize)
 *fill*         0x1ffff628      0x400 

.stack          0x20002c00        0x0
                0x20002c00                _vStackBase = .
                0x20002c00                . = ALIGN (0x4)
                0x20003000                _vStackTop = (. + _StackSize)
                0x00000000                _image_start = LOADADDR (.text)
                0x00007638                _image_end = (LOADADDR (.data) + SIZEOF (.data))
                0x00007638                _image_size = (_image_end - _image_start)
OUTPUT(Akcelerometer_driver_examples_i2c_read_accel_value_transfer.axf elf32-littlearm)

.debug_info     0x00000000     0xcde7
 .debug_info    0x00000000      0x9b1 ./utilities/fsl_debug_console.o
 .debug_info    0x000009b1      0x4db ./startup/startup_mkl25z4.o
 .debug_info    0x00000e8c     0x1d02 ./source/i2c_read_accel_value_transfer.o
 .debug_info    0x00002b8e       0x4f ./source/mtb.o
 .debug_info    0x00002bdd       0x38 ./source/semihost_hardfault.o
 .debug_info    0x00002c15     0x1a93 ./drivers/fsl_clock.o
 .debug_info    0x000046a8      0xf4a ./drivers/fsl_dma.o
 .debug_info    0x000055f2      0x4e3 ./drivers/fsl_dmamux.o
 .debug_info    0x00005ad5      0x562 ./drivers/fsl_gpio.o
 .debug_info    0x00006037     0x1a96 ./drivers/fsl_i2c.o
 .debug_info    0x00007acd     0x1465 ./drivers/fsl_lpsci.o
 .debug_info    0x00008f32      0xc6c ./drivers/fsl_lpsci_dma.o
 .debug_info    0x00009b9e     0x1406 ./drivers/fsl_uart.o
 .debug_info    0x0000afa4      0x807 ./board/board.o
 .debug_info    0x0000b7ab      0xaea ./board/clock_config.o
 .debug_info    0x0000c295      0x71d ./board/pin_mux.o
 .debug_info    0x0000c9b2      0x435 ./CMSIS/system_MKL25Z4.o

.debug_abbrev   0x00000000     0x251f
 .debug_abbrev  0x00000000      0x218 ./utilities/fsl_debug_console.o
 .debug_abbrev  0x00000218      0x18a ./startup/startup_mkl25z4.o
 .debug_abbrev  0x000003a2      0x3ca ./source/i2c_read_accel_value_transfer.o
 .debug_abbrev  0x0000076c       0x43 ./source/mtb.o
 .debug_abbrev  0x000007af       0x2e ./source/semihost_hardfault.o
 .debug_abbrev  0x000007dd      0x36c ./drivers/fsl_clock.o
 .debug_abbrev  0x00000b49      0x2e9 ./drivers/fsl_dma.o
 .debug_abbrev  0x00000e32      0x1ad ./drivers/fsl_dmamux.o
 .debug_abbrev  0x00000fdf      0x1b5 ./drivers/fsl_gpio.o
 .debug_abbrev  0x00001194      0x36b ./drivers/fsl_i2c.o
 .debug_abbrev  0x000014ff      0x306 ./drivers/fsl_lpsci.o
 .debug_abbrev  0x00001805      0x2a8 ./drivers/fsl_lpsci_dma.o
 .debug_abbrev  0x00001aad      0x320 ./drivers/fsl_uart.o
 .debug_abbrev  0x00001dcd      0x1a4 ./board/board.o
 .debug_abbrev  0x00001f71      0x21d ./board/clock_config.o
 .debug_abbrev  0x0000218e      0x23e ./board/pin_mux.o
 .debug_abbrev  0x000023cc      0x153 ./CMSIS/system_MKL25Z4.o

.debug_aranges  0x00000000      0xad8
 .debug_aranges
                0x00000000       0x48 ./utilities/fsl_debug_console.o
 .debug_aranges
                0x00000048      0x160 ./startup/startup_mkl25z4.o
 .debug_aranges
                0x000001a8       0x98 ./source/i2c_read_accel_value_transfer.o
 .debug_aranges
                0x00000240       0x18 ./source/mtb.o
 .debug_aranges
                0x00000258       0x20 ./source/semihost_hardfault.o
 .debug_aranges
                0x00000278      0x1d8 ./drivers/fsl_clock.o
 .debug_aranges
                0x00000450       0xd0 ./drivers/fsl_dma.o
 .debug_aranges
                0x00000520       0x40 ./drivers/fsl_dmamux.o
 .debug_aranges
                0x00000560       0x40 ./drivers/fsl_gpio.o
 .debug_aranges
                0x000005a0      0x178 ./drivers/fsl_i2c.o
 .debug_aranges
                0x00000718      0x118 ./drivers/fsl_lpsci.o
 .debug_aranges
                0x00000830       0x98 ./drivers/fsl_lpsci_dma.o
 .debug_aranges
                0x000008c8      0x130 ./drivers/fsl_uart.o
 .debug_aranges
                0x000009f8       0x28 ./board/board.o
 .debug_aranges
                0x00000a20       0x50 ./board/clock_config.o
 .debug_aranges
                0x00000a70       0x40 ./board/pin_mux.o
 .debug_aranges
                0x00000ab0       0x28 ./CMSIS/system_MKL25Z4.o

.debug_ranges   0x00000000      0x9c0
 .debug_ranges  0x00000000       0x38 ./utilities/fsl_debug_console.o
 .debug_ranges  0x00000038      0x150 ./startup/startup_mkl25z4.o
 .debug_ranges  0x00000188       0x88 ./source/i2c_read_accel_value_transfer.o
 .debug_ranges  0x00000210       0x10 ./source/semihost_hardfault.o
 .debug_ranges  0x00000220      0x1c8 ./drivers/fsl_clock.o
 .debug_ranges  0x000003e8       0xc0 ./drivers/fsl_dma.o
 .debug_ranges  0x000004a8       0x30 ./drivers/fsl_dmamux.o
 .debug_ranges  0x000004d8       0x30 ./drivers/fsl_gpio.o
 .debug_ranges  0x00000508      0x168 ./drivers/fsl_i2c.o
 .debug_ranges  0x00000670      0x108 ./drivers/fsl_lpsci.o
 .debug_ranges  0x00000778       0x88 ./drivers/fsl_lpsci_dma.o
 .debug_ranges  0x00000800      0x120 ./drivers/fsl_uart.o
 .debug_ranges  0x00000920       0x18 ./board/board.o
 .debug_ranges  0x00000938       0x40 ./board/clock_config.o
 .debug_ranges  0x00000978       0x30 ./board/pin_mux.o
 .debug_ranges  0x000009a8       0x18 ./CMSIS/system_MKL25Z4.o

.debug_line     0x00000000     0x64dc
 .debug_line    0x00000000      0x315 ./utilities/fsl_debug_console.o
 .debug_line    0x00000315      0x1e7 ./startup/startup_mkl25z4.o
 .debug_line    0x000004fc      0x805 ./source/i2c_read_accel_value_transfer.o
 .debug_line    0x00000d01       0x30 ./source/mtb.o
 .debug_line    0x00000d31       0x5a ./source/semihost_hardfault.o
 .debug_line    0x00000d8b     0x1204 ./drivers/fsl_clock.o
 .debug_line    0x00001f8f      0x659 ./drivers/fsl_dma.o
 .debug_line    0x000025e8      0x259 ./drivers/fsl_dmamux.o
 .debug_line    0x00002841      0x28f ./drivers/fsl_gpio.o
 .debug_line    0x00002ad0     0x11db ./drivers/fsl_i2c.o
 .debug_line    0x00003cab      0xc88 ./drivers/fsl_lpsci.o
 .debug_line    0x00004933      0x5a6 ./drivers/fsl_lpsci_dma.o
 .debug_line    0x00004ed9      0xc77 ./drivers/fsl_uart.o
 .debug_line    0x00005b50      0x1e5 ./board/board.o
 .debug_line    0x00005d35      0x29d ./board/clock_config.o
 .debug_line    0x00005fd2      0x262 ./board/pin_mux.o
 .debug_line    0x00006234      0x2a8 ./CMSIS/system_MKL25Z4.o

.debug_str      0x00000000     0x59a4
 .debug_str     0x00000000      0xb13 ./utilities/fsl_debug_console.o
                                0xb97 (size before relaxing)
 .debug_str     0x00000b13      0x394 ./startup/startup_mkl25z4.o
                                0x513 (size before relaxing)
 .debug_str     0x00000ea7     0x1757 ./source/i2c_read_accel_value_transfer.o
                               0x212e (size before relaxing)
 .debug_str     0x000025fe       0x1f ./source/mtb.o
                                0x19d (size before relaxing)
 .debug_str     0x0000261d       0x1f ./source/semihost_hardfault.o
                                0x19d (size before relaxing)
 .debug_str     0x0000263c      0xa6d ./drivers/fsl_clock.o
                               0x183e (size before relaxing)
 .debug_str     0x000030a9      0x901 ./drivers/fsl_dma.o
                               0x12d0 (size before relaxing)
 .debug_str     0x000039aa       0x65 ./drivers/fsl_dmamux.o
                                0x8f7 (size before relaxing)
 .debug_str     0x00003a0f       0x8d ./drivers/fsl_gpio.o
                                0x865 (size before relaxing)
 .debug_str     0x00003a9c      0x94e ./drivers/fsl_i2c.o
                               0x17c7 (size before relaxing)
 .debug_str     0x000043ea      0x78c ./drivers/fsl_lpsci.o
                               0x1606 (size before relaxing)
 .debug_str     0x00004b76      0x224 ./drivers/fsl_lpsci_dma.o
                                0xefe (size before relaxing)
 .debug_str     0x00004d9a      0x819 ./drivers/fsl_uart.o
                               0x1612 (size before relaxing)
 .debug_str     0x000055b3       0x37 ./board/board.o
                                0x791 (size before relaxing)
 .debug_str     0x000055ea      0x222 ./board/clock_config.o
                                0xe10 (size before relaxing)
 .debug_str     0x0000580c      0x149 ./board/pin_mux.o
                                0x7e1 (size before relaxing)
 .debug_str     0x00005955       0x4f ./CMSIS/system_MKL25Z4.o
                                0x37f (size before relaxing)

.comment        0x00000000       0x75
 .comment       0x00000000       0x75 ./utilities/fsl_debug_console.o
                                 0x76 (size before relaxing)
 .comment       0x00000075       0x76 ./startup/startup_mkl25z4.o
 .comment       0x00000075       0x76 ./source/i2c_read_accel_value_transfer.o
 .comment       0x00000075       0x76 ./source/mtb.o
 .comment       0x00000075       0x76 ./source/semihost_hardfault.o
 .comment       0x00000075       0x76 ./drivers/fsl_clock.o
 .comment       0x00000075       0x76 ./drivers/fsl_dma.o
 .comment       0x00000075       0x76 ./drivers/fsl_dmamux.o
 .comment       0x00000075       0x76 ./drivers/fsl_gpio.o
 .comment       0x00000075       0x76 ./drivers/fsl_i2c.o
 .comment       0x00000075       0x76 ./drivers/fsl_lpsci.o
 .comment       0x00000075       0x76 ./drivers/fsl_lpsci_dma.o
 .comment       0x00000075       0x76 ./drivers/fsl_uart.o
 .comment       0x00000075       0x76 ./board/board.o
 .comment       0x00000075       0x76 ./board/clock_config.o
 .comment       0x00000075       0x76 ./board/pin_mux.o
 .comment       0x00000075       0x76 ./CMSIS/system_MKL25Z4.o
 .comment       0x00000075       0x76 c:/nxp/mcuxpressoide_11.0.1_2563/ide/plugins/com.nxp.mcuxpresso.tools.win32_11.0.1.201907311258/tools/bin/../lib/gcc/arm-none-eabi/8.2.1/../../../../arm-none-eabi/lib/thumb/v6-m/nofp\libcr_semihost_nf.a(_cr__main.o)
 .comment       0x00000075       0x76 c:/nxp/mcuxpressoide_11.0.1_2563/ide/plugins/com.nxp.mcuxpresso.tools.win32_11.0.1.201907311258/tools/bin/../lib/gcc/arm-none-eabi/8.2.1/../../../../arm-none-eabi/lib/thumb/v6-m/nofp\libcr_semihost_nf.a(_cr_assert.o)
 .comment       0x00000075       0x76 c:/nxp/mcuxpressoide_11.0.1_2563/ide/plugins/com.nxp.mcuxpresso.tools.win32_11.0.1.201907311258/tools/bin/../lib/gcc/arm-none-eabi/8.2.1/../../../../arm-none-eabi/lib/thumb/v6-m/nofp\libcr_semihost_nf.a(__ciob.o)
 .comment       0x00000075       0x76 c:/nxp/mcuxpressoide_11.0.1_2563/ide/plugins/com.nxp.mcuxpresso.tools.win32_11.0.1.201907311258/tools/bin/../lib/gcc/arm-none-eabi/8.2.1/../../../../arm-none-eabi/lib/thumb/v6-m/nofp\libcr_c.a(memset.o)
 .comment       0x00000075       0x76 c:/nxp/mcuxpressoide_11.0.1_2563/ide/plugins/com.nxp.mcuxpresso.tools.win32_11.0.1.201907311258/tools/bin/../lib/gcc/arm-none-eabi/8.2.1/../../../../arm-none-eabi/lib/thumb/v6-m/nofp\libcr_c.a(_deferredlazyseek.o)
 .comment       0x00000075       0x76 c:/nxp/mcuxpressoide_11.0.1_2563/ide/plugins/com.nxp.mcuxpresso.tools.win32_11.0.1.201907311258/tools/bin/../lib/gcc/arm-none-eabi/8.2.1/../../../../arm-none-eabi/lib/thumb/v6-m/nofp\libcr_c.a(_fflush.o)
 .comment       0x00000075       0x76 c:/nxp/mcuxpressoide_11.0.1_2563/ide/plugins/com.nxp.mcuxpresso.tools.win32_11.0.1.201907311258/tools/bin/../lib/gcc/arm-none-eabi/8.2.1/../../../../arm-none-eabi/lib/thumb/v6-m/nofp\libcr_c.a(_writebuf.o)
 .comment       0x00000075       0x76 c:/nxp/mcuxpressoide_11.0.1_2563/ide/plugins/com.nxp.mcuxpresso.tools.win32_11.0.1.201907311258/tools/bin/../lib/gcc/arm-none-eabi/8.2.1/../../../../arm-none-eabi/lib/thumb/v6-m/nofp\libcr_c.a(alloc.o)
 .comment       0x00000075       0x76 c:/nxp/mcuxpressoide_11.0.1_2563/ide/plugins/com.nxp.mcuxpresso.tools.win32_11.0.1.201907311258/tools/bin/../lib/gcc/arm-none-eabi/8.2.1/../../../../arm-none-eabi/lib/thumb/v6-m/nofp\libcr_c.a(fputs.o)
 .comment       0x00000075       0x76 c:/nxp/mcuxpressoide_11.0.1_2563/ide/plugins/com.nxp.mcuxpresso.tools.win32_11.0.1.201907311258/tools/bin/../lib/gcc/arm-none-eabi/8.2.1/../../../../arm-none-eabi/lib/thumb/v6-m/nofp\libcr_c.a(fseek.o)
 .comment       0x00000075       0x76 c:/nxp/mcuxpressoide_11.0.1_2563/ide/plugins/com.nxp.mcuxpresso.tools.win32_11.0.1.201907311258/tools/bin/../lib/gcc/arm-none-eabi/8.2.1/../../../../arm-none-eabi/lib/thumb/v6-m/nofp\libcr_c.a(ftell.o)
 .comment       0x00000075       0x76 c:/nxp/mcuxpressoide_11.0.1_2563/ide/plugins/com.nxp.mcuxpresso.tools.win32_11.0.1.201907311258/tools/bin/../lib/gcc/arm-none-eabi/8.2.1/../../../../arm-none-eabi/lib/thumb/v6-m/nofp\libcr_c.a(initio.o)
 .comment       0x00000075       0x76 c:/nxp/mcuxpressoide_11.0.1_2563/ide/plugins/com.nxp.mcuxpresso.tools.win32_11.0.1.201907311258/tools/bin/../lib/gcc/arm-none-eabi/8.2.1/../../../../arm-none-eabi/lib/thumb/v6-m/nofp\libcr_c.a(printf.o)
 .comment       0x00000075       0x76 c:/nxp/mcuxpressoide_11.0.1_2563/ide/plugins/com.nxp.mcuxpresso.tools.win32_11.0.1.201907311258/tools/bin/../lib/gcc/arm-none-eabi/8.2.1/../../../../arm-none-eabi/lib/thumb/v6-m/nofp\libcr_c.a(setvbuf.o)
 .comment       0x00000075       0x76 c:/nxp/mcuxpressoide_11.0.1_2563/ide/plugins/com.nxp.mcuxpresso.tools.win32_11.0.1.201907311258/tools/bin/../lib/gcc/arm-none-eabi/8.2.1/../../../../arm-none-eabi/lib/thumb/v6-m/nofp\libcr_c.a(strlen.o)
 .comment       0x00000075       0x76 c:/nxp/mcuxpressoide_11.0.1_2563/ide/plugins/com.nxp.mcuxpresso.tools.win32_11.0.1.201907311258/tools/bin/../lib/gcc/arm-none-eabi/8.2.1/../../../../arm-none-eabi/lib/thumb/v6-m/nofp\libcr_c.a(__init_alloc.o)
 .comment       0x00000075       0x76 c:/nxp/mcuxpressoide_11.0.1_2563/ide/plugins/com.nxp.mcuxpresso.tools.win32_11.0.1.201907311258/tools/bin/../lib/gcc/arm-none-eabi/8.2.1/../../../../arm-none-eabi/lib/thumb/v6-m/nofp\libcr_c.a(_cr_sbrk.o)
 .comment       0x00000075       0x76 c:/nxp/mcuxpressoide_11.0.1_2563/ide/plugins/com.nxp.mcuxpresso.tools.win32_11.0.1.201907311258/tools/bin/../lib/gcc/arm-none-eabi/8.2.1/../../../../arm-none-eabi/lib/thumb/v6-m/nofp\libcr_c.a(_fdopen.o)
 .comment       0x00000075       0x76 c:/nxp/mcuxpressoide_11.0.1_2563/ide/plugins/com.nxp.mcuxpresso.tools.win32_11.0.1.201907311258/tools/bin/../lib/gcc/arm-none-eabi/8.2.1/../../../../arm-none-eabi/lib/thumb/v6-m/nofp\libcr_c.a(errno.o)
 .comment       0x00000075       0x76 c:/nxp/mcuxpressoide_11.0.1_2563/ide/plugins/com.nxp.mcuxpresso.tools.win32_11.0.1.201907311258/tools/bin/../lib/gcc/arm-none-eabi/8.2.1/../../../../arm-none-eabi/lib/thumb/v6-m/nofp\libcr_c.a(fclose.o)
 .comment       0x00000075       0x76 c:/nxp/mcuxpressoide_11.0.1_2563/ide/plugins/com.nxp.mcuxpresso.tools.win32_11.0.1.201907311258/tools/bin/../lib/gcc/arm-none-eabi/8.2.1/../../../../arm-none-eabi/lib/thumb/v6-m/nofp\libcr_c.a(fflush.o)
 .comment       0x00000075       0x76 c:/nxp/mcuxpressoide_11.0.1_2563/ide/plugins/com.nxp.mcuxpresso.tools.win32_11.0.1.201907311258/tools/bin/../lib/gcc/arm-none-eabi/8.2.1/../../../../arm-none-eabi/lib/thumb/v6-m/nofp\libcr_c.a(remove.o)
 .comment       0x00000075       0x76 c:/nxp/mcuxpressoide_11.0.1_2563/ide/plugins/com.nxp.mcuxpresso.tools.win32_11.0.1.201907311258/tools/bin/../lib/gcc/arm-none-eabi/8.2.1/../../../../arm-none-eabi/lib/thumb/v6-m/nofp\libcr_c.a(_cr_check_heap.o)
 .comment       0x00000075       0x76 c:/nxp/mcuxpressoide_11.0.1_2563/ide/plugins/com.nxp.mcuxpresso.tools.win32_11.0.1.201907311258/tools/bin/../lib/gcc/arm-none-eabi/8.2.1/../../../../arm-none-eabi/lib/thumb/v6-m/nofp\libcr_c.a(_do_fflush.o)
 .comment       0x00000075       0x76 c:/nxp/mcuxpressoide_11.0.1_2563/ide/plugins/com.nxp.mcuxpresso.tools.win32_11.0.1.201907311258/tools/bin/../lib/gcc/arm-none-eabi/8.2.1/thumb/v6-m/nofp\libcr_eabihelpers.a(double.o)

.ARM.attributes
                0x00000000       0x2a
 .ARM.attributes
                0x00000000       0x2c ./utilities/fsl_debug_console.o
 .ARM.attributes
                0x0000002c       0x2c ./startup/startup_mkl25z4.o
 .ARM.attributes
                0x00000058       0x2c ./source/i2c_read_accel_value_transfer.o
 .ARM.attributes
                0x00000084       0x32 ./source/mtb.o
 .ARM.attributes
                0x000000b6       0x2c ./source/semihost_hardfault.o
 .ARM.attributes
                0x000000e2       0x2c ./drivers/fsl_clock.o
 .ARM.attributes
                0x0000010e       0x2c ./drivers/fsl_dma.o
 .ARM.attributes
                0x0000013a       0x2c ./drivers/fsl_dmamux.o
 .ARM.attributes
                0x00000166       0x2c ./drivers/fsl_gpio.o
 .ARM.attributes
                0x00000192       0x2c ./drivers/fsl_i2c.o
 .ARM.attributes
                0x000001be       0x2c ./drivers/fsl_lpsci.o
 .ARM.attributes
                0x000001ea       0x2c ./drivers/fsl_lpsci_dma.o
 .ARM.attributes
                0x00000216       0x2c ./drivers/fsl_uart.o
 .ARM.attributes
                0x00000242       0x2c ./board/board.o
 .ARM.attributes
                0x0000026e       0x2c ./board/clock_config.o
 .ARM.attributes
                0x0000029a       0x2c ./board/pin_mux.o
 .ARM.attributes
                0x000002c6       0x2c ./CMSIS/system_MKL25Z4.o
 .ARM.attributes
                0x000002f2       0x2c c:/nxp/mcuxpressoide_11.0.1_2563/ide/plugins/com.nxp.mcuxpresso.tools.win32_11.0.1.201907311258/tools/bin/../lib/gcc/arm-none-eabi/8.2.1/../../../../arm-none-eabi/lib/thumb/v6-m/nofp\libcr_semihost_nf.a(_cr__main.o)
 .ARM.attributes
                0x0000031e       0x2c c:/nxp/mcuxpressoide_11.0.1_2563/ide/plugins/com.nxp.mcuxpresso.tools.win32_11.0.1.201907311258/tools/bin/../lib/gcc/arm-none-eabi/8.2.1/../../../../arm-none-eabi/lib/thumb/v6-m/nofp\libcr_semihost_nf.a(_cr_assert.o)
 .ARM.attributes
                0x0000034a       0x31 c:/nxp/mcuxpressoide_11.0.1_2563/ide/plugins/com.nxp.mcuxpresso.tools.win32_11.0.1.201907311258/tools/bin/../lib/gcc/arm-none-eabi/8.2.1/../../../../arm-none-eabi/lib/thumb/v6-m/nofp\libcr_semihost_nf.a(__ciob.o)
 .ARM.attributes
                0x0000037b       0x1c c:/nxp/mcuxpressoide_11.0.1_2563/ide/plugins/com.nxp.mcuxpresso.tools.win32_11.0.1.201907311258/tools/bin/../lib/gcc/arm-none-eabi/8.2.1/../../../../arm-none-eabi/lib/thumb/v6-m/nofp\libcr_semihost_nf.a(__sys_appexit.o)
 .ARM.attributes
                0x00000397       0x2c c:/nxp/mcuxpressoide_11.0.1_2563/ide/plugins/com.nxp.mcuxpresso.tools.win32_11.0.1.201907311258/tools/bin/../lib/gcc/arm-none-eabi/8.2.1/../../../../arm-none-eabi/lib/thumb/v6-m/nofp\libcr_c.a(memset.o)
 .ARM.attributes
                0x000003c3       0x2c c:/nxp/mcuxpressoide_11.0.1_2563/ide/plugins/com.nxp.mcuxpresso.tools.win32_11.0.1.201907311258/tools/bin/../lib/gcc/arm-none-eabi/8.2.1/../../../../arm-none-eabi/lib/thumb/v6-m/nofp\libcr_c.a(_deferredlazyseek.o)
 .ARM.attributes
                0x000003ef       0x2c c:/nxp/mcuxpressoide_11.0.1_2563/ide/plugins/com.nxp.mcuxpresso.tools.win32_11.0.1.201907311258/tools/bin/../lib/gcc/arm-none-eabi/8.2.1/../../../../arm-none-eabi/lib/thumb/v6-m/nofp\libcr_c.a(_fflush.o)
 .ARM.attributes
                0x0000041b       0x2c c:/nxp/mcuxpressoide_11.0.1_2563/ide/plugins/com.nxp.mcuxpresso.tools.win32_11.0.1.201907311258/tools/bin/../lib/gcc/arm-none-eabi/8.2.1/../../../../arm-none-eabi/lib/thumb/v6-m/nofp\libcr_c.a(_writebuf.o)
 .ARM.attributes
                0x00000447       0x2c c:/nxp/mcuxpressoide_11.0.1_2563/ide/plugins/com.nxp.mcuxpresso.tools.win32_11.0.1.201907311258/tools/bin/../lib/gcc/arm-none-eabi/8.2.1/../../../../arm-none-eabi/lib/thumb/v6-m/nofp\libcr_c.a(alloc.o)
 .ARM.attributes
                0x00000473       0x2c c:/nxp/mcuxpressoide_11.0.1_2563/ide/plugins/com.nxp.mcuxpresso.tools.win32_11.0.1.201907311258/tools/bin/../lib/gcc/arm-none-eabi/8.2.1/../../../../arm-none-eabi/lib/thumb/v6-m/nofp\libcr_c.a(fputs.o)
 .ARM.attributes
                0x0000049f       0x2c c:/nxp/mcuxpressoide_11.0.1_2563/ide/plugins/com.nxp.mcuxpresso.tools.win32_11.0.1.201907311258/tools/bin/../lib/gcc/arm-none-eabi/8.2.1/../../../../arm-none-eabi/lib/thumb/v6-m/nofp\libcr_c.a(fseek.o)
 .ARM.attributes
                0x000004cb       0x2c c:/nxp/mcuxpressoide_11.0.1_2563/ide/plugins/com.nxp.mcuxpresso.tools.win32_11.0.1.201907311258/tools/bin/../lib/gcc/arm-none-eabi/8.2.1/../../../../arm-none-eabi/lib/thumb/v6-m/nofp\libcr_c.a(ftell.o)
 .ARM.attributes
                0x000004f7       0x2c c:/nxp/mcuxpressoide_11.0.1_2563/ide/plugins/com.nxp.mcuxpresso.tools.win32_11.0.1.201907311258/tools/bin/../lib/gcc/arm-none-eabi/8.2.1/../../../../arm-none-eabi/lib/thumb/v6-m/nofp\libcr_c.a(initio.o)
 .ARM.attributes
                0x00000523       0x2c c:/nxp/mcuxpressoide_11.0.1_2563/ide/plugins/com.nxp.mcuxpresso.tools.win32_11.0.1.201907311258/tools/bin/../lib/gcc/arm-none-eabi/8.2.1/../../../../arm-none-eabi/lib/thumb/v6-m/nofp\libcr_c.a(printf.o)
 .ARM.attributes
                0x0000054f       0x2c c:/nxp/mcuxpressoide_11.0.1_2563/ide/plugins/com.nxp.mcuxpresso.tools.win32_11.0.1.201907311258/tools/bin/../lib/gcc/arm-none-eabi/8.2.1/../../../../arm-none-eabi/lib/thumb/v6-m/nofp\libcr_c.a(setvbuf.o)
 .ARM.attributes
                0x0000057b       0x2c c:/nxp/mcuxpressoide_11.0.1_2563/ide/plugins/com.nxp.mcuxpresso.tools.win32_11.0.1.201907311258/tools/bin/../lib/gcc/arm-none-eabi/8.2.1/../../../../arm-none-eabi/lib/thumb/v6-m/nofp\libcr_c.a(strlen.o)
 .ARM.attributes
                0x000005a7       0x2c c:/nxp/mcuxpressoide_11.0.1_2563/ide/plugins/com.nxp.mcuxpresso.tools.win32_11.0.1.201907311258/tools/bin/../lib/gcc/arm-none-eabi/8.2.1/../../../../arm-none-eabi/lib/thumb/v6-m/nofp\libcr_c.a(__init_alloc.o)
 .ARM.attributes
                0x000005d3       0x2c c:/nxp/mcuxpressoide_11.0.1_2563/ide/plugins/com.nxp.mcuxpresso.tools.win32_11.0.1.201907311258/tools/bin/../lib/gcc/arm-none-eabi/8.2.1/../../../../arm-none-eabi/lib/thumb/v6-m/nofp\libcr_c.a(_cr_sbrk.o)
 .ARM.attributes
                0x000005ff       0x2c c:/nxp/mcuxpressoide_11.0.1_2563/ide/plugins/com.nxp.mcuxpresso.tools.win32_11.0.1.201907311258/tools/bin/../lib/gcc/arm-none-eabi/8.2.1/../../../../arm-none-eabi/lib/thumb/v6-m/nofp\libcr_c.a(_fdopen.o)
 .ARM.attributes
                0x0000062b       0x31 c:/nxp/mcuxpressoide_11.0.1_2563/ide/plugins/com.nxp.mcuxpresso.tools.win32_11.0.1.201907311258/tools/bin/../lib/gcc/arm-none-eabi/8.2.1/../../../../arm-none-eabi/lib/thumb/v6-m/nofp\libcr_c.a(errno.o)
 .ARM.attributes
                0x0000065c       0x2c c:/nxp/mcuxpressoide_11.0.1_2563/ide/plugins/com.nxp.mcuxpresso.tools.win32_11.0.1.201907311258/tools/bin/../lib/gcc/arm-none-eabi/8.2.1/../../../../arm-none-eabi/lib/thumb/v6-m/nofp\libcr_c.a(fclose.o)
 .ARM.attributes
                0x00000688       0x2c c:/nxp/mcuxpressoide_11.0.1_2563/ide/plugins/com.nxp.mcuxpresso.tools.win32_11.0.1.201907311258/tools/bin/../lib/gcc/arm-none-eabi/8.2.1/../../../../arm-none-eabi/lib/thumb/v6-m/nofp\libcr_c.a(fflush.o)
 .ARM.attributes
                0x000006b4       0x2c c:/nxp/mcuxpressoide_11.0.1_2563/ide/plugins/com.nxp.mcuxpresso.tools.win32_11.0.1.201907311258/tools/bin/../lib/gcc/arm-none-eabi/8.2.1/../../../../arm-none-eabi/lib/thumb/v6-m/nofp\libcr_c.a(remove.o)
 .ARM.attributes
                0x000006e0       0x2c c:/nxp/mcuxpressoide_11.0.1_2563/ide/plugins/com.nxp.mcuxpresso.tools.win32_11.0.1.201907311258/tools/bin/../lib/gcc/arm-none-eabi/8.2.1/../../../../arm-none-eabi/lib/thumb/v6-m/nofp\libcr_c.a(_cr_check_heap.o)
 .ARM.attributes
                0x0000070c       0x2c c:/nxp/mcuxpressoide_11.0.1_2563/ide/plugins/com.nxp.mcuxpresso.tools.win32_11.0.1.201907311258/tools/bin/../lib/gcc/arm-none-eabi/8.2.1/../../../../arm-none-eabi/lib/thumb/v6-m/nofp\libcr_c.a(_do_fflush.o)
 .ARM.attributes
                0x00000738       0x1c c:/nxp/mcuxpressoide_11.0.1_2563/ide/plugins/com.nxp.mcuxpresso.tools.win32_11.0.1.201907311258/tools/bin/../lib/gcc/arm-none-eabi/8.2.1/thumb/v6-m/nofp\libcr_eabihelpers.a(division_32.o)
 .ARM.attributes
                0x00000754       0x1c c:/nxp/mcuxpressoide_11.0.1_2563/ide/plugins/com.nxp.mcuxpresso.tools.win32_11.0.1.201907311258/tools/bin/../lib/gcc/arm-none-eabi/8.2.1/thumb/v6-m/nofp\libcr_eabihelpers.a(division_idiv0.o)
 .ARM.attributes
                0x00000770       0x2c c:/nxp/mcuxpressoide_11.0.1_2563/ide/plugins/com.nxp.mcuxpresso.tools.win32_11.0.1.201907311258/tools/bin/../lib/gcc/arm-none-eabi/8.2.1/thumb/v6-m/nofp\libcr_eabihelpers.a(double.o)
 .ARM.attributes
                0x0000079c       0x1c c:/nxp/mcuxpressoide_11.0.1_2563/ide/plugins/com.nxp.mcuxpresso.tools.win32_11.0.1.201907311258/tools/bin/../lib/gcc/arm-none-eabi/8.2.1/thumb/v6-m/nofp\libcr_eabihelpers.a(llong.o)
 .ARM.attributes
                0x000007b8       0x1c c:/nxp/mcuxpressoide_11.0.1_2563/ide/plugins/com.nxp.mcuxpresso.tools.win32_11.0.1.201907311258/tools/bin/../lib/gcc/arm-none-eabi/8.2.1/thumb/v6-m/nofp\libcr_eabihelpers.a(memcpy.o)
 .ARM.attributes
                0x000007d4       0x1c c:/nxp/mcuxpressoide_11.0.1_2563/ide/plugins/com.nxp.mcuxpresso.tools.win32_11.0.1.201907311258/tools/bin/../lib/gcc/arm-none-eabi/8.2.1/../../../../arm-none-eabi/lib/thumb/v6-m/nofp\libcr_semihost_nf.a(__sys_close.o)
 .ARM.attributes
                0x000007f0       0x1c c:/nxp/mcuxpressoide_11.0.1_2563/ide/plugins/com.nxp.mcuxpresso.tools.win32_11.0.1.201907311258/tools/bin/../lib/gcc/arm-none-eabi/8.2.1/../../../../arm-none-eabi/lib/thumb/v6-m/nofp\libcr_semihost_nf.a(__sys_flen.o)
 .ARM.attributes
                0x0000080c       0x1c c:/nxp/mcuxpressoide_11.0.1_2563/ide/plugins/com.nxp.mcuxpresso.tools.win32_11.0.1.201907311258/tools/bin/../lib/gcc/arm-none-eabi/8.2.1/../../../../arm-none-eabi/lib/thumb/v6-m/nofp\libcr_semihost_nf.a(__sys_istty.o)
 .ARM.attributes
                0x00000828       0x1c c:/nxp/mcuxpressoide_11.0.1_2563/ide/plugins/com.nxp.mcuxpresso.tools.win32_11.0.1.201907311258/tools/bin/../lib/gcc/arm-none-eabi/8.2.1/../../../../arm-none-eabi/lib/thumb/v6-m/nofp\libcr_semihost_nf.a(__sys_remove.o)
 .ARM.attributes
                0x00000844       0x1c c:/nxp/mcuxpressoide_11.0.1_2563/ide/plugins/com.nxp.mcuxpresso.tools.win32_11.0.1.201907311258/tools/bin/../lib/gcc/arm-none-eabi/8.2.1/../../../../arm-none-eabi/lib/thumb/v6-m/nofp\libcr_semihost_nf.a(__sys_seek.o)
 .ARM.attributes
                0x00000860       0x1c c:/nxp/mcuxpressoide_11.0.1_2563/ide/plugins/com.nxp.mcuxpresso.tools.win32_11.0.1.201907311258/tools/bin/../lib/gcc/arm-none-eabi/8.2.1/../../../../arm-none-eabi/lib/thumb/v6-m/nofp\libcr_semihost_nf.a(__sys_tmpnam.o)
 .ARM.attributes
                0x0000087c       0x1c c:/nxp/mcuxpressoide_11.0.1_2563/ide/plugins/com.nxp.mcuxpresso.tools.win32_11.0.1.201907311258/tools/bin/../lib/gcc/arm-none-eabi/8.2.1/../../../../arm-none-eabi/lib/thumb/v6-m/nofp\libcr_semihost_nf.a(__sys_write.o)

.debug_frame    0x00000000     0x2428
 .debug_frame   0x00000000       0xcc ./utilities/fsl_debug_console.o
 .debug_frame   0x000000cc      0x3b0 ./startup/startup_mkl25z4.o
 .debug_frame   0x0000047c      0x21c ./source/i2c_read_accel_value_transfer.o
 .debug_frame   0x00000698       0x20 ./source/semihost_hardfault.o
 .debug_frame   0x000006b8      0x6e0 ./drivers/fsl_clock.o
 .debug_frame   0x00000d98      0x2e0 ./drivers/fsl_dma.o
 .debug_frame   0x00001078       0xb0 ./drivers/fsl_dmamux.o
 .debug_frame   0x00001128       0xb0 ./drivers/fsl_gpio.o
 .debug_frame   0x000011d8      0x58c ./drivers/fsl_i2c.o
 .debug_frame   0x00001764      0x418 ./drivers/fsl_lpsci.o
 .debug_frame   0x00001b7c      0x218 ./drivers/fsl_lpsci_dma.o
 .debug_frame   0x00001d94      0x468 ./drivers/fsl_uart.o
 .debug_frame   0x000021fc       0x50 ./board/board.o
 .debug_frame   0x0000224c       0xe4 ./board/clock_config.o
 .debug_frame   0x00002330       0xac ./board/pin_mux.o
 .debug_frame   0x000023dc       0x4c ./CMSIS/system_MKL25Z4.o

Cross Reference Table

Symbol                                            File
ADC0_DriverIRQHandler                             ./startup/startup_mkl25z4.o
ADC0_IRQHandler                                   ./startup/startup_mkl25z4.o
BOARD_BootClockRUN                                ./board/clock_config.o
                                                  ./source/i2c_read_accel_value_transfer.o
BOARD_BootClockVLPR                               ./board/clock_config.o
BOARD_I2C_ConfigurePins                           ./board/pin_mux.o
                                                  ./source/i2c_read_accel_value_transfer.o
BOARD_I2C_ReleaseBus                              ./source/i2c_read_accel_value_transfer.o
BOARD_InitDebugConsole                            ./board/board.o
                                                  ./source/i2c_read_accel_value_transfer.o
BOARD_InitPins                                    ./board/pin_mux.o
                                                  ./source/i2c_read_accel_value_transfer.o
CLOCK_BootToBlpeMode                              ./drivers/fsl_clock.o
CLOCK_BootToBlpiMode                              ./drivers/fsl_clock.o
                                                  ./board/clock_config.o
CLOCK_BootToFeeMode                               ./drivers/fsl_clock.o
CLOCK_BootToFeiMode                               ./drivers/fsl_clock.o
CLOCK_BootToPeeMode                               ./drivers/fsl_clock.o
                                                  ./board/clock_config.o
CLOCK_CalcPllDiv                                  ./drivers/fsl_clock.o
CLOCK_ClearStatusFlags                            ./drivers/fsl_clock.o
CLOCK_DeinitOsc0                                  ./drivers/fsl_clock.o
CLOCK_EnablePll0                                  ./drivers/fsl_clock.o
CLOCK_EnableUsbfs0Clock                           ./drivers/fsl_clock.o
CLOCK_ExternalModeToFbeModeQuick                  ./drivers/fsl_clock.o
CLOCK_FllStableDelay                              ./drivers/fsl_clock.o
CLOCK_GetBusClkFreq                               ./drivers/fsl_clock.o
CLOCK_GetCoreSysClkFreq                           ./drivers/fsl_clock.o
CLOCK_GetEr32kClkFreq                             ./drivers/fsl_clock.o
CLOCK_GetFixedFreqClkFreq                         ./drivers/fsl_clock.o
CLOCK_GetFlashClkFreq                             ./drivers/fsl_clock.o
CLOCK_GetFllFreq                                  ./drivers/fsl_clock.o
CLOCK_GetFreq                                     ./drivers/fsl_clock.o
                                                  ./source/i2c_read_accel_value_transfer.o
CLOCK_GetInternalRefClkFreq                       ./drivers/fsl_clock.o
CLOCK_GetMode                                     ./drivers/fsl_clock.o
CLOCK_GetOsc0ErClkFreq                            ./drivers/fsl_clock.o
CLOCK_GetOutClkFreq                               ./drivers/fsl_clock.o
CLOCK_GetPlatClkFreq                              ./drivers/fsl_clock.o
CLOCK_GetPll0Freq                                 ./drivers/fsl_clock.o
CLOCK_GetPllFllSelClkFreq                         ./drivers/fsl_clock.o
                                                  ./board/board.o
CLOCK_GetStatusFlags                              ./drivers/fsl_clock.o
CLOCK_InitOsc0                                    ./drivers/fsl_clock.o
                                                  ./board/clock_config.o
CLOCK_InternalModeToFbiModeQuick                  ./drivers/fsl_clock.o
CLOCK_SetBlpeMode                                 ./drivers/fsl_clock.o
CLOCK_SetBlpiMode                                 ./drivers/fsl_clock.o
CLOCK_SetExternalRefClkConfig                     ./drivers/fsl_clock.o
CLOCK_SetFbeMode                                  ./drivers/fsl_clock.o
CLOCK_SetFbiMode                                  ./drivers/fsl_clock.o
CLOCK_SetFeeMode                                  ./drivers/fsl_clock.o
CLOCK_SetFeiMode                                  ./drivers/fsl_clock.o
CLOCK_SetInternalRefClkConfig                     ./drivers/fsl_clock.o
                                                  ./board/clock_config.o
CLOCK_SetMcgConfig                                ./drivers/fsl_clock.o
CLOCK_SetOsc0MonitorMode                          ./drivers/fsl_clock.o
CLOCK_SetPbeMode                                  ./drivers/fsl_clock.o
CLOCK_SetPeeMode                                  ./drivers/fsl_clock.o
CLOCK_SetPll0MonitorMode                          ./drivers/fsl_clock.o
CLOCK_SetSimConfig                                ./drivers/fsl_clock.o
                                                  ./board/clock_config.o
CLOCK_TrimInternalRefClk                          ./drivers/fsl_clock.o
CMP0_DriverIRQHandler                             ./startup/startup_mkl25z4.o
CMP0_IRQHandler                                   ./startup/startup_mkl25z4.o
DAC0_DriverIRQHandler                             ./startup/startup_mkl25z4.o
DAC0_IRQHandler                                   ./startup/startup_mkl25z4.o
DMA0_DriverIRQHandler                             ./drivers/fsl_dma.o
                                                  ./startup/startup_mkl25z4.o
DMA0_IRQHandler                                   ./startup/startup_mkl25z4.o
DMA1_DriverIRQHandler                             ./drivers/fsl_dma.o
                                                  ./startup/startup_mkl25z4.o
DMA1_IRQHandler                                   ./startup/startup_mkl25z4.o
DMA2_DriverIRQHandler                             ./drivers/fsl_dma.o
                                                  ./startup/startup_mkl25z4.o
DMA2_IRQHandler                                   ./startup/startup_mkl25z4.o
DMA3_DriverIRQHandler                             ./drivers/fsl_dma.o
                                                  ./startup/startup_mkl25z4.o
DMA3_IRQHandler                                   ./startup/startup_mkl25z4.o
DMAMUX_Deinit                                     ./drivers/fsl_dmamux.o
DMAMUX_Init                                       ./drivers/fsl_dmamux.o
                                                  ./source/i2c_read_accel_value_transfer.o
DMA_AbortTransfer                                 ./drivers/fsl_dma.o
                                                  ./drivers/fsl_lpsci_dma.o
DMA_CreateHandle                                  ./drivers/fsl_dma.o
                                                  ./source/i2c_read_accel_value_transfer.o
DMA_Deinit                                        ./drivers/fsl_dma.o
DMA_HandleIRQ                                     ./drivers/fsl_dma.o
DMA_Init                                          ./drivers/fsl_dma.o
                                                  ./source/i2c_read_accel_value_transfer.o
DMA_PrepareTransfer                               ./drivers/fsl_dma.o
                                                  ./drivers/fsl_lpsci_dma.o
DMA_ResetChannel                                  ./drivers/fsl_dma.o
DMA_SetCallback                                   ./drivers/fsl_dma.o
                                                  ./drivers/fsl_lpsci_dma.o
DMA_SetChannelLinkConfig                          ./drivers/fsl_dma.o
DMA_SetModulo                                     ./drivers/fsl_dma.o
DMA_SetTransferConfig                             ./drivers/fsl_dma.o
DMA_SubmitTransfer                                ./drivers/fsl_dma.o
                                                  ./drivers/fsl_lpsci_dma.o
DbgConsole_Deinit                                 ./utilities/fsl_debug_console.o
DbgConsole_Init                                   ./utilities/fsl_debug_console.o
                                                  ./board/board.o
FLASH_Erase                                       ./drivers/fsl_flash.o
FLASH_EraseAll                                    ./drivers/fsl_flash.o
FLASH_EraseAllExecuteOnlySegments                 ./drivers/fsl_flash.o
FLASH_GetProperty                                 ./drivers/fsl_flash.o
FLASH_GetSecurityState                            ./drivers/fsl_flash.o
FLASH_Init                                        ./drivers/fsl_flash.o
FLASH_IsExecuteOnly                               ./drivers/fsl_flash.o
FLASH_IsProtected                                 ./drivers/fsl_flash.o
FLASH_PflashGetPrefetchSpeculation                ./drivers/fsl_flash.o
FLASH_PflashGetProtection                         ./drivers/fsl_flash.o
FLASH_PflashSetPrefetchSpeculation                ./drivers/fsl_flash.o
                                                  ./drivers/fsl_smc.o
FLASH_PflashSetProtection                         ./drivers/fsl_flash.o
FLASH_PrepareExecuteInRamFunctions                ./drivers/fsl_flash.o
FLASH_Program                                     ./drivers/fsl_flash.o
FLASH_ProgramOnce                                 ./drivers/fsl_flash.o
FLASH_ReadOnce                                    ./drivers/fsl_flash.o
FLASH_ReadResource                                ./drivers/fsl_flash.o
FLASH_SecurityBypass                              ./drivers/fsl_flash.o
FLASH_SetCallback                                 ./drivers/fsl_flash.o
FLASH_SetProperty                                 ./drivers/fsl_flash.o
FLASH_VerifyErase                                 ./drivers/fsl_flash.o
FLASH_VerifyEraseAll                              ./drivers/fsl_flash.o
FLASH_VerifyEraseAllExecuteOnlySegments           ./drivers/fsl_flash.o
FLASH_VerifyProgram                               ./drivers/fsl_flash.o
FTFA_DriverIRQHandler                             ./startup/startup_mkl25z4.o
FTFA_IRQHandler                                   ./startup/startup_mkl25z4.o
Flash_Config                                      ./startup/startup_mkl25z4.o
GPIO_ClearPinsInterruptFlags                      ./drivers/fsl_gpio.o
GPIO_GetPinsInterruptFlags                        ./drivers/fsl_gpio.o
GPIO_PinInit                                      ./drivers/fsl_gpio.o
                                                  ./source/i2c_read_accel_value_transfer.o
HardFault_Handler                                 ./source/semihost_hardfault.o
                                                  ./startup/startup_mkl25z4.o
I2C0_DriverIRQHandler                             ./drivers/fsl_i2c.o
                                                  ./startup/startup_mkl25z4.o
I2C0_IRQHandler                                   ./startup/startup_mkl25z4.o
I2C1_DriverIRQHandler                             ./drivers/fsl_i2c.o
                                                  ./startup/startup_mkl25z4.o
I2C1_IRQHandler                                   ./startup/startup_mkl25z4.o
I2C_DisableInterrupts                             ./drivers/fsl_i2c.o
I2C_EnableInterrupts                              ./drivers/fsl_i2c.o
I2C_GetInstance                                   ./drivers/fsl_i2c.o
I2C_MasterDeinit                                  ./drivers/fsl_i2c.o
I2C_MasterGetDefaultConfig                        ./drivers/fsl_i2c.o
                                                  ./source/i2c_read_accel_value_transfer.o
I2C_MasterGetStatusFlags                          ./drivers/fsl_i2c.o
I2C_MasterInit                                    ./drivers/fsl_i2c.o
                                                  ./source/i2c_read_accel_value_transfer.o
I2C_MasterReadBlocking                            ./drivers/fsl_i2c.o
I2C_MasterRepeatedStart                           ./drivers/fsl_i2c.o
I2C_MasterSetBaudRate                             ./drivers/fsl_i2c.o
I2C_MasterStart                                   ./drivers/fsl_i2c.o
I2C_MasterStop                                    ./drivers/fsl_i2c.o
I2C_MasterTransferAbort                           ./drivers/fsl_i2c.o
I2C_MasterTransferBlocking                        ./drivers/fsl_i2c.o
I2C_MasterTransferCreateHandle                    ./drivers/fsl_i2c.o
                                                  ./source/i2c_read_accel_value_transfer.o
I2C_MasterTransferGetCount                        ./drivers/fsl_i2c.o
I2C_MasterTransferHandleIRQ                       ./drivers/fsl_i2c.o
I2C_MasterTransferNonBlocking                     ./drivers/fsl_i2c.o
                                                  ./source/i2c_read_accel_value_transfer.o
I2C_MasterWriteBlocking                           ./drivers/fsl_i2c.o
I2C_SlaveDeinit                                   ./drivers/fsl_i2c.o
I2C_SlaveGetDefaultConfig                         ./drivers/fsl_i2c.o
I2C_SlaveInit                                     ./drivers/fsl_i2c.o
I2C_SlaveReadBlocking                             ./drivers/fsl_i2c.o
I2C_SlaveTransferAbort                            ./drivers/fsl_i2c.o
I2C_SlaveTransferCreateHandle                     ./drivers/fsl_i2c.o
I2C_SlaveTransferGetCount                         ./drivers/fsl_i2c.o
I2C_SlaveTransferHandleIRQ                        ./drivers/fsl_i2c.o
I2C_SlaveTransferNonBlocking                      ./drivers/fsl_i2c.o
I2C_SlaveWriteBlocking                            ./drivers/fsl_i2c.o
InstallIRQHandler                                 ./drivers/fsl_common.o
IntDefaultHandler                                 ./startup/startup_mkl25z4.o
LLWU_DriverIRQHandler                             ./startup/startup_mkl25z4.o
LLWU_IRQHandler                                   ./startup/startup_mkl25z4.o
LPSCI_ClearStatusFlags                            ./drivers/fsl_lpsci.o
LPSCI_Deinit                                      ./drivers/fsl_lpsci.o
                                                  ./utilities/fsl_debug_console.o
LPSCI_DisableInterrupts                           ./drivers/fsl_lpsci.o
LPSCI_EnableInterrupts                            ./drivers/fsl_lpsci.o
LPSCI_GetDefaultConfig                            ./drivers/fsl_lpsci.o
                                                  ./source/i2c_read_accel_value_transfer.o
                                                  ./utilities/fsl_debug_console.o
LPSCI_GetEnabledInterrupts                        ./drivers/fsl_lpsci.o
LPSCI_GetInstance                                 ./drivers/fsl_lpsci.o
                                                  ./drivers/fsl_lpsci_dma.o
LPSCI_GetStatusFlags                              ./drivers/fsl_lpsci.o
LPSCI_Init                                        ./drivers/fsl_lpsci.o
                                                  ./source/i2c_read_accel_value_transfer.o
                                                  ./utilities/fsl_debug_console.o
LPSCI_ReadBlocking                                ./drivers/fsl_lpsci.o
                                                  ./utilities/fsl_debug_console.o
LPSCI_SetBaudRate                                 ./drivers/fsl_lpsci.o
LPSCI_TransferAbortReceive                        ./drivers/fsl_lpsci.o
LPSCI_TransferAbortReceiveDMA                     ./drivers/fsl_lpsci_dma.o
LPSCI_TransferAbortSend                           ./drivers/fsl_lpsci.o
LPSCI_TransferAbortSendDMA                        ./drivers/fsl_lpsci_dma.o
LPSCI_TransferCreateHandle                        ./drivers/fsl_lpsci.o
LPSCI_TransferCreateHandleDMA                     ./drivers/fsl_lpsci_dma.o
                                                  ./source/i2c_read_accel_value_transfer.o
LPSCI_TransferGetReceiveCount                     ./drivers/fsl_lpsci.o
LPSCI_TransferGetReceiveCountDMA                  ./drivers/fsl_lpsci_dma.o
LPSCI_TransferGetSendCount                        ./drivers/fsl_lpsci.o
LPSCI_TransferGetSendCountDMA                     ./drivers/fsl_lpsci_dma.o
LPSCI_TransferHandleErrorIRQ                      ./drivers/fsl_lpsci.o
LPSCI_TransferHandleIRQ                           ./drivers/fsl_lpsci.o
LPSCI_TransferReceiveDMA                          ./drivers/fsl_lpsci_dma.o
LPSCI_TransferReceiveNonBlocking                  ./drivers/fsl_lpsci.o
LPSCI_TransferSendDMA                             ./drivers/fsl_lpsci_dma.o
                                                  ./source/i2c_read_accel_value_transfer.o
LPSCI_TransferSendNonBlocking                     ./drivers/fsl_lpsci.o
LPSCI_TransferStartRingBuffer                     ./drivers/fsl_lpsci.o
LPSCI_TransferStopRingBuffer                      ./drivers/fsl_lpsci.o
LPSCI_UserCallback                                ./source/i2c_read_accel_value_transfer.o
LPSCI_WriteBlocking                               ./drivers/fsl_lpsci.o
                                                  ./utilities/fsl_debug_console.o
LPTMR0_DriverIRQHandler                           ./startup/startup_mkl25z4.o