Archive member included to satisfy reference by file (symbol)

c:/nxp/mcuxpressoide_11.0.1_2563/ide/plugins/com.nxp.mcuxpresso.tools.win32_11.0.1.201907311258/tools/bin/../lib/gcc/arm-none-eabi/8.2.1/../../../../arm-none-eabi/lib/thumb/v6-m/nofp\libcr_semihost_nf.a(_cr__main.o)
                              ./startup/startup_mkl25z4.o (__main)
c:/nxp/mcuxpressoide_11.0.1_2563/ide/plugins/com.nxp.mcuxpresso.tools.win32_11.0.1.201907311258/tools/bin/../lib/gcc/arm-none-eabi/8.2.1/../../../../arm-none-eabi/lib/thumb/v6-m/nofp\libcr_semihost_nf.a(_cr_assert.o)
                              ./source/main.o (__assertion_failed)
c:/nxp/mcuxpressoide_11.0.1_2563/ide/plugins/com.nxp.mcuxpresso.tools.win32_11.0.1.201907311258/tools/bin/../lib/gcc/arm-none-eabi/8.2.1/../../../../arm-none-eabi/lib/thumb/v6-m/nofp\libcr_semihost_nf.a(__ciob.o)
                              c:/nxp/mcuxpressoide_11.0.1_2563/ide/plugins/com.nxp.mcuxpresso.tools.win32_11.0.1.201907311258/tools/bin/../lib/gcc/arm-none-eabi/8.2.1/../../../../arm-none-eabi/lib/thumb/v6-m/nofp\libcr_semihost_nf.a(_cr_assert.o) (__Ciob)
c:/nxp/mcuxpressoide_11.0.1_2563/ide/plugins/com.nxp.mcuxpresso.tools.win32_11.0.1.201907311258/tools/bin/../lib/gcc/arm-none-eabi/8.2.1/../../../../arm-none-eabi/lib/thumb/v6-m/nofp\libcr_semihost_nf.a(__sys_appexit.o)
                              c:/nxp/mcuxpressoide_11.0.1_2563/ide/plugins/com.nxp.mcuxpresso.tools.win32_11.0.1.201907311258/tools/bin/../lib/gcc/arm-none-eabi/8.2.1/../../../../arm-none-eabi/lib/thumb/v6-m/nofp\libcr_semihost_nf.a(_cr_assert.o) (__sys_appexit)
c:/nxp/mcuxpressoide_11.0.1_2563/ide/plugins/com.nxp.mcuxpresso.tools.win32_11.0.1.201907311258/tools/bin/../lib/gcc/arm-none-eabi/8.2.1/../../../../arm-none-eabi/lib/thumb/v6-m/nofp\libcr_c.a(memcpy.o)
                              ./drivers/fsl_flash.o (memcpy)
c:/nxp/mcuxpressoide_11.0.1_2563/ide/plugins/com.nxp.mcuxpresso.tools.win32_11.0.1.201907311258/tools/bin/../lib/gcc/arm-none-eabi/8.2.1/../../../../arm-none-eabi/lib/thumb/v6-m/nofp\libcr_c.a(memset.o)
                              ./source/main.o (memset)
c:/nxp/mcuxpressoide_11.0.1_2563/ide/plugins/com.nxp.mcuxpresso.tools.win32_11.0.1.201907311258/tools/bin/../lib/gcc/arm-none-eabi/8.2.1/../../../../arm-none-eabi/lib/thumb/v6-m/nofp\libcr_c.a(_deferredlazyseek.o)
                              c:/nxp/mcuxpressoide_11.0.1_2563/ide/plugins/com.nxp.mcuxpresso.tools.win32_11.0.1.201907311258/tools/bin/../lib/gcc/arm-none-eabi/8.2.1/../../../../arm-none-eabi/lib/thumb/v6-m/nofp\libcr_semihost_nf.a(_cr_assert.o) (__flsbuf)
c:/nxp/mcuxpressoide_11.0.1_2563/ide/plugins/com.nxp.mcuxpresso.tools.win32_11.0.1.201907311258/tools/bin/../lib/gcc/arm-none-eabi/8.2.1/../../../../arm-none-eabi/lib/thumb/v6-m/nofp\libcr_c.a(_fflush.o)
                              c:/nxp/mcuxpressoide_11.0.1_2563/ide/plugins/com.nxp.mcuxpresso.tools.win32_11.0.1.201907311258/tools/bin/../lib/gcc/arm-none-eabi/8.2.1/../../../../arm-none-eabi/lib/thumb/v6-m/nofp\libcr_c.a(_deferredlazyseek.o) (_fflush)
c:/nxp/mcuxpressoide_11.0.1_2563/ide/plugins/com.nxp.mcuxpresso.tools.win32_11.0.1.201907311258/tools/bin/../lib/gcc/arm-none-eabi/8.2.1/../../../../arm-none-eabi/lib/thumb/v6-m/nofp\libcr_c.a(_writebuf.o)
                              c:/nxp/mcuxpressoide_11.0.1_2563/ide/plugins/com.nxp.mcuxpresso.tools.win32_11.0.1.201907311258/tools/bin/../lib/gcc/arm-none-eabi/8.2.1/../../../../arm-none-eabi/lib/thumb/v6-m/nofp\libcr_c.a(_deferredlazyseek.o) (_Cwritebuf)
c:/nxp/mcuxpressoide_11.0.1_2563/ide/plugins/com.nxp.mcuxpresso.tools.win32_11.0.1.201907311258/tools/bin/../lib/gcc/arm-none-eabi/8.2.1/../../../../arm-none-eabi/lib/thumb/v6-m/nofp\libcr_c.a(alloc.o)
                              c:/nxp/mcuxpressoide_11.0.1_2563/ide/plugins/com.nxp.mcuxpresso.tools.win32_11.0.1.201907311258/tools/bin/../lib/gcc/arm-none-eabi/8.2.1/../../../../arm-none-eabi/lib/thumb/v6-m/nofp\libcr_c.a(_deferredlazyseek.o) (_Csys_alloc)
c:/nxp/mcuxpressoide_11.0.1_2563/ide/plugins/com.nxp.mcuxpresso.tools.win32_11.0.1.201907311258/tools/bin/../lib/gcc/arm-none-eabi/8.2.1/../../../../arm-none-eabi/lib/thumb/v6-m/nofp\libcr_c.a(atan.o)
                              ./source/main.o (atan)
c:/nxp/mcuxpressoide_11.0.1_2563/ide/plugins/com.nxp.mcuxpresso.tools.win32_11.0.1.201907311258/tools/bin/../lib/gcc/arm-none-eabi/8.2.1/../../../../arm-none-eabi/lib/thumb/v6-m/nofp\libcr_c.a(fabs.o)
                              c:/nxp/mcuxpressoide_11.0.1_2563/ide/plugins/com.nxp.mcuxpresso.tools.win32_11.0.1.201907311258/tools/bin/../lib/gcc/arm-none-eabi/8.2.1/../../../../arm-none-eabi/lib/thumb/v6-m/nofp\libcr_c.a(atan.o) (fabs)
c:/nxp/mcuxpressoide_11.0.1_2563/ide/plugins/com.nxp.mcuxpresso.tools.win32_11.0.1.201907311258/tools/bin/../lib/gcc/arm-none-eabi/8.2.1/../../../../arm-none-eabi/lib/thumb/v6-m/nofp\libcr_c.a(fputs.o)
[...]
Memory Configuration

Name             Origin             Length             Attributes
PROGRAM_FLASH    0x00000000         0x00020000         xr
SRAM             0x1ffff000         0x00004000         xrw
*default*        0x00000000         0xffffffff

Linker script and memory map

LOAD ./utilities/fsl_debug_console.o
LOAD ./startup/startup_mkl25z4.o
LOAD ./source/main.o
LOAD ./source/mtb.o
LOAD ./source/semihost_hardfault.o
LOAD ./drivers/fsl_clock.o
LOAD ./drivers/fsl_common.o
LOAD ./drivers/fsl_dma.o
LOAD ./drivers/fsl_dmamux.o
LOAD ./drivers/fsl_flash.o
LOAD ./drivers/fsl_gpio.o
LOAD ./drivers/fsl_i2c.o
LOAD ./drivers/fsl_lpsci.o
LOAD ./drivers/fsl_lpsci_dma.o
LOAD ./drivers/fsl_smc.o
LOAD ./drivers/fsl_uart.o
LOAD ./board/board.o
LOAD ./board/clock_config.o
LOAD ./board/pin_mux.o
LOAD ./CMSIS/system_MKL25Z4.o
START GROUP
LOAD c:/nxp/mcuxpressoide_11.0.1_2563/ide/plugins/com.nxp.mcuxpresso.tools.win32_11.0.1.201907311258/tools/bin/../lib/gcc/arm-none-eabi/8.2.1/../../../../arm-none-eabi/lib/thumb/v6-m/nofp\libcr_semihost_nf.a
LOAD c:/nxp/mcuxpressoide_11.0.1_2563/ide/plugins/com.nxp.mcuxpresso.tools.win32_11.0.1.201907311258/tools/bin/../lib/gcc/arm-none-eabi/8.2.1/../../../../arm-none-eabi/lib/thumb/v6-m/nofp\libcr_c.a
LOAD c:/nxp/mcuxpressoide_11.0.1_2563/ide/plugins/com.nxp.mcuxpresso.tools.win32_11.0.1.201907311258/tools/bin/../lib/gcc/arm-none-eabi/8.2.1/thumb/v6-m/nofp\libcr_eabihelpers.a
LOAD c:/nxp/mcuxpressoide_11.0.1_2563/ide/plugins/com.nxp.mcuxpresso.tools.win32_11.0.1.201907311258/tools/bin/../lib/gcc/arm-none-eabi/8.2.1/thumb/v6-m/nofp\libgcc.a
END GROUP
                0x00000000                __base_PROGRAM_FLASH = 0x0
                0x00000000                __base_Flash = 0x0
                0x00020000                __top_PROGRAM_FLASH = 0x20000
                0x00020000                __top_Flash = 0x20000
                0x1ffff000                __base_SRAM = 0x1ffff000
                0x1ffff000                __base_RAM = 0x1ffff000
                0x20003000                __top_SRAM = 0x20003000
                0x20003000                __top_RAM = 0x20003000

.text           0x00000000     0x706c
 FILL mask 0xff
                0x00000000                __vectors_start__ = ABSOLUTE (.)
 *(SORT_BY_ALIGNMENT(.isr_vector))
 .isr_vector    0x00000000       0xc0 ./startup/startup_mkl25z4.o
                0x00000000                g_pfnVectors
                0x00000000                __Vectors
                0x000000c0                . = ALIGN (0x4)
                0x000000c0                __section_table_start = .
                0x000000c0                __data_section_table = .
                0x000000c0        0x4 LONG 0x706c LOADADDR (.data)
                0x000000c4        0x4 LONG 0x1ffff080 ADDR (.data)
                0x000000c8        0x4 LONG 0x10 SIZEOF (.data)
                0x000000cc                __data_section_table_end = .
                0x000000cc                __bss_section_table = .
                0x000000cc        0x4 LONG 0x1ffff090 ADDR (.bss)
                0x000000d0        0x4 LONG 0x1a4 SIZEOF (.bss)
                0x000000d4                __bss_section_table_end = .
                0x000000d4                __section_table_end = .
 *(SORT_BY_ALIGNMENT(.after_vectors*))
 .after_vectors.reset
                0x000000d4       0x4c ./startup/startup_mkl25z4.o
                0x000000d4                ResetISR
 .after_vectors.init_data
                0x00000120       0x12 ./startup/startup_mkl25z4.o
                0x00000120                data_init
 .after_vectors.init_bss
                0x00000132       0x10 ./startup/startup_mkl25z4.o
                0x00000132                bss_init
 .after_vectors
                0x00000142      0x10c ./startup/startup_mkl25z4.o
                0x00000142                NMI_Handler
                0x00000146                SVC_Handler
                0x00000148                PendSV_Handler
                0x0000014a                SysTick_Handler
                0x0000014c                LPTMR0_DriverIRQHandler
                0x0000014c                SPI1_DriverIRQHandler
                0x0000014c                PORTD_DriverIRQHandler
                0x0000014c                Reserved39_DriverIRQHandler
                0x0000014c                CMP0_DriverIRQHandler
                0x0000014c                ADC0_DriverIRQHandler
                0x0000014c                SPI0_DriverIRQHandler
                0x0000014c                TPM2_DriverIRQHandler
                0x0000014c                PIT_DriverIRQHandler
                0x0000014c                RTC_DriverIRQHandler
                0x0000014c                TSI0_DriverIRQHandler
                0x0000014c                RTC_Seconds_DriverIRQHandler
                0x0000014c                TPM1_DriverIRQHandler
                0x0000014c                PORTA_DriverIRQHandler
                0x0000014c                LLWU_DriverIRQHandler
                0x0000014c                MCG_DriverIRQHandler
                0x0000014c                Reserved45_DriverIRQHandler
                0x0000014c                Reserved20_DriverIRQHandler
                0x0000014c                TPM0_DriverIRQHandler
                0x0000014c                FTFA_DriverIRQHandler
                0x0000014c                IntDefaultHandler
                0x0000014c                USB0_DriverIRQHandler
                0x0000014c                DAC0_DriverIRQHandler
                0x0000014c                LVD_LVW_DriverIRQHandler
                0x0000014e                DMA0_IRQHandler
                0x00000156                DMA1_IRQHandler
                0x0000015e                DMA2_IRQHandler
                0x00000166                DMA3_IRQHandler
                0x0000016e                Reserved20_IRQHandler
                0x00000176                FTFA_IRQHandler
                0x0000017e                LVD_LVW_IRQHandler
                0x00000186                LLWU_IRQHandler
                0x0000018e                I2C0_IRQHandler
                0x00000196                I2C1_IRQHandler
                0x0000019e                SPI0_IRQHandler
                0x000001a6                SPI1_IRQHandler
                0x000001ae                UART0_IRQHandler
                0x000001b6                UART1_IRQHandler
                0x000001be                UART2_IRQHandler
                0x000001c6                ADC0_IRQHandler
                0x000001ce                CMP0_IRQHandler
                0x000001d6                TPM0_IRQHandler
                0x000001de                TPM1_IRQHandler
                0x000001e6                TPM2_IRQHandler
                0x000001ee                RTC_IRQHandler
                0x000001f6                RTC_Seconds_IRQHandler
                0x000001fe                PIT_IRQHandler
                0x00000206                Reserved39_IRQHandler
                0x0000020e                USB0_IRQHandler
                0x00000216                DAC0_IRQHandler
                0x0000021e                TSI0_IRQHandler
                0x00000226                MCG_IRQHandler
                0x0000022e                LPTMR0_IRQHandler
                0x00000236                Reserved45_IRQHandler
                0x00000246                PORTD_IRQHandler
                0x00000400                . = 0x400
 *fill*         0x0000024e      0x1b2 ff
                0x00000400                PROVIDE (__FLASH_CONFIG_START__ = .)
 *(SORT_BY_ALIGNMENT(.FlashConfig))
 .FlashConfig   0x00000400       0x10 ./startup/startup_mkl25z4.o
                0x00000400                Flash_Config
                0x00000410                PROVIDE (__FLASH_CONFIG_END__ = .)
                0x00000001                ASSERT (! ((__FLASH_CONFIG_START__ == __FLASH_CONFIG_END__)), Linker Flash Config Support Enabled, but no .FlashConfig section provided within application)
 *(SORT_BY_ALIGNMENT(.text*))
 .text.DbgConsole_Init
                0x00000410       0xf0 ./utilities/fsl_debug_console.o
                0x00000410                DbgConsole_Init
 .text.NVIC_EnableIRQ
                0x00000500       0x2c ./source/main.o
 .text.CLOCK_EnableClock
                0x0000052c       0x34 ./source/main.o
 .text.CLOCK_SetLpsci0Clock
                0x00000560       0x38 ./source/main.o
 .text.DMAMUX_EnableChannel
                0x00000598       0x40 ./source/main.o
 .text.DMAMUX_SetSource
                0x000005d8       0x50 ./source/main.o
 .text.PORT_SetPinConfig
                0x00000628       0x38 ./source/main.o
 .text.PORTA_IRQHandler
                0x00000660       0x6c ./source/main.o
                0x00000660                PORTA_IRQHandler
 .text.BOARD_I2C_ReleaseBus
                0x000006cc      0x124 ./source/main.o
                0x000006cc                BOARD_I2C_ReleaseBus
 .text.i2c_master_callback
                0x000007f0       0x48 ./source/main.o
 .text.I2C_WriteAccelReg
                0x00000838       0xc0 ./source/main.o
 .text.I2C_ReadAccelRegs
                0x000008f8       0xc0 ./source/main.o
 .text.LPSCI_UserCallback
                0x000009b8       0x58 ./source/main.o
                0x000009b8                LPSCI_UserCallback
 .text.LPSCIinit
                0x00000a10       0xd4 ./source/main.o
 .text.I2Cinit  0x00000ae4       0x5c ./source/main.o
 .text.MMAwrite
                0x00000b40       0x38 ./source/main.o
 .text.dolnopriepustnyFilter
                0x00000b78      0x124 ./source/main.o
 .text.prepocetNaJednoG
                0x00000c9c       0x80 ./source/main.o
 .text.vypocetNaklonu
                0x00000d1c      0x118 ./source/main.o
 .text.odosliData
                0x00000e34       0x3c ./source/main.o
 .text.main     0x00000e70      0x20c ./source/main.o
                0x00000e70                main
 .text.HardFault_Handler
                0x0000107c       0x30 ./source/semihost_hardfault.o
                0x0000107c                HardFault_Handler
 .text.CLOCK_SetEr32kClock
                0x000010ac       0x34 ./drivers/fsl_clock.o
 .text.CLOCK_SetPllFllSelClock
                0x000010e0       0x38 ./drivers/fsl_clock.o
 .text.CLOCK_GetMcgExtClkFreq
                0x00001118       0x28 ./drivers/fsl_clock.o
 .text.CLOCK_GetFllExtRefClkFreq
                0x00001140       0xa4 ./drivers/fsl_clock.o
 .text.CLOCK_GetInternalRefClkSelectFreq
                0x000011e4       0x40 ./drivers/fsl_clock.o
 .text.CLOCK_GetFllRefClkFreq
                0x00001224       0x2c ./drivers/fsl_clock.o
 .text.CLOCK_GetOscRangeFromFreq
                0x00001250       0x4c ./drivers/fsl_clock.o
 .text.CLOCK_GetOsc0ErClkFreq
                0x0000129c       0x3c ./drivers/fsl_clock.o
                0x0000129c                CLOCK_GetOsc0ErClkFreq
 .text.CLOCK_GetEr32kClkFreq
                0x000012d8       0x74 ./drivers/fsl_clock.o
                0x000012d8                CLOCK_GetEr32kClkFreq
 .text.CLOCK_GetPllFllSelClkFreq
                0x0000134c       0x4c ./drivers/fsl_clock.o
                0x0000134c                CLOCK_GetPllFllSelClkFreq
 .text.CLOCK_GetFreq
                0x00001398       0xe0 ./drivers/fsl_clock.o
                0x00001398                CLOCK_GetFreq
 .text.CLOCK_SetSimConfig
                0x00001478       0x38 ./drivers/fsl_clock.o
                0x00001478                CLOCK_SetSimConfig
 .text.CLOCK_GetOutClkFreq
                0x000014b0       0x68 ./drivers/fsl_clock.o
                0x000014b0                CLOCK_GetOutClkFreq
 .text.CLOCK_GetFllFreq
                0x00001518       0x84 ./drivers/fsl_clock.o
                0x00001518                CLOCK_GetFllFreq
 .text.CLOCK_GetInternalRefClkFreq
                0x0000159c       0x28 ./drivers/fsl_clock.o
                0x0000159c                CLOCK_GetInternalRefClkFreq
 .text.CLOCK_GetPll0Freq
                0x000015c4       0x70 ./drivers/fsl_clock.o
                0x000015c4                CLOCK_GetPll0Freq
 .text.CLOCK_SetInternalRefClkConfig
                0x00001634      0x124 ./drivers/fsl_clock.o
                0x00001634                CLOCK_SetInternalRefClkConfig
 .text.CLOCK_EnablePll0
                0x00001758       0x90 ./drivers/fsl_clock.o
                0x00001758                CLOCK_EnablePll0
 .text.CLOCK_InitOsc0
                0x000017e8       0x94 ./drivers/fsl_clock.o
                0x000017e8                CLOCK_InitOsc0
 .text.CLOCK_SetPbeMode
                0x0000187c       0xb0 ./drivers/fsl_clock.o
                0x0000187c                CLOCK_SetPbeMode
 .text.CLOCK_BootToPeeMode
                0x0000192c       0x70 ./drivers/fsl_clock.o
                0x0000192c                CLOCK_BootToPeeMode
 .text.NVIC_EnableIRQ
                0x0000199c       0x2c ./drivers/fsl_dma.o
 .text.CLOCK_EnableClock
                0x000019c8       0x34 ./drivers/fsl_dma.o
 .text.DMA_EnableInterrupts
                0x000019fc       0x4c ./drivers/fsl_dma.o
 .text.DMA_ClearChannelStatusFlags
                0x00001a48       0x54 ./drivers/fsl_dma.o
 .text.DMA_GetInstance
                0x00001a9c       0x48 ./drivers/fsl_dma.o
 .text.DMA_Init
                0x00001ae4       0x24 ./drivers/fsl_dma.o
                0x00001ae4                DMA_Init
 .text.DMA_ResetChannel
                0x00001b08       0x90 ./drivers/fsl_dma.o
                0x00001b08                DMA_ResetChannel
 .text.DMA_SetTransferConfig
                0x00001b98       0xdc ./drivers/fsl_dma.o
                0x00001b98                DMA_SetTransferConfig
 .text.DMA_CreateHandle
                0x00001c74       0x90 ./drivers/fsl_dma.o
                0x00001c74                DMA_CreateHandle
 .text.DMA_PrepareTransfer
                0x00001d04      0x130 ./drivers/fsl_dma.o
                0x00001d04                DMA_PrepareTransfer
 .text.DMA_SetCallback
                0x00001e34       0x34 ./drivers/fsl_dma.o
                0x00001e34                DMA_SetCallback
 .text.DMA_SubmitTransfer
                0x00001e68       0x9c ./drivers/fsl_dma.o
                0x00001e68                DMA_SubmitTransfer
 .text.DMA_HandleIRQ
                0x00001f04       0x4c ./drivers/fsl_dma.o
                0x00001f04                DMA_HandleIRQ
 .text.DMA0_DriverIRQHandler
                0x00001f50       0x18 ./drivers/fsl_dma.o
                0x00001f50                DMA0_DriverIRQHandler
 .text.DMA1_DriverIRQHandler
                0x00001f68       0x18 ./drivers/fsl_dma.o
                0x00001f68                DMA1_DriverIRQHandler
 .text.DMA2_DriverIRQHandler
                0x00001f80       0x18 ./drivers/fsl_dma.o
                0x00001f80                DMA2_DriverIRQHandler
 .text.DMA3_DriverIRQHandler
                0x00001f98       0x18 ./drivers/fsl_dma.o
                0x00001f98                DMA3_DriverIRQHandler
 .text.CLOCK_EnableClock
                0x00001fb0       0x34 ./drivers/fsl_dmamux.o
 .text.DMAMUX_GetInstance
                0x00001fe4       0x48 ./drivers/fsl_dmamux.o
 .text.DMAMUX_Init
                0x0000202c       0x24 ./drivers/fsl_dmamux.o
                0x0000202c                DMAMUX_Init
 .text.GPIO_GetInstance
                0x00002050       0x4c ./drivers/fsl_gpio.o
 .text.GPIO_PinInit
                0x0000209c       0x64 ./drivers/fsl_gpio.o
                0x0000209c                GPIO_PinInit
 .text.GPIO_GetPinsInterruptFlags
                0x00002100       0x38 ./drivers/fsl_gpio.o
                0x00002100                GPIO_GetPinsInterruptFlags
 .text.GPIO_ClearPinsInterruptFlags
                0x00002138       0x3c ./drivers/fsl_gpio.o
                0x00002138                GPIO_ClearPinsInterruptFlags
 .text.NVIC_EnableIRQ
                0x00002174       0x2c ./drivers/fsl_i2c.o
 .text.CLOCK_EnableClock
                0x000021a0       0x34 ./drivers/fsl_i2c.o
 .text.I2C_GetInstance
                0x000021d4       0x4c ./drivers/fsl_i2c.o
                0x000021d4                I2C_GetInstance
 .text.I2C_InitTransferStateMachine
                0x00002220       0x9c ./drivers/fsl_i2c.o
 .text.I2C_CheckAndClearError
                0x000022bc       0x40 ./drivers/fsl_i2c.o
 .text.I2C_MasterTransferRunStateMachine
                0x000022fc      0x264 ./drivers/fsl_i2c.o
 .text.I2C_TransferCommonIRQHandler
                0x00002560       0x54 ./drivers/fsl_i2c.o
 .text.I2C_MasterInit
                0x000025b4       0xfc ./drivers/fsl_i2c.o
                0x000025b4                I2C_MasterInit
 .text.I2C_MasterGetDefaultConfig
                0x000026b0       0x40 ./drivers/fsl_i2c.o
                0x000026b0                I2C_MasterGetDefaultConfig
 .text.I2C_MasterSetBaudRate
                0x000026f0       0xf0 ./drivers/fsl_i2c.o
                0x000026f0                I2C_MasterSetBaudRate
 .text.I2C_MasterStart
                0x000027e0       0x74 ./drivers/fsl_i2c.o
                0x000027e0                I2C_MasterStart
 .text.I2C_MasterRepeatedStart
                0x00002854       0xbc ./drivers/fsl_i2c.o
                0x00002854                I2C_MasterRepeatedStart
 .text.I2C_MasterTransferCreateHandle
                0x00002910       0x7c ./drivers/fsl_i2c.o
                0x00002910                I2C_MasterTransferCreateHandle
 .text.I2C_MasterTransferNonBlocking
                0x0000298c       0x70 ./drivers/fsl_i2c.o
                0x0000298c                I2C_MasterTransferNonBlocking
 .text.I2C_MasterTransferHandleIRQ
                0x000029fc       0xbc ./drivers/fsl_i2c.o
                0x000029fc                I2C_MasterTransferHandleIRQ
 .text.I2C0_DriverIRQHandler
                0x00002ab8       0x20 ./drivers/fsl_i2c.o
                0x00002ab8                I2C0_DriverIRQHandler
 .text.I2C1_DriverIRQHandler
                0x00002ad8       0x20 ./drivers/fsl_i2c.o
                0x00002ad8                I2C1_DriverIRQHandler
 .text.CLOCK_EnableClock
                0x00002af8       0x34 ./drivers/fsl_lpsci.o
 .text.LPSCI_GetInstance
                0x00002b2c       0x48 ./drivers/fsl_lpsci.o
                0x00002b2c                LPSCI_GetInstance
 .text.LPSCI_Init
                0x00002b74      0x258 ./drivers/fsl_lpsci.o
                0x00002b74                LPSCI_Init
 .text.LPSCI_GetDefaultConfig
                0x00002dcc       0x44 ./drivers/fsl_lpsci.o
                0x00002dcc                LPSCI_GetDefaultConfig
 .text.LPSCI_ClearStatusFlags
                0x00002e10       0x94 ./drivers/fsl_lpsci.o
                0x00002e10                LPSCI_ClearStatusFlags
 .text.LPSCI_WriteBlocking
                0x00002ea4       0x4c ./drivers/fsl_lpsci.o
                0x00002ea4                LPSCI_WriteBlocking
 .text.LPSCI_ReadBlocking
                0x00002ef0       0xc0 ./drivers/fsl_lpsci.o
                0x00002ef0                LPSCI_ReadBlocking
 .text.UART0_DriverIRQHandler
                0x00002fb0       0x24 ./drivers/fsl_lpsci.o
                0x00002fb0                UART0_DriverIRQHandler
 .text.DMA_DisableInterrupts
                0x00002fd4       0x48 ./drivers/fsl_lpsci_dma.o
 .text.DMA_StartTransfer
                0x0000301c       0x54 ./drivers/fsl_lpsci_dma.o
 .text.LPSCI_TransferSendDMACallback
                0x00003070       0x84 ./drivers/fsl_lpsci_dma.o
 .text.LPSCI_TransferReceiveDMACallback
                0x000030f4       0x84 ./drivers/fsl_lpsci_dma.o
 .text.LPSCI_TransferCreateHandleDMA
                0x00003178       0xb8 ./drivers/fsl_lpsci_dma.o
                0x00003178                LPSCI_TransferCreateHandleDMA
 .text.LPSCI_TransferSendDMA
                0x00003230       0xe8 ./drivers/fsl_lpsci_dma.o
                0x00003230                LPSCI_TransferSendDMA
 .text.CLOCK_EnableClock
                0x00003318       0x34 ./drivers/fsl_uart.o
 .text.UART_GetInstance
                0x0000334c       0x54 ./drivers/fsl_uart.o
                0x0000334c                UART_GetInstance
 .text.UART_Init
                0x000033a0      0x1e0 ./drivers/fsl_uart.o
                0x000033a0                UART_Init
 .text.UART_GetDefaultConfig
                0x00003580       0x44 ./drivers/fsl_uart.o
                0x00003580                UART_GetDefaultConfig
 .text.UART_ReadBlocking
                0x000035c4       0x98 ./drivers/fsl_uart.o
                0x000035c4                UART_ReadBlocking
 .text.UART1_DriverIRQHandler
                0x0000365c       0x24 ./drivers/fsl_uart.o
                0x0000365c                UART1_DriverIRQHandler
 .text.UART2_DriverIRQHandler
                0x00003680       0x24 ./drivers/fsl_uart.o
                0x00003680                UART2_DriverIRQHandler
 .text.CLOCK_SetLpsci0Clock
                0x000036a4       0x38 ./board/board.o
 .text.BOARD_InitDebugConsole
                0x000036dc       0x30 ./board/board.o
                0x000036dc                BOARD_InitDebugConsole
 .text.CLOCK_SetSimSafeDivs
                0x0000370c       0x20 ./board/clock_config.o
 .text.CLOCK_SetXtal0Freq
                0x0000372c       0x1c ./board/clock_config.o
 .text.CLOCK_CONFIG_SetFllExtRefDiv
                0x00003748       0x3c ./board/clock_config.o
 .text.BOARD_BootClockRUN
                0x00003784       0x64 ./board/clock_config.o
                0x00003784                BOARD_BootClockRUN
 .text.CLOCK_EnableClock
                0x000037e8       0x34 ./board/pin_mux.o
 .text.PORT_SetPinConfig
                0x0000381c       0x38 ./board/pin_mux.o
 .text.PORT_SetPinMux
                0x00003854       0x40 ./board/pin_mux.o
 .text.PORT_SetPinInterruptConfig
                0x00003894       0x40 ./board/pin_mux.o
 .text.BOARD_InitPins
                0x000038d4      0x118 ./board/pin_mux.o
                0x000038d4                BOARD_InitPins
 .text.BOARD_I2C_ConfigurePins
                0x000039ec       0x8c ./board/pin_mux.o
                0x000039ec                BOARD_I2C_ConfigurePins
 .text.SystemInit
                0x00003a78       0x18 ./CMSIS/system_MKL25Z4.o
                0x00003a78                SystemInit
 .text.__assertion_failed
                0x00003a90       0x4c c:/nxp/mcuxpressoide_11.0.1_2563/ide/plugins/com.nxp.mcuxpresso.tools.win32_11.0.1.201907311258/tools/bin/../lib/gcc/arm-none-eabi/8.2.1/../../../../arm-none-eabi/lib/thumb/v6-m/nofp\libcr_semihost_nf.a(_cr_assert.o)
                0x00003a90                __assertion_failed
 .text.__sys_appexit
                0x00003adc        0xc c:/nxp/mcuxpressoide_11.0.1_2563/ide/plugins/com.nxp.mcuxpresso.tools.win32_11.0.1.201907311258/tools/bin/../lib/gcc/arm-none-eabi/8.2.1/../../../../arm-none-eabi/lib/thumb/v6-m/nofp\libcr_semihost_nf.a(__sys_appexit.o)
                0x00003adc                __sys_appexit
                0x00003adc                __exit
 .text._deferredlazyseek
                0x00003ae8       0x40 c:/nxp/mcuxpressoide_11.0.1_2563/ide/plugins/com.nxp.mcuxpresso.tools.win32_11.0.1.201907311258/tools/bin/../lib/gcc/arm-none-eabi/8.2.1/../../../../arm-none-eabi/lib/thumb/v6-m/nofp\libcr_c.a(_deferredlazyseek.o)
                0x00003ae8                _deferredlazyseek
 .text.__flsbuf
                0x00003b28      0x14c c:/nxp/mcuxpressoide_11.0.1_2563/ide/plugins/com.nxp.mcuxpresso.tools.win32_11.0.1.201907311258/tools/bin/../lib/gcc/arm-none-eabi/8.2.1/../../../../arm-none-eabi/lib/thumb/v6-m/nofp\libcr_c.a(_deferredlazyseek.o)
                0x00003b28                __flsbuf
 .text._fflush  0x00003c74       0x5c c:/nxp/mcuxpressoide_11.0.1_2563/ide/plugins/com.nxp.mcuxpresso.tools.win32_11.0.1.201907311258/tools/bin/../lib/gcc/arm-none-eabi/8.2.1/../../../../arm-none-eabi/lib/thumb/v6-m/nofp\libcr_c.a(_fflush.o)
                0x00003c74                _fflush
 .text._Cwritebuf
                0x00003cd0       0x68 c:/nxp/mcuxpressoide_11.0.1_2563/ide/plugins/com.nxp.mcuxpresso.tools.win32_11.0.1.201907311258/tools/bin/../lib/gcc/arm-none-eabi/8.2.1/../../../../arm-none-eabi/lib/thumb/v6-m/nofp\libcr_c.a(_writebuf.o)
                0x00003cd0                _Cwritebuf
 .text.malloc   0x00003d38       0xcc c:/nxp/mcuxpressoide_11.0.1_2563/ide/plugins/com.nxp.mcuxpresso.tools.win32_11.0.1.201907311258/tools/bin/../lib/gcc/arm-none-eabi/8.2.1/../../../../arm-none-eabi/lib/thumb/v6-m/nofp\libcr_c.a(alloc.o)
                0x00003d38                malloc
 .text._Csys_alloc
                0x00003e04       0x20 c:/nxp/mcuxpressoide_11.0.1_2563/ide/plugins/com.nxp.mcuxpresso.tools.win32_11.0.1.201907311258/tools/bin/../lib/gcc/arm-none-eabi/8.2.1/../../../../arm-none-eabi/lib/thumb/v6-m/nofp\libcr_c.a(alloc.o)
                0x00003e04                _Csys_alloc
 .text.atan     0x00003e24      0x204 c:/nxp/mcuxpressoide_11.0.1_2563/ide/plugins/com.nxp.mcuxpresso.tools.win32_11.0.1.201907311258/tools/bin/../lib/gcc/arm-none-eabi/8.2.1/../../../../arm-none-eabi/lib/thumb/v6-m/nofp\libcr_c.a(atan.o)
                0x00003e24                atan
 .text.fseek    0x00004028       0xf0 c:/nxp/mcuxpressoide_11.0.1_2563/ide/plugins/com.nxp.mcuxpresso.tools.win32_11.0.1.201907311258/tools/bin/../lib/gcc/arm-none-eabi/8.2.1/../../../../arm-none-eabi/lib/thumb/v6-m/nofp\libcr_c.a(fseek.o)
                0x00004028                fseek
 .text.ftell    0x00004118       0x48 c:/nxp/mcuxpressoide_11.0.1_2563/ide/plugins/com.nxp.mcuxpresso.tools.win32_11.0.1.201907311258/tools/bin/../lib/gcc/arm-none-eabi/8.2.1/../../../../arm-none-eabi/lib/thumb/v6-m/nofp\libcr_c.a(ftell.o)
                0x00004118                ftell
 .text._initio  0x00004160       0x7c c:/nxp/mcuxpressoide_11.0.1_2563/ide/plugins/com.nxp.mcuxpresso.tools.win32_11.0.1.201907311258/tools/bin/../lib/gcc/arm-none-eabi/8.2.1/../../../../arm-none-eabi/lib/thumb/v6-m/nofp\libcr_c.a(initio.o)
                0x00004160                _initio
 .text.setvbuf  0x000041dc       0x4c c:/nxp/mcuxpressoide_11.0.1_2563/ide/plugins/com.nxp.mcuxpresso.tools.win32_11.0.1.201907311258/tools/bin/../lib/gcc/arm-none-eabi/8.2.1/../../../../arm-none-eabi/lib/thumb/v6-m/nofp\libcr_c.a(setvbuf.o)
                0x000041dc                setvbuf
 .text.sqrt     0x00004228      0x13c c:/nxp/mcuxpressoide_11.0.1_2563/ide/plugins/com.nxp.mcuxpresso.tools.win32_11.0.1.201907311258/tools/bin/../lib/gcc/arm-none-eabi/8.2.1/../../../../arm-none-eabi/lib/thumb/v6-m/nofp\libcr_c.a(sqrt.o)
                0x00004228                sqrt
 .text._sbrk    0x00004364       0x40 c:/nxp/mcuxpressoide_11.0.1_2563/ide/plugins/com.nxp.mcuxpresso.tools.win32_11.0.1.201907311258/tools/bin/../lib/gcc/arm-none-eabi/8.2.1/../../../../arm-none-eabi/lib/thumb/v6-m/nofp\libcr_c.a(_cr_sbrk.o)
                0x00004364                _sbrk
 .text._fdopen  0x000043a4       0x74 c:/nxp/mcuxpressoide_11.0.1_2563/ide/plugins/com.nxp.mcuxpresso.tools.win32_11.0.1.201907311258/tools/bin/../lib/gcc/arm-none-eabi/8.2.1/../../../../arm-none-eabi/lib/thumb/v6-m/nofp\libcr_c.a(_fdopen.o)
                0x000043a4                _fdopen
 .text.fclose   0x00004418       0x5c c:/nxp/mcuxpressoide_11.0.1_2563/ide/plugins/com.nxp.mcuxpresso.tools.win32_11.0.1.201907311258/tools/bin/../lib/gcc/arm-none-eabi/8.2.1/../../../../arm-none-eabi/lib/thumb/v6-m/nofp\libcr_c.a(fclose.o)
                0x00004418                fclose
 .text.fflush   0x00004474       0x44 c:/nxp/mcuxpressoide_11.0.1_2563/ide/plugins/com.nxp.mcuxpresso.tools.win32_11.0.1.201907311258/tools/bin/../lib/gcc/arm-none-eabi/8.2.1/../../../../arm-none-eabi/lib/thumb/v6-m/nofp\libcr_c.a(fflush.o)
                0x00004474                fflush
 .text.strlen   0x000044b8       0x58 c:/nxp/mcuxpressoide_11.0.1_2563/ide/plugins/com.nxp.mcuxpresso.tools.win32_11.0.1.201907311258/tools/bin/../lib/gcc/arm-none-eabi/8.2.1/../../../../arm-none-eabi/lib/thumb/v6-m/nofp\libcr_c.a(strlen.o)
                0x000044b8                strlen
 .text.__check_heap_overflow
                0x00004510       0x14 c:/nxp/mcuxpressoide_11.0.1_2563/ide/plugins/com.nxp.mcuxpresso.tools.win32_11.0.1.201907311258/tools/bin/../lib/gcc/arm-none-eabi/8.2.1/../../../../arm-none-eabi/lib/thumb/v6-m/nofp\libcr_c.a(_cr_check_heap.o)
                0x00004510                __check_heap_overflow
 .text._do_fflush
                0x00004524       0x44 c:/nxp/mcuxpressoide_11.0.1_2563/ide/plugins/com.nxp.mcuxpresso.tools.win32_11.0.1.201907311258/tools/bin/../lib/gcc/arm-none-eabi/8.2.1/../../../../arm-none-eabi/lib/thumb/v6-m/nofp\libcr_c.a(_do_fflush.o)
                0x00004524                _do_fflush
 .text.__aeabi_dmul
                0x00004568      0x188 c:/nxp/mcuxpressoide_11.0.1_2563/ide/plugins/com.nxp.mcuxpresso.tools.win32_11.0.1.201907311258/tools/bin/../lib/gcc/arm-none-eabi/8.2.1/thumb/v6-m/nofp\libcr_eabihelpers.a(double.o)
                0x00004568                __aeabi_dmul
 .text.__aeabi_ddiv
                0x000046f0      0x148 c:/nxp/mcuxpressoide_11.0.1_2563/ide/plugins/com.nxp.mcuxpresso.tools.win32_11.0.1.201907311258/tools/bin/../lib/gcc/arm-none-eabi/8.2.1/thumb/v6-m/nofp\libcr_eabihelpers.a(double.o)
                0x000046f0                __aeabi_ddiv
 .text.__aeabi_dsub
                0x00004838      0x1c4 c:/nxp/mcuxpressoide_11.0.1_2563/ide/plugins/com.nxp.mcuxpresso.tools.win32_11.0.1.201907311258/tools/bin/../lib/gcc/arm-none-eabi/8.2.1/thumb/v6-m/nofp\libcr_eabihelpers.a(double.o)
                0x00004838                __aeabi_dsub
 .text.__aeabi_dadd
                0x000049fc      0x12c c:/nxp/mcuxpressoide_11.0.1_2563/ide/plugins/com.nxp.mcuxpresso.tools.win32_11.0.1.201907311258/tools/bin/../lib/gcc/arm-none-eabi/8.2.1/thumb/v6-m/nofp\libcr_eabihelpers.a(double.o)
                0x000049fc                __aeabi_dadd
 .text.__aeabi_d2iz
                0x00004b28       0x4c c:/nxp/mcuxpressoide_11.0.1_2563/ide/plugins/com.nxp.mcuxpresso.tools.win32_11.0.1.201907311258/tools/bin/../lib/gcc/arm-none-eabi/8.2.1/thumb/v6-m/nofp\libcr_eabihelpers.a(double.o)
                0x00004b28                __aeabi_d2iz
 .text.__aeabi_dcmplt
                0x00004b74       0x60 c:/nxp/mcuxpressoide_11.0.1_2563/ide/plugins/com.nxp.mcuxpresso.tools.win32_11.0.1.201907311258/tools/bin/../lib/gcc/arm-none-eabi/8.2.1/thumb/v6-m/nofp\libcr_eabihelpers.a(double.o)
                0x00004b74                __aeabi_dcmplt
 .text.__aeabi_dcmpgt
                0x00004bd4       0x58 c:/nxp/mcuxpressoide_11.0.1_2563/ide/plugins/com.nxp.mcuxpresso.tools.win32_11.0.1.201907311258/tools/bin/../lib/gcc/arm-none-eabi/8.2.1/thumb/v6-m/nofp\libcr_eabihelpers.a(double.o)
                0x00004bd4                __aeabi_dcmpgt
 .text.__aeabi_dcmple
                0x00004c2c       0x58 c:/nxp/mcuxpressoide_11.0.1_2563/ide/plugins/com.nxp.mcuxpresso.tools.win32_11.0.1.201907311258/tools/bin/../lib/gcc/arm-none-eabi/8.2.1/thumb/v6-m/nofp\libcr_eabihelpers.a(double.o)
                0x00004c2c                __aeabi_dcmple
 .text.__aeabi_fdiv
                0x00004c84       0xdc c:/nxp/mcuxpressoide_11.0.1_2563/ide/plugins/com.nxp.mcuxpresso.tools.win32_11.0.1.201907311258/tools/bin/../lib/gcc/arm-none-eabi/8.2.1/thumb/v6-m/nofp\libcr_eabihelpers.a(float.o)
                0x00004c84                __aeabi_fdiv
 .text.UART_EnableTx
                0x00004d60       0x40 ./utilities/fsl_debug_console.o
 .text.UART_EnableRx
                0x00004da0       0x40 ./utilities/fsl_debug_console.o
 .text.LPSCI_EnableTx
                0x00004de0       0x40 ./utilities/fsl_debug_console.o
 .text.LPSCI_EnableRx
                0x00004e20       0x40 ./utilities/fsl_debug_console.o
 .text.EnableIRQ
                0x00004e60       0x2c ./source/main.o
 .text.GPIO_WritePinOutput
                0x00004e8c       0x34 ./source/main.o
 .text.GPIO_TogglePinsOutput
                0x00004ec0       0x18 ./source/main.o
 .text.i2c_release_bus_delay
                0x00004ed8       0x26 ./source/main.o
 .text.MMA8451init
                0x00004efe       0x52 ./source/main.o
 .text.OSC_SetExtRefClkConfig
                0x00004f50       0x3e ./drivers/fsl_clock.o
 .text.OSC_SetCapLoad
                0x00004f8e       0x42 ./drivers/fsl_clock.o
 .text.CLOCK_GetPll0RefFreq
                0x00004fd0       0x10 ./drivers/fsl_clock.o
 .text.CLOCK_GetFixedFreqClkFreq
                0x00004fe0       0x30 ./drivers/fsl_clock.o
                0x00004fe0                CLOCK_GetFixedFreqClkFreq
 .text.CLOCK_SetExternalRefClkConfig
                0x00005010       0x16 ./drivers/fsl_clock.o
                0x00005010                CLOCK_SetExternalRefClkConfig
 .text.EnableIRQ
                0x00005026       0x2c ./drivers/fsl_dma.o
 .text.GPIO_WritePinOutput
                0x00005052       0x34 ./drivers/fsl_gpio.o
 .text.EnableIRQ
                0x00005086       0x2c ./drivers/fsl_i2c.o
 .text.I2C_MasterClearStatusFlags
                0x000050b2       0x38 ./drivers/fsl_i2c.o
 .text.I2C_EnableInterrupts
                0x000050ea       0x5c ./drivers/fsl_i2c.o
                0x000050ea                I2C_EnableInterrupts
 .text.I2C_DisableInterrupts
                0x00005146       0x42 ./drivers/fsl_i2c.o
                0x00005146                I2C_DisableInterrupts
 .text.I2C_MasterStop
                0x00005188       0x64 ./drivers/fsl_i2c.o
                0x00005188                I2C_MasterStop
 .text.I2C_MasterGetStatusFlags
                0x000051ec       0x32 ./drivers/fsl_i2c.o
                0x000051ec                I2C_MasterGetStatusFlags
 .text.LPSCI_GetStatusFlags
                0x0000521e       0x26 ./drivers/fsl_lpsci.o
                0x0000521e                LPSCI_GetStatusFlags
 .text.LPSCI_GetDataRegisterAddress
                0x00005244       0x14 ./drivers/fsl_lpsci_dma.o
 .text.LPSCI_EnableTxDMA
                0x00005258       0x64 ./drivers/fsl_lpsci_dma.o
 .text.LPSCI_EnableRxDMA
                0x000052bc       0x60 ./drivers/fsl_lpsci_dma.o
 .text.UART_GetStatusFlags
                0x0000531c       0x26 ./drivers/fsl_uart.o
                0x0000531c                UART_GetStatusFlags
 .text.UART_WriteBlocking
                0x00005342       0x3a ./drivers/fsl_uart.o
                0x00005342                UART_WriteBlocking
 .text.__main   0x0000537c        0xc c:/nxp/mcuxpressoide_11.0.1_2563/ide/plugins/com.nxp.mcuxpresso.tools.win32_11.0.1.201907311258/tools/bin/../lib/gcc/arm-none-eabi/8.2.1/../../../../arm-none-eabi/lib/thumb/v6-m/nofp\libcr_semihost_nf.a(_cr__main.o)
                0x0000537c                __CR_SEMIHOST
                0x0000537c                __main
 .text.memset   0x00005388        0x8 c:/nxp/mcuxpressoide_11.0.1_2563/ide/plugins/com.nxp.mcuxpresso.tools.win32_11.0.1.201907311258/tools/bin/../lib/gcc/arm-none-eabi/8.2.1/../../../../arm-none-eabi/lib/thumb/v6-m/nofp\libcr_c.a(memset.o)
                0x00005388                memset
 .text.free     0x00005390       0x2c c:/nxp/mcuxpressoide_11.0.1_2563/ide/plugins/com.nxp.mcuxpresso.tools.win32_11.0.1.201907311258/tools/bin/../lib/gcc/arm-none-eabi/8.2.1/../../../../arm-none-eabi/lib/thumb/v6-m/nofp\libcr_c.a(alloc.o)
                0x00005390                free
 .text.fabs     0x000053bc       0x22 c:/nxp/mcuxpressoide_11.0.1_2563/ide/plugins/com.nxp.mcuxpresso.tools.win32_11.0.1.201907311258/tools/bin/../lib/gcc/arm-none-eabi/8.2.1/../../../../arm-none-eabi/lib/thumb/v6-m/nofp\libcr_c.a(fabs.o)
                0x000053bc                fabs
 .text.fputs    0x000053de       0x2e c:/nxp/mcuxpressoide_11.0.1_2563/ide/plugins/com.nxp.mcuxpresso.tools.win32_11.0.1.201907311258/tools/bin/../lib/gcc/arm-none-eabi/8.2.1/../../../../arm-none-eabi/lib/thumb/v6-m/nofp\libcr_c.a(fputs.o)
                0x000053de                fputs
 .text.remove   0x0000540c       0x12 c:/nxp/mcuxpressoide_11.0.1_2563/ide/plugins/com.nxp.mcuxpresso.tools.win32_11.0.1.201907311258/tools/bin/../lib/gcc/arm-none-eabi/8.2.1/../../../../arm-none-eabi/lib/thumb/v6-m/nofp\libcr_c.a(remove.o)
                0x0000540c                remove
 .text.__aeabi_division_idivmod
                0x0000541e       0x78 c:/nxp/mcuxpressoide_11.0.1_2563/ide/plugins/com.nxp.mcuxpresso.tools.win32_11.0.1.201907311258/tools/bin/../lib/gcc/arm-none-eabi/8.2.1/thumb/v6-m/nofp\libcr_eabihelpers.a(division_32.o)
                0x0000541e                __aeabi_idivmod
                0x0000541e                __aeabi_idiv
                0x00005424                __aeabi_uidivmod
                0x00005424                __aeabi_uidiv
 .text.__aeabi_division_idiv0
                0x00005496        0x2 c:/nxp/mcuxpressoide_11.0.1_2563/ide/plugins/com.nxp.mcuxpresso.tools.win32_11.0.1.201907311258/tools/bin/../lib/gcc/arm-none-eabi/8.2.1/thumb/v6-m/nofp\libcr_eabihelpers.a(division_idiv0.o)
                0x00005496                __aeabi_idiv0
 .text.__bhs_ui2d
                0x00005498       0x5e c:/nxp/mcuxpressoide_11.0.1_2563/ide/plugins/com.nxp.mcuxpresso.tools.win32_11.0.1.201907311258/tools/bin/../lib/gcc/arm-none-eabi/8.2.1/thumb/v6-m/nofp\libcr_eabihelpers.a(double.o)
                0x00005498                __bhs_ui2d
 .text.__aeabi_i2d
                0x000054f6       0x18 c:/nxp/mcuxpressoide_11.0.1_2563/ide/plugins/com.nxp.mcuxpresso.tools.win32_11.0.1.201907311258/tools/bin/../lib/gcc/arm-none-eabi/8.2.1/thumb/v6-m/nofp\libcr_eabihelpers.a(double.o)
                0x000054f6                __aeabi_i2d
 .text.__bhs_ui2f
                0x0000550e       0x62 c:/nxp/mcuxpressoide_11.0.1_2563/ide/plugins/com.nxp.mcuxpresso.tools.win32_11.0.1.201907311258/tools/bin/../lib/gcc/arm-none-eabi/8.2.1/thumb/v6-m/nofp\libcr_eabihelpers.a(float.o)
                0x0000550e                __bhs_ui2f
 .text.__aeabi_i2f
                0x00005570       0x18 c:/nxp/mcuxpressoide_11.0.1_2563/ide/plugins/com.nxp.mcuxpresso.tools.win32_11.0.1.201907311258/tools/bin/../lib/gcc/arm-none-eabi/8.2.1/thumb/v6-m/nofp\libcr_eabihelpers.a(float.o)
                0x00005570                __aeabi_i2f
 .text.__aeabi_llong_lmul
                0x00005588       0x2e c:/nxp/mcuxpressoide_11.0.1_2563/ide/plugins/com.nxp.mcuxpresso.tools.win32_11.0.1.201907311258/tools/bin/../lib/gcc/arm-none-eabi/8.2.1/thumb/v6-m/nofp\libcr_eabihelpers.a(llong.o)
                0x00005588                __aeabi_lmul
 .text.__aeabi_memset_lowlevel
                0x000055b6       0x2a c:/nxp/mcuxpressoide_11.0.1_2563/ide/plugins/com.nxp.mcuxpresso.tools.win32_11.0.1.201907311258/tools/bin/../lib/gcc/arm-none-eabi/8.2.1/thumb/v6-m/nofp\libcr_eabihelpers.a(memcpy.o)
                0x000055b6                __aeabi_lowlevel_memset
 .text.__sys_close
                0x000055e0        0xc c:/nxp/mcuxpressoide_11.0.1_2563/ide/plugins/com.nxp.mcuxpresso.tools.win32_11.0.1.201907311258/tools/bin/../lib/gcc/arm-none-eabi/8.2.1/../../../../arm-none-eabi/lib/thumb/v6-m/nofp\libcr_semihost_nf.a(__sys_close.o)
                0x000055e0                __sys_close
 .text.__sys_flen
                0x000055ec        0xc c:/nxp/mcuxpressoide_11.0.1_2563/ide/plugins/com.nxp.mcuxpresso.tools.win32_11.0.1.201907311258/tools/bin/../lib/gcc/arm-none-eabi/8.2.1/../../../../arm-none-eabi/lib/thumb/v6-m/nofp\libcr_semihost_nf.a(__sys_flen.o)
                0x000055ec                __sys_flen
 .text.__sys_istty
                0x000055f8        0xc c:/nxp/mcuxpressoide_11.0.1_2563/ide/plugins/com.nxp.mcuxpresso.tools.win32_11.0.1.201907311258/tools/bin/../lib/gcc/arm-none-eabi/8.2.1/../../../../arm-none-eabi/lib/thumb/v6-m/nofp\libcr_semihost_nf.a(__sys_istty.o)
                0x000055f8                __sys_istty
 .text.__sys_remove
                0x00005604        0xc c:/nxp/mcuxpressoide_11.0.1_2563/ide/plugins/com.nxp.mcuxpresso.tools.win32_11.0.1.201907311258/tools/bin/../lib/gcc/arm-none-eabi/8.2.1/../../../../arm-none-eabi/lib/thumb/v6-m/nofp\libcr_semihost_nf.a(__sys_remove.o)
                0x00005604                __sys_remove
 .text.__sys_seek
                0x00005610        0xc c:/nxp/mcuxpressoide_11.0.1_2563/ide/plugins/com.nxp.mcuxpresso.tools.win32_11.0.1.201907311258/tools/bin/../lib/gcc/arm-none-eabi/8.2.1/../../../../arm-none-eabi/lib/thumb/v6-m/nofp\libcr_semihost_nf.a(__sys_seek.o)
                0x00005610                __sys_seek
 .text.__sys_tmpnam
                0x0000561c        0xc c:/nxp/mcuxpressoide_11.0.1_2563/ide/plugins/com.nxp.mcuxpresso.tools.win32_11.0.1.201907311258/tools/bin/../lib/gcc/arm-none-eabi/8.2.1/../../../../arm-none-eabi/lib/thumb/v6-m/nofp\libcr_semihost_nf.a(__sys_tmpnam.o)
                0x0000561c                __sys_tmpnam
 .text.__sys_write
                0x00005628        0xc c:/nxp/mcuxpressoide_11.0.1_2563/ide/plugins/com.nxp.mcuxpresso.tools.win32_11.0.1.201907311258/tools/bin/../lib/gcc/arm-none-eabi/8.2.1/../../../../arm-none-eabi/lib/thumb/v6-m/nofp\libcr_semihost_nf.a(__sys_write.o)
                0x00005628                __sys_write
 *(SORT_BY_ALIGNMENT(.rodata) SORT_BY_ALIGNMENT(.rodata.*) SORT_BY_ALIGNMENT(.constdata) SORT_BY_ALIGNMENT(.constdata.*))
 *fill*         0x00005634        0x4 ff
 .rodata.a.3969
                0x00005638       0x20 c:/nxp/mcuxpressoide_11.0.1_2563/ide/plugins/com.nxp.mcuxpresso.tools.win32_11.0.1.201907311258/tools/bin/../lib/gcc/arm-none-eabi/8.2.1/../../../../arm-none-eabi/lib/thumb/v6-m/nofp\libcr_c.a(atan.o)
 .rodata        0x00005658       0xbb ./source/main.o
 *fill*         0x00005713        0x1 ff
 .rodata        0x00005714      0x11d ./drivers/fsl_clock.o
 *fill*         0x00005831        0x3 ff
 .rodata.CLOCK_GetFreq
                0x00005834       0x38 ./drivers/fsl_clock.o
 .rodata.fllFactorTable.5230
                0x0000586c       0x10 ./drivers/fsl_clock.o
 .rodata        0x0000587c      0x4ae ./drivers/fsl_dma.o
 *fill*         0x00005d2a        0x2 ff
 .rodata.s_dmaIRQNumber
                0x00005d2c        0x4 ./drivers/fsl_dma.o
 .rodata        0x00005d30       0x42 ./drivers/fsl_dmamux.o
 *fill*         0x00005d72        0x2 ff
 .rodata.s_portBases
                0x00005d74       0x14 ./drivers/fsl_gpio.o
 .rodata.s_gpioBases
                0x00005d88       0x14 ./drivers/fsl_gpio.o
 .rodata        0x00005d9c       0x62 ./drivers/fsl_gpio.o
 *fill*         0x00005dfe        0x2 ff
 .rodata.s_i2cDividerTable
                0x00005e00       0x80 ./drivers/fsl_i2c.o
 .rodata.s_i2cBases
                0x00005e80        0x8 ./drivers/fsl_i2c.o
 .rodata.s_i2cIrqs
                0x00005e88        0x2 ./drivers/fsl_i2c.o
 *fill*         0x00005e8a        0x2 ff
 .rodata.s_i2cClocks
                0x00005e8c        0x8 ./drivers/fsl_i2c.o
 .rodata        0x00005e94      0x2f6 ./drivers/fsl_i2c.o
 *fill*         0x0000618a        0x2 ff
 .rodata        0x0000618c      0x48c ./drivers/fsl_lpsci.o
 .rodata        0x00006618      0x563 ./drivers/fsl_lpsci_dma.o
 *fill*         0x00006b7b        0x1 ff
 .rodata.s_uartBases
                0x00006b7c        0xc ./drivers/fsl_uart.o
 .rodata.s_uartClock
                0x00006b88        0xc ./drivers/fsl_uart.o
 .rodata        0x00006b94      0x45b ./drivers/fsl_uart.o
 *fill*         0x00006fef        0x1 ff
 .rodata.mcgConfig_BOARD_BootClockRUN
                0x00006ff0        0xa ./board/clock_config.o
                0x00006ff0                mcgConfig_BOARD_BootClockRUN
 *fill*         0x00006ffa        0x2 ff
 .rodata.simConfig_BOARD_BootClockRUN
                0x00006ffc        0x8 ./board/clock_config.o
                0x00006ffc                simConfig_BOARD_BootClockRUN
 .rodata.oscConfig_BOARD_BootClockRUN
                0x00007004        0x8 ./board/clock_config.o
                0x00007004                oscConfig_BOARD_BootClockRUN
 .rodata        0x0000700c       0x26 ./board/pin_mux.o
 *fill*         0x00007032        0x2 ff
 .rodata.__num_Ciob_streams
                0x00007034        0x4 c:/nxp/mcuxpressoide_11.0.1_2563/ide/plugins/com.nxp.mcuxpresso.tools.win32_11.0.1.201907311258/tools/bin/../lib/gcc/arm-none-eabi/8.2.1/../../../../arm-none-eabi/lib/thumb/v6-m/nofp\libcr_semihost_nf.a(__ciob.o)
                0x00007034                __num_Ciob_streams
 .rodata.__assertion_failed.str1.1
                0x00007038       0x15 c:/nxp/mcuxpressoide_11.0.1_2563/ide/plugins/com.nxp.mcuxpresso.tools.win32_11.0.1.201907311258/tools/bin/../lib/gcc/arm-none-eabi/8.2.1/../../../../arm-none-eabi/lib/thumb/v6-m/nofp\libcr_semihost_nf.a(_cr_assert.o)
 .rodata._Csys_alloc.str1.1
                0x0000704d       0x18 c:/nxp/mcuxpressoide_11.0.1_2563/ide/plugins/com.nxp.mcuxpresso.tools.win32_11.0.1.201907311258/tools/bin/../lib/gcc/arm-none-eabi/8.2.1/../../../../arm-none-eabi/lib/thumb/v6-m/nofp\libcr_c.a(alloc.o)
 .rodata._initio.str1.1
                0x00007065        0x4 c:/nxp/mcuxpressoide_11.0.1_2563/ide/plugins/com.nxp.mcuxpresso.tools.win32_11.0.1.201907311258/tools/bin/../lib/gcc/arm-none-eabi/8.2.1/../../../../arm-none-eabi/lib/thumb/v6-m/nofp\libcr_c.a(initio.o)
                0x0000706c                . = ALIGN (0x4)
 *fill*         0x00007069        0x3 ff

.glue_7         0x0000706c        0x0
 .glue_7        0x0000706c        0x0 linker stubs

.glue_7t        0x0000706c        0x0
 .glue_7t       0x0000706c        0x0 linker stubs

.vfp11_veneer   0x0000706c        0x0
 .vfp11_veneer  0x0000706c        0x0 linker stubs

.v4_bx          0x0000706c        0x0
 .v4_bx         0x0000706c        0x0 linker stubs

.iplt           0x0000706c        0x0
 .iplt          0x0000706c        0x0 ./utilities/fsl_debug_console.o

.rel.dyn        0x0000706c        0x0
 .rel.iplt      0x0000706c        0x0 ./utilities/fsl_debug_console.o

.ARM.extab
 *(SORT_BY_ALIGNMENT(.ARM.extab*) SORT_BY_ALIGNMENT(.gnu.linkonce.armextab.*))
                0x0000706c                __exidx_start = .

.ARM.exidx
 *(SORT_BY_ALIGNMENT(.ARM.exidx*) SORT_BY_ALIGNMENT(.gnu.linkonce.armexidx.*))
                0x0000706c                __exidx_end = .
                0x0000706c                _etext = .

.m_usb_data
 *(SORT_BY_ALIGNMENT(m_usb_bdt))

.mtb_buffer_default
                0x1ffff000       0x80
 *(SORT_BY_ALIGNMENT(.mtb*))
 .mtb.$RAM1     0x1ffff000       0x80 ./source/mtb.o
                0x1ffff000                __mtb_buffer__

.uninit_RESERVED
                0x1ffff080        0x0
                0x1ffff080                . = ALIGN (0x4)
 *(SORT_BY_ALIGNMENT(.bss.$RESERVED*))
                0x1ffff080                . = ALIGN (0x4)
                0x1ffff080                _end_uninit_RESERVED = .

.data           0x1ffff080       0x10 load address 0x0000706c
 FILL mask 0xff
                0x1ffff080                _data = .
 *(SORT_BY_ALIGNMENT(vtable))
 *(SORT_BY_ALIGNMENT(.ramfunc*))
 *(SORT_BY_ALIGNMENT(CodeQuickAccess))
 *(SORT_BY_ALIGNMENT(DataQuickAccess))
 *(SORT_BY_ALIGNMENT(RamFunction))
 *(SORT_BY_ALIGNMENT(.data*))
 .data.s_slowIrcFreq
                0x1ffff080        0x4 ./drivers/fsl_clock.o
 .data.s_fastIrcFreq
                0x1ffff084        0x4 ./drivers/fsl_clock.o
 .data.SystemCoreClock
                0x1ffff088        0x4 ./CMSIS/system_MKL25Z4.o
                0x1ffff088                SystemCoreClock
 .data.g_accel_addr_found
                0x1ffff08c        0x1 ./source/main.o
                0x1ffff08c                g_accel_addr_found
 .data.rxBufferEmpty
                0x1ffff08d        0x1 ./source/main.o
                0x1ffff08d                rxBufferEmpty
                0x1ffff090                . = ALIGN (0x4)
 *fill*         0x1ffff08e        0x2 ff
                0x1ffff090                _edata = .

.igot.plt       0x1ffff090        0x0 load address 0x0000707c
 .igot.plt      0x1ffff090        0x0 ./utilities/fsl_debug_console.o

.bss            0x1ffff090      0x1a4 load address 0x0000707c
                0x1ffff090                . = ALIGN (0x4)
                0x1ffff090                _bss = .
 *(SORT_BY_ALIGNMENT(.bss*))
 .bss.s_debugConsole
                0x1ffff090       0x10 ./utilities/fsl_debug_console.o
 .bss.g_m_handle
                0x1ffff0a0       0x28 ./source/main.o
                0x1ffff0a0                g_m_handle
 .bss.x1        0x1ffff0c8        0x4 ./source/main.o
                0x1ffff0c8                x1
 .bss.y1        0x1ffff0cc        0x4 ./source/main.o
                0x1ffff0cc                y1
 .bss.z1        0x1ffff0d0        0x4 ./source/main.o
                0x1ffff0d0                z1
 .bss.g_lpsciDmaHandle
                0x1ffff0d4       0x20 ./source/main.o
                0x1ffff0d4                g_lpsciDmaHandle
 .bss.g_lpsciTxDmaHandle
                0x1ffff0f4       0x10 ./source/main.o
                0x1ffff0f4                g_lpsciTxDmaHandle
 .bss.g_lpsciRxDmaHandle
                0x1ffff104       0x10 ./source/main.o
                0x1ffff104                g_lpsciRxDmaHandle
 .bss.g_xtal0Freq
                0x1ffff114        0x4 ./drivers/fsl_clock.o
                0x1ffff114                g_xtal0Freq
 .bss.g_xtal32Freq
                0x1ffff118        0x4 ./drivers/fsl_clock.o
                0x1ffff118                g_xtal32Freq
 .bss.s_DMAHandle
                0x1ffff11c       0x10 ./drivers/fsl_dma.o
 .bss.s_i2cHandle
                0x1ffff12c        0x8 ./drivers/fsl_i2c.o
 .bss.s_i2cMasterIsr
                0x1ffff134        0x4 ./drivers/fsl_i2c.o
 .bss.s_i2cSlaveIsr
                0x1ffff138        0x4 ./drivers/fsl_i2c.o
 .bss.s_lpsciHandle
                0x1ffff13c        0x4 ./drivers/fsl_lpsci.o
 .bss.s_lpsciIsr
                0x1ffff140        0x4 ./drivers/fsl_lpsci.o
 .bss.s_dmaPrivateHandle
                0x1ffff144        0x8 ./drivers/fsl_lpsci_dma.o
 .bss.s_uartHandle
                0x1ffff14c        0xc ./drivers/fsl_uart.o
 .bss.s_uartIsr
                0x1ffff158        0x4 ./drivers/fsl_uart.o
 .bss.__Ciob    0x1ffff15c       0xb4 c:/nxp/mcuxpressoide_11.0.1_2563/ide/plugins/com.nxp.mcuxpresso.tools.win32_11.0.1.201907311258/tools/bin/../lib/gcc/arm-none-eabi/8.2.1/../../../../arm-none-eabi/lib/thumb/v6-m/nofp\libcr_semihost_nf.a(__ciob.o)
                0x1ffff15c                __Ciob
 .bss.__end_of_heap
                0x1ffff210        0x4 c:/nxp/mcuxpressoide_11.0.1_2563/ide/plugins/com.nxp.mcuxpresso.tools.win32_11.0.1.201907311258/tools/bin/../lib/gcc/arm-none-eabi/8.2.1/../../../../arm-none-eabi/lib/thumb/v6-m/nofp\libcr_c.a(__init_alloc.o)
                0x1ffff210                __end_of_heap
 .bss.__heaps   0x1ffff214        0x4 c:/nxp/mcuxpressoide_11.0.1_2563/ide/plugins/com.nxp.mcuxpresso.tools.win32_11.0.1.201907311258/tools/bin/../lib/gcc/arm-none-eabi/8.2.1/../../../../arm-none-eabi/lib/thumb/v6-m/nofp\libcr_c.a(__init_alloc.o)
                0x1ffff214                __heaps
 .bss.errno     0x1ffff218        0x4 c:/nxp/mcuxpressoide_11.0.1_2563/ide/plugins/com.nxp.mcuxpresso.tools.win32_11.0.1.201907311258/tools/bin/../lib/gcc/arm-none-eabi/8.2.1/../../../../arm-none-eabi/lib/thumb/v6-m/nofp\libcr_c.a(errno.o)
                0x1ffff218                errno
 .bss.x         0x1ffff21c        0x2 ./source/main.o
                0x1ffff21c                x
 .bss.y         0x1ffff21e        0x2 ./source/main.o
                0x1ffff21e                y
 .bss.z         0x1ffff220        0x2 ./source/main.o
                0x1ffff220                z
 .bss.filterX   0x1ffff222        0x2 ./source/main.o
                0x1ffff222                filterX
 .bss.filterY   0x1ffff224        0x2 ./source/main.o
                0x1ffff224                filterY
 .bss.filterZ   0x1ffff226        0x2 ./source/main.o
                0x1ffff226                filterZ
 .bss.naklonX   0x1ffff228        0x2 ./source/main.o
                0x1ffff228                naklonX
 .bss.naklonY   0x1ffff22a        0x2 ./source/main.o
                0x1ffff22a                naklonY
 .bss.completionFlag
                0x1ffff22c        0x1 ./source/main.o
                0x1ffff22c                completionFlag
 .bss.nakFlag   0x1ffff22d        0x1 ./source/main.o
                0x1ffff22d                nakFlag
 .bss.txBufferFull
                0x1ffff22e        0x1 ./source/main.o
                0x1ffff22e                txBufferFull
 .bss.txOnGoing
                0x1ffff22f        0x1 ./source/main.o
                0x1ffff22f                txOnGoing
 .bss.rxOnGoing
                0x1ffff230        0x1 ./source/main.o
                0x1ffff230                rxOnGoing
 .bss.pripravene_data
                0x1ffff231        0x1 ./source/main.o
                0x1ffff231                pripravene_data
 *(SORT_BY_ALIGNMENT(COMMON))
                0x1ffff234                . = ALIGN (0x4)
 *fill*         0x1ffff232        0x2 
                0x1ffff234                _ebss = .
                [!provide]                PROVIDE (end = .)

.noinit         0x1ffff234        0x0 load address 0x0000707c
                0x1ffff234                . = ALIGN (0x4)
                0x1ffff234                _noinit = .
 *(SORT_BY_ALIGNMENT(.noinit*))
                0x1ffff234                . = ALIGN (0x4)
                0x1ffff234                _end_noinit = .
                0x00000400                _HeapSize = 0x400

.heap           0x1ffff234      0x400 load address 0x0000707c
                0x1ffff234                _pvHeapStart = .
                0x1ffff634                . = (. + _HeapSize)
 *fill*         0x1ffff234      0x400 
                0x1ffff634                . = ALIGN (0x4)
                0x1ffff634                _pvHeapLimit = .
                0x00000400                _StackSize = 0x400

.heap2stackfill
                0x1ffff634      0x400 load address 0x0000707c
                0x1ffffa34                . = (. + _StackSize)
 *fill*         0x1ffff634      0x400 

.stack          0x20002c00        0x0
                0x20002c00                _vStackBase = .
                0x20002c00                . = ALIGN (0x4)
                0x20003000                _vStackTop = (. + _StackSize)
                0x00000000                _image_start = LOADADDR (.text)
                0x0000707c                _image_end = (LOADADDR (.data) + SIZEOF (.data))
                0x0000707c                _image_size = (_image_end - _image_start)
OUTPUT(Akcelerometerz-freefall.axf elf32-littlearm)

.debug_info     0x00000000     0xd1cd
 .debug_info    0x00000000      0x9b1 ./utilities/fsl_debug_console.o
 .debug_info    0x000009b1      0x4db ./startup/startup_mkl25z4.o
 .debug_info    0x00000e8c     0x1f2c ./source/main.o
 .debug_info    0x00002db8       0x4f ./source/mtb.o
 .debug_info    0x00002e07       0x38 ./source/semihost_hardfault.o
 .debug_info    0x00002e3f     0x1a93 ./drivers/fsl_clock.o
 .debug_info    0x000048d2      0xf4a ./drivers/fsl_dma.o
 .debug_info    0x0000581c      0x4e3 ./drivers/fsl_dmamux.o
 .debug_info    0x00005cff      0x562 ./drivers/fsl_gpio.o
 .debug_info    0x00006261     0x1a96 ./drivers/fsl_i2c.o
 .debug_info    0x00007cf7     0x1465 ./drivers/fsl_lpsci.o
 .debug_info    0x0000915c      0xc6c ./drivers/fsl_lpsci_dma.o
 .debug_info    0x00009dc8     0x1406 ./drivers/fsl_uart.o
 .debug_info    0x0000b1ce      0x807 ./board/board.o
 .debug_info    0x0000b9d5      0xafa ./board/clock_config.o
 .debug_info    0x0000c4cf      0x8c9 ./board/pin_mux.o
 .debug_info    0x0000cd98      0x435 ./CMSIS/system_MKL25Z4.o

.debug_abbrev   0x00000000     0x254b
 .debug_abbrev  0x00000000      0x218 ./utilities/fsl_debug_console.o
 .debug_abbrev  0x00000218      0x18a ./startup/startup_mkl25z4.o
 .debug_abbrev  0x000003a2      0x3f4 ./source/main.o
 .debug_abbrev  0x00000796       0x43 ./source/mtb.o
 .debug_abbrev  0x000007d9       0x2e ./source/semihost_hardfault.o
 .debug_abbrev  0x00000807      0x36c ./drivers/fsl_clock.o
 .debug_abbrev  0x00000b73      0x2e9 ./drivers/fsl_dma.o
 .debug_abbrev  0x00000e5c      0x1ad ./drivers/fsl_dmamux.o
 .debug_abbrev  0x00001009      0x1b5 ./drivers/fsl_gpio.o
 .debug_abbrev  0x000011be      0x36b ./drivers/fsl_i2c.o
 .debug_abbrev  0x00001529      0x306 ./drivers/fsl_lpsci.o
 .debug_abbrev  0x0000182f      0x2a8 ./drivers/fsl_lpsci_dma.o
 .debug_abbrev  0x00001ad7      0x320 ./drivers/fsl_uart.o
 .debug_abbrev  0x00001df7      0x1a4 ./board/board.o
 .debug_abbrev  0x00001f9b      0x20e ./board/clock_config.o
 .debug_abbrev  0x000021a9      0x24f ./board/pin_mux.o
 .debug_abbrev  0x000023f8      0x153 ./CMSIS/system_MKL25Z4.o

.debug_aranges  0x00000000      0xb38
 .debug_aranges
                0x00000000       0x48 ./utilities/fsl_debug_console.o
 .debug_aranges
                0x00000048      0x160 ./startup/startup_mkl25z4.o
 .debug_aranges
                0x000001a8       0xe0 ./source/main.o
 .debug_aranges
                0x00000288       0x18 ./source/mtb.o
 .debug_aranges
                0x000002a0       0x20 ./source/semihost_hardfault.o
 .debug_aranges
                0x000002c0      0x1d8 ./drivers/fsl_clock.o
 .debug_aranges
                0x00000498       0xd0 ./drivers/fsl_dma.o
 .debug_aranges
                0x00000568       0x40 ./drivers/fsl_dmamux.o
 .debug_aranges
                0x000005a8       0x40 ./drivers/fsl_gpio.o
 .debug_aranges
                0x000005e8      0x178 ./drivers/fsl_i2c.o
 .debug_aranges
                0x00000760      0x118 ./drivers/fsl_lpsci.o
 .debug_aranges
                0x00000878       0x98 ./drivers/fsl_lpsci_dma.o
 .debug_aranges
                0x00000910      0x130 ./drivers/fsl_uart.o
 .debug_aranges
                0x00000a40       0x28 ./board/board.o
 .debug_aranges
                0x00000a68       0x58 ./board/clock_config.o
 .debug_aranges
                0x00000ac0       0x50 ./board/pin_mux.o
 .debug_aranges
                0x00000b10       0x28 ./CMSIS/system_MKL25Z4.o

.debug_ranges   0x00000000      0xa20
 .debug_ranges  0x00000000       0x38 ./utilities/fsl_debug_console.o
 .debug_ranges  0x00000038      0x150 ./startup/startup_mkl25z4.o
 .debug_ranges  0x00000188       0xd0 ./source/main.o
 .debug_ranges  0x00000258       0x10 ./source/semihost_hardfault.o
 .debug_ranges  0x00000268      0x1c8 ./drivers/fsl_clock.o
 .debug_ranges  0x00000430       0xc0 ./drivers/fsl_dma.o
 .debug_ranges  0x000004f0       0x30 ./drivers/fsl_dmamux.o
 .debug_ranges  0x00000520       0x30 ./drivers/fsl_gpio.o
 .debug_ranges  0x00000550      0x168 ./drivers/fsl_i2c.o
 .debug_ranges  0x000006b8      0x108 ./drivers/fsl_lpsci.o
 .debug_ranges  0x000007c0       0x88 ./drivers/fsl_lpsci_dma.o
 .debug_ranges  0x00000848      0x120 ./drivers/fsl_uart.o
 .debug_ranges  0x00000968       0x18 ./board/board.o
 .debug_ranges  0x00000980       0x48 ./board/clock_config.o
 .debug_ranges  0x000009c8       0x40 ./board/pin_mux.o
 .debug_ranges  0x00000a08       0x18 ./CMSIS/system_MKL25Z4.o

.debug_line     0x00000000     0x651b
 .debug_line    0x00000000      0x315 ./utilities/fsl_debug_console.o
 .debug_line    0x00000315      0x1e7 ./startup/startup_mkl25z4.o
 .debug_line    0x000004fc      0x7be ./source/main.o
 .debug_line    0x00000cba       0x30 ./source/mtb.o
 .debug_line    0x00000cea       0x5a ./source/semihost_hardfault.o
 .debug_line    0x00000d44     0x1204 ./drivers/fsl_clock.o
 .debug_line    0x00001f48      0x659 ./drivers/fsl_dma.o
 .debug_line    0x000025a1      0x259 ./drivers/fsl_dmamux.o
 .debug_line    0x000027fa      0x28f ./drivers/fsl_gpio.o
 .debug_line    0x00002a89     0x11db ./drivers/fsl_i2c.o
 .debug_line    0x00003c64      0xc88 ./drivers/fsl_lpsci.o
 .debug_line    0x000048ec      0x5a6 ./drivers/fsl_lpsci_dma.o
 .debug_line    0x00004e92      0xc77 ./drivers/fsl_uart.o
 .debug_line    0x00005b09      0x1e5 ./board/board.o
 .debug_line    0x00005cee      0x2b7 ./board/clock_config.o
 .debug_line    0x00005fa5      0x2ce ./board/pin_mux.o
 .debug_line    0x00006273      0x2a8 ./CMSIS/system_MKL25Z4.o

.debug_str      0x00000000     0x5b0e
 .debug_str     0x00000000      0xaf3 ./utilities/fsl_debug_console.o
                                0xb70 (size before relaxing)
 .debug_str     0x00000af3      0x394 ./startup/startup_mkl25z4.o
                                0x4ec (size before relaxing)
 .debug_str     0x00000e87     0x19b3 ./source/main.o
                               0x2341 (size before relaxing)
 .debug_str     0x0000283a       0x1f ./source/mtb.o
                                0x176 (size before relaxing)
 .debug_str     0x00002859       0x1f ./source/semihost_hardfault.o
                                0x176 (size before relaxing)
 .debug_str     0x00002878      0xa68 ./drivers/fsl_clock.o
                               0x1817 (size before relaxing)
 .debug_str     0x000032e0      0x6d9 ./drivers/fsl_dma.o
                               0x12a9 (size before relaxing)
 .debug_str     0x000039b9       0x65 ./drivers/fsl_dmamux.o
                                0x8d0 (size before relaxing)
 .debug_str     0x00003a1e       0x8d ./drivers/fsl_gpio.o
                                0x83e (size before relaxing)
 .debug_str     0x00003aab      0x94e ./drivers/fsl_i2c.o
                               0x17a0 (size before relaxing)
 .debug_str     0x000043f9      0x78c ./drivers/fsl_lpsci.o
                               0x15df (size before relaxing)
 .debug_str     0x00004b85      0x224 ./drivers/fsl_lpsci_dma.o
                                0xed7 (size before relaxing)
 .debug_str     0x00004da9      0x819 ./drivers/fsl_uart.o
                               0x15eb (size before relaxing)
 .debug_str     0x000055c2       0x37 ./board/board.o
                                0x76a (size before relaxing)
 .debug_str     0x000055f9      0x237 ./board/clock_config.o
                                0xdfe (size before relaxing)
 .debug_str     0x00005830      0x28f ./board/pin_mux.o
                                0x9b7 (size before relaxing)
 .debug_str     0x00005abf       0x4f ./CMSIS/system_MKL25Z4.o
                                0x358 (size before relaxing)

.comment        0x00000000       0x75
 .comment       0x00000000       0x75 ./utilities/fsl_debug_console.o
                                 0x76 (size before relaxing)
 .comment       0x00000075       0x76 ./startup/startup_mkl25z4.o
 .comment       0x00000075       0x76 ./source/main.o
 .comment       0x00000075       0x76 ./source/mtb.o
 .comment       0x00000075       0x76 ./source/semihost_hardfault.o
 .comment       0x00000075       0x76 ./drivers/fsl_clock.o
 .comment       0x00000075       0x76 ./drivers/fsl_dma.o
 .comment       0x00000075       0x76 ./drivers/fsl_dmamux.o
 .comment       0x00000075       0x76 ./drivers/fsl_gpio.o
 .comment       0x00000075       0x76 ./drivers/fsl_i2c.o
 .comment       0x00000075       0x76 ./drivers/fsl_lpsci.o
 .comment       0x00000075       0x76 ./drivers/fsl_lpsci_dma.o
 .comment       0x00000075       0x76 ./drivers/fsl_uart.o
 .comment       0x00000075       0x76 ./board/board.o
 .comment       0x00000075       0x76 ./board/clock_config.o
 .comment       0x00000075       0x76 ./board/pin_mux.o
 .comment       0x00000075       0x76 ./CMSIS/system_MKL25Z4.o
 .comment       0x00000075       0x76 c:/nxp/mcuxpressoide_11.0.1_2563/ide/plugins/com.nxp.mcuxpresso.tools.win32_11.0.1.201907311258/tools/bin/../lib/gcc/arm-none-eabi/8.2.1/../../../../arm-none-eabi/lib/thumb/v6-m/nofp\libcr_semihost_nf.a(_cr__main.o)
 .comment       0x00000075       0x76 c:/nxp/mcuxpressoide_11.0.1_2563/ide/plugins/com.nxp.mcuxpresso.tools.win32_11.0.1.201907311258/tools/bin/../lib/gcc/arm-none-eabi/8.2.1/../../../../arm-none-eabi/lib/thumb/v6-m/nofp\libcr_semihost_nf.a(_cr_assert.o)
 .comment       0x00000075       0x76 c:/nxp/mcuxpressoide_11.0.1_2563/ide/plugins/com.nxp.mcuxpresso.tools.win32_11.0.1.201907311258/tools/bin/../lib/gcc/arm-none-eabi/8.2.1/../../../../arm-none-eabi/lib/thumb/v6-m/nofp\libcr_semihost_nf.a(__ciob.o)
 .comment       0x00000075       0x76 c:/nxp/mcuxpressoide_11.0.1_2563/ide/plugins/com.nxp.mcuxpresso.tools.win32_11.0.1.201907311258/tools/bin/../lib/gcc/arm-none-eabi/8.2.1/../../../../arm-none-eabi/lib/thumb/v6-m/nofp\libcr_c.a(memset.o)
 .comment       0x00000075       0x76 c:/nxp/mcuxpressoide_11.0.1_2563/ide/plugins/com.nxp.mcuxpresso.tools.win32_11.0.1.201907311258/tools/bin/../lib/gcc/arm-none-eabi/8.2.1/../../../../arm-none-eabi/lib/thumb/v6-m/nofp\libcr_c.a(_deferredlazyseek.o)
 .comment       0x00000075       0x76 c:/nxp/mcuxpressoide_11.0.1_2563/ide/plugins/com.nxp.mcuxpresso.tools.win32_11.0.1.201907311258/tools/bin/../lib/gcc/arm-none-eabi/8.2.1/../../../../arm-none-eabi/lib/thumb/v6-m/nofp\libcr_c.a(_fflush.o)
 .comment       0x00000075       0x76 c:/nxp/mcuxpressoide_11.0.1_2563/ide/plugins/com.nxp.mcuxpresso.tools.win32_11.0.1.201907311258/tools/bin/../lib/gcc/arm-none-eabi/8.2.1/../../../../arm-none-eabi/lib/thumb/v6-m/nofp\libcr_c.a(_writebuf.o)
 .comment       0x00000075       0x76 c:/nxp/mcuxpressoide_11.0.1_2563/ide/plugins/com.nxp.mcuxpresso.tools.win32_11.0.1.201907311258/tools/bin/../lib/gcc/arm-none-eabi/8.2.1/../../../../arm-none-eabi/lib/thumb/v6-m/nofp\libcr_c.a(alloc.o)
 .comment       0x00000075       0x76 c:/nxp/mcuxpressoide_11.0.1_2563/ide/plugins/com.nxp.mcuxpresso.tools.win32_11.0.1.201907311258/tools/bin/../lib/gcc/arm-none-eabi/8.2.1/../../../../arm-none-eabi/lib/thumb/v6-m/nofp\libcr_c.a(atan.o)
 .comment       0x00000075       0x76 c:/nxp/mcuxpressoide_11.0.1_2563/ide/plugins/com.nxp.mcuxpresso.tools.win32_11.0.1.201907311258/tools/bin/../lib/gcc/arm-none-eabi/8.2.1/../../../../arm-none-eabi/lib/thumb/v6-m/nofp\libcr_c.a(fabs.o)
 .comment       0x00000075       0x76 c:/nxp/mcuxpressoide_11.0.1_2563/ide/plugins/com.nxp.mcuxpresso.tools.win32_11.0.1.201907311258/tools/bin/../lib/gcc/arm-none-eabi/8.2.1/../../../../arm-none-eabi/lib/thumb/v6-m/nofp\libcr_c.a(fputs.o)
 .comment       0x00000075       0x76 c:/nxp/mcuxpressoide_11.0.1_2563/ide/plugins/com.nxp.mcuxpresso.tools.win32_11.0.1.201907311258/tools/bin/../lib/gcc/arm-none-eabi/8.2.1/../../../../arm-none-eabi/lib/thumb/v6-m/nofp\libcr_c.a(fseek.o)
 .comment       0x00000075       0x76 c:/nxp/mcuxpressoide_11.0.1_2563/ide/plugins/com.nxp.mcuxpresso.tools.win32_11.0.1.201907311258/tools/bin/../lib/gcc/arm-none-eabi/8.2.1/../../../../arm-none-eabi/lib/thumb/v6-m/nofp\libcr_c.a(ftell.o)
 .comment       0x00000075       0x76 c:/nxp/mcuxpressoide_11.0.1_2563/ide/plugins/com.nxp.mcuxpresso.tools.win32_11.0.1.201907311258/tools/bin/../lib/gcc/arm-none-eabi/8.2.1/../../../../arm-none-eabi/lib/thumb/v6-m/nofp\libcr_c.a(initio.o)
 .comment       0x00000075       0x76 c:/nxp/mcuxpressoide_11.0.1_2563/ide/plugins/com.nxp.mcuxpresso.tools.win32_11.0.1.201907311258/tools/bin/../lib/gcc/arm-none-eabi/8.2.1/../../../../arm-none-eabi/lib/thumb/v6-m/nofp\libcr_c.a(setvbuf.o)
 .comment       0x00000075       0x76 c:/nxp/mcuxpressoide_11.0.1_2563/ide/plugins/com.nxp.mcuxpresso.tools.win32_11.0.1.201907311258/tools/bin/../lib/gcc/arm-none-eabi/8.2.1/../../../../arm-none-eabi/lib/thumb/v6-m/nofp\libcr_c.a(sqrt.o)
 .comment       0x00000075       0x76 c:/nxp/mcuxpressoide_11.0.1_2563/ide/plugins/com.nxp.mcuxpresso.tools.win32_11.0.1.201907311258/tools/bin/../lib/gcc/arm-none-eabi/8.2.1/../../../../arm-none-eabi/lib/thumb/v6-m/nofp\libcr_c.a(__init_alloc.o)
 .comment       0x00000075       0x76 c:/nxp/mcuxpressoide_11.0.1_2563/ide/plugins/com.nxp.mcuxpresso.tools.win32_11.0.1.201907311258/tools/bin/../lib/gcc/arm-none-eabi/8.2.1/../../../../arm-none-eabi/lib/thumb/v6-m/nofp\libcr_c.a(_cr_sbrk.o)
 .comment       0x00000075       0x76 c:/nxp/mcuxpressoide_11.0.1_2563/ide/plugins/com.nxp.mcuxpresso.tools.win32_11.0.1.201907311258/tools/bin/../lib/gcc/arm-none-eabi/8.2.1/../../../../arm-none-eabi/lib/thumb/v6-m/nofp\libcr_c.a(_fdopen.o)
 .comment       0x00000075       0x76 c:/nxp/mcuxpressoide_11.0.1_2563/ide/plugins/com.nxp.mcuxpresso.tools.win32_11.0.1.201907311258/tools/bin/../lib/gcc/arm-none-eabi/8.2.1/../../../../arm-none-eabi/lib/thumb/v6-m/nofp\libcr_c.a(errno.o)
 .comment       0x00000075       0x76 c:/nxp/mcuxpressoide_11.0.1_2563/ide/plugins/com.nxp.mcuxpresso.tools.win32_11.0.1.201907311258/tools/bin/../lib/gcc/arm-none-eabi/8.2.1/../../../../arm-none-eabi/lib/thumb/v6-m/nofp\libcr_c.a(fclose.o)
 .comment       0x00000075       0x76 c:/nxp/mcuxpressoide_11.0.1_2563/ide/plugins/com.nxp.mcuxpresso.tools.win32_11.0.1.201907311258/tools/bin/../lib/gcc/arm-none-eabi/8.2.1/../../../../arm-none-eabi/lib/thumb/v6-m/nofp\libcr_c.a(fflush.o)
 .comment       0x00000075       0x76 c:/nxp/mcuxpressoide_11.0.1_2563/ide/plugins/com.nxp.mcuxpresso.tools.win32_11.0.1.201907311258/tools/bin/../lib/gcc/arm-none-eabi/8.2.1/../../../../arm-none-eabi/lib/thumb/v6-m/nofp\libcr_c.a(remove.o)
 .comment       0x00000075       0x76 c:/nxp/mcuxpressoide_11.0.1_2563/ide/plugins/com.nxp.mcuxpresso.tools.win32_11.0.1.201907311258/tools/bin/../lib/gcc/arm-none-eabi/8.2.1/../../../../arm-none-eabi/lib/thumb/v6-m/nofp\libcr_c.a(strlen.o)
 .comment       0x00000075       0x76 c:/nxp/mcuxpressoide_11.0.1_2563/ide/plugins/com.nxp.mcuxpresso.tools.win32_11.0.1.201907311258/tools/bin/../lib/gcc/arm-none-eabi/8.2.1/../../../../arm-none-eabi/lib/thumb/v6-m/nofp\libcr_c.a(_cr_check_heap.o)
 .comment       0x00000075       0x76 c:/nxp/mcuxpressoide_11.0.1_2563/ide/plugins/com.nxp.mcuxpresso.tools.win32_11.0.1.201907311258/tools/bin/../lib/gcc/arm-none-eabi/8.2.1/../../../../arm-none-eabi/lib/thumb/v6-m/nofp\libcr_c.a(_do_fflush.o)
 .comment       0x00000075       0x76 c:/nxp/mcuxpressoide_11.0.1_2563/ide/plugins/com.nxp.mcuxpresso.tools.win32_11.0.1.201907311258/tools/bin/../lib/gcc/arm-none-eabi/8.2.1/thumb/v6-m/nofp\libcr_eabihelpers.a(double.o)
 .comment       0x00000075       0x76 c:/nxp/mcuxpressoide_11.0.1_2563/ide/plugins/com.nxp.mcuxpresso.tools.win32_11.0.1.201907311258/tools/bin/../lib/gcc/arm-none-eabi/8.2.1/thumb/v6-m/nofp\libcr_eabihelpers.a(float.o)

.ARM.attributes
                0x00000000       0x2a
 .ARM.attributes
                0x00000000       0x2c ./utilities/fsl_debug_console.o
 .ARM.attributes
                0x0000002c       0x2c ./startup/startup_mkl25z4.o
 .ARM.attributes
                0x00000058       0x2c ./source/main.o
 .ARM.attributes
                0x00000084       0x32 ./source/mtb.o
 .ARM.attributes
                0x000000b6       0x2c ./source/semihost_hardfault.o
 .ARM.attributes
                0x000000e2       0x2c ./drivers/fsl_clock.o
 .ARM.attributes
                0x0000010e       0x2c ./drivers/fsl_dma.o
 .ARM.attributes
                0x0000013a       0x2c ./drivers/fsl_dmamux.o
 .ARM.attributes
                0x00000166       0x2c ./drivers/fsl_gpio.o
 .ARM.attributes
                0x00000192       0x2c ./drivers/fsl_i2c.o
 .ARM.attributes
                0x000001be       0x2c ./drivers/fsl_lpsci.o
 .ARM.attributes
                0x000001ea       0x2c ./drivers/fsl_lpsci_dma.o
 .ARM.attributes
                0x00000216       0x2c ./drivers/fsl_uart.o
 .ARM.attributes
                0x00000242       0x2c ./board/board.o
 .ARM.attributes
                0x0000026e       0x2c ./board/clock_config.o
 .ARM.attributes
                0x0000029a       0x2c ./board/pin_mux.o
 .ARM.attributes
                0x000002c6       0x2c ./CMSIS/system_MKL25Z4.o
 .ARM.attributes
                0x000002f2       0x2c c:/nxp/mcuxpressoide_11.0.1_2563/ide/plugins/com.nxp.mcuxpresso.tools.win32_11.0.1.201907311258/tools/bin/../lib/gcc/arm-none-eabi/8.2.1/../../../../arm-none-eabi/lib/thumb/v6-m/nofp\libcr_semihost_nf.a(_cr__main.o)
 .ARM.attributes
                0x0000031e       0x2c c:/nxp/mcuxpressoide_11.0.1_2563/ide/plugins/com.nxp.mcuxpresso.tools.win32_11.0.1.201907311258/tools/bin/../lib/gcc/arm-none-eabi/8.2.1/../../../../arm-none-eabi/lib/thumb/v6-m/nofp\libcr_semihost_nf.a(_cr_assert.o)
 .ARM.attributes
                0x0000034a       0x31 c:/nxp/mcuxpressoide_11.0.1_2563/ide/plugins/com.nxp.mcuxpresso.tools.win32_11.0.1.201907311258/tools/bin/../lib/gcc/arm-none-eabi/8.2.1/../../../../arm-none-eabi/lib/thumb/v6-m/nofp\libcr_semihost_nf.a(__ciob.o)
 .ARM.attributes
                0x0000037b       0x1c c:/nxp/mcuxpressoide_11.0.1_2563/ide/plugins/com.nxp.mcuxpresso.tools.win32_11.0.1.201907311258/tools/bin/../lib/gcc/arm-none-eabi/8.2.1/../../../../arm-none-eabi/lib/thumb/v6-m/nofp\libcr_semihost_nf.a(__sys_appexit.o)
 .ARM.attributes
                0x00000397       0x2c c:/nxp/mcuxpressoide_11.0.1_2563/ide/plugins/com.nxp.mcuxpresso.tools.win32_11.0.1.201907311258/tools/bin/../lib/gcc/arm-none-eabi/8.2.1/../../../../arm-none-eabi/lib/thumb/v6-m/nofp\libcr_c.a(memset.o)
 .ARM.attributes
                0x000003c3       0x2c c:/nxp/mcuxpressoide_11.0.1_2563/ide/plugins/com.nxp.mcuxpresso.tools.win32_11.0.1.201907311258/tools/bin/../lib/gcc/arm-none-eabi/8.2.1/../../../../arm-none-eabi/lib/thumb/v6-m/nofp\libcr_c.a(_deferredlazyseek.o)
 .ARM.attributes
                0x000003ef       0x2c c:/nxp/mcuxpressoide_11.0.1_2563/ide/plugins/com.nxp.mcuxpresso.tools.win32_11.0.1.201907311258/tools/bin/../lib/gcc/arm-none-eabi/8.2.1/../../../../arm-none-eabi/lib/thumb/v6-m/nofp\libcr_c.a(_fflush.o)
 .ARM.attributes
                0x0000041b       0x2c c:/nxp/mcuxpressoide_11.0.1_2563/ide/plugins/com.nxp.mcuxpresso.tools.win32_11.0.1.201907311258/tools/bin/../lib/gcc/arm-none-eabi/8.2.1/../../../../arm-none-eabi/lib/thumb/v6-m/nofp\libcr_c.a(_writebuf.o)
 .ARM.attributes
                0x00000447       0x2c c:/nxp/mcuxpressoide_11.0.1_2563/ide/plugins/com.nxp.mcuxpresso.tools.win32_11.0.1.201907311258/tools/bin/../lib/gcc/arm-none-eabi/8.2.1/../../../../arm-none-eabi/lib/thumb/v6-m/nofp\libcr_c.a(alloc.o)
 .ARM.attributes
                0x00000473       0x2c c:/nxp/mcuxpressoide_11.0.1_2563/ide/plugins/com.nxp.mcuxpresso.tools.win32_11.0.1.201907311258/tools/bin/../lib/gcc/arm-none-eabi/8.2.1/../../../../arm-none-eabi/lib/thumb/v6-m/nofp\libcr_c.a(atan.o)
 .ARM.attributes
                0x0000049f       0x2c c:/nxp/mcuxpressoide_11.0.1_2563/ide/plugins/com.nxp.mcuxpresso.tools.win32_11.0.1.201907311258/tools/bin/../lib/gcc/arm-none-eabi/8.2.1/../../../../arm-none-eabi/lib/thumb/v6-m/nofp\libcr_c.a(fabs.o)
 .ARM.attributes
                0x000004cb       0x2c c:/nxp/mcuxpressoide_11.0.1_2563/ide/plugins/com.nxp.mcuxpresso.tools.win32_11.0.1.201907311258/tools/bin/../lib/gcc/arm-none-eabi/8.2.1/../../../../arm-none-eabi/lib/thumb/v6-m/nofp\libcr_c.a(fputs.o)
 .ARM.attributes
                0x000004f7       0x2c c:/nxp/mcuxpressoide_11.0.1_2563/ide/plugins/com.nxp.mcuxpresso.tools.win32_11.0.1.201907311258/tools/bin/../lib/gcc/arm-none-eabi/8.2.1/../../../../arm-none-eabi/lib/thumb/v6-m/nofp\libcr_c.a(fseek.o)
 .ARM.attributes
                0x00000523       0x2c c:/nxp/mcuxpressoide_11.0.1_2563/ide/plugins/com.nxp.mcuxpresso.tools.win32_11.0.1.201907311258/tools/bin/../lib/gcc/arm-none-eabi/8.2.1/../../../../arm-none-eabi/lib/thumb/v6-m/nofp\libcr_c.a(ftell.o)
 .ARM.attributes
                0x0000054f       0x2c c:/nxp/mcuxpressoide_11.0.1_2563/ide/plugins/com.nxp.mcuxpresso.tools.win32_11.0.1.201907311258/tools/bin/../lib/gcc/arm-none-eabi/8.2.1/../../../../arm-none-eabi/lib/thumb/v6-m/nofp\libcr_c.a(initio.o)
 .ARM.attributes
                0x0000057b       0x2c c:/nxp/mcuxpressoide_11.0.1_2563/ide/plugins/com.nxp.mcuxpresso.tools.win32_11.0.1.201907311258/tools/bin/../lib/gcc/arm-none-eabi/8.2.1/../../../../arm-none-eabi/lib/thumb/v6-m/nofp\libcr_c.a(setvbuf.o)
 .ARM.attributes
                0x000005a7       0x2c c:/nxp/mcuxpressoide_11.0.1_2563/ide/plugins/com.nxp.mcuxpresso.tools.win32_11.0.1.201907311258/tools/bin/../lib/gcc/arm-none-eabi/8.2.1/../../../../arm-none-eabi/lib/thumb/v6-m/nofp\libcr_c.a(sqrt.o)
 .ARM.attributes
                0x000005d3       0x2c c:/nxp/mcuxpressoide_11.0.1_2563/ide/plugins/com.nxp.mcuxpresso.tools.win32_11.0.1.201907311258/tools/bin/../lib/gcc/arm-none-eabi/8.2.1/../../../../arm-none-eabi/lib/thumb/v6-m/nofp\libcr_c.a(__init_alloc.o)
 .ARM.attributes
                0x000005ff       0x2c c:/nxp/mcuxpressoide_11.0.1_2563/ide/plugins/com.nxp.mcuxpresso.tools.win32_11.0.1.201907311258/tools/bin/../lib/gcc/arm-none-eabi/8.2.1/../../../../arm-none-eabi/lib/thumb/v6-m/nofp\libcr_c.a(_cr_sbrk.o)
 .ARM.attributes
                0x0000062b       0x2c c:/nxp/mcuxpressoide_11.0.1_2563/ide/plugins/com.nxp.mcuxpresso.tools.win32_11.0.1.201907311258/tools/bin/../lib/gcc/arm-none-eabi/8.2.1/../../../../arm-none-eabi/lib/thumb/v6-m/nofp\libcr_c.a(_fdopen.o)
 .ARM.attributes
                0x00000657       0x31 c:/nxp/mcuxpressoide_11.0.1_2563/ide/plugins/com.nxp.mcuxpresso.tools.win32_11.0.1.201907311258/tools/bin/../lib/gcc/arm-none-eabi/8.2.1/../../../../arm-none-eabi/lib/thumb/v6-m/nofp\libcr_c.a(errno.o)
 .ARM.attributes
                0x00000688       0x2c c:/nxp/mcuxpressoide_11.0.1_2563/ide/plugins/com.nxp.mcuxpresso.tools.win32_11.0.1.201907311258/tools/bin/../lib/gcc/arm-none-eabi/8.2.1/../../../../arm-none-eabi/lib/thumb/v6-m/nofp\libcr_c.a(fclose.o)
 .ARM.attributes
                0x000006b4       0x2c c:/nxp/mcuxpressoide_11.0.1_2563/ide/plugins/com.nxp.mcuxpresso.tools.win32_11.0.1.201907311258/tools/bin/../lib/gcc/arm-none-eabi/8.2.1/../../../../arm-none-eabi/lib/thumb/v6-m/nofp\libcr_c.a(fflush.o)
 .ARM.attributes
                0x000006e0       0x2c c:/nxp/mcuxpressoide_11.0.1_2563/ide/plugins/com.nxp.mcuxpresso.tools.win32_11.0.1.201907311258/tools/bin/../lib/gcc/arm-none-eabi/8.2.1/../../../../arm-none-eabi/lib/thumb/v6-m/nofp\libcr_c.a(remove.o)
 .ARM.attributes
                0x0000070c       0x2c c:/nxp/mcuxpressoide_11.0.1_2563/ide/plugins/com.nxp.mcuxpresso.tools.win32_11.0.1.201907311258/tools/bin/../lib/gcc/arm-none-eabi/8.2.1/../../../../arm-none-eabi/lib/thumb/v6-m/nofp\libcr_c.a(strlen.o)
 .ARM.attributes
                0x00000738       0x2c c:/nxp/mcuxpressoide_11.0.1_2563/ide/plugins/com.nxp.mcuxpresso.tools.win32_11.0.1.201907311258/tools/bin/../lib/gcc/arm-none-eabi/8.2.1/../../../../arm-none-eabi/lib/thumb/v6-m/nofp\libcr_c.a(_cr_check_heap.o)
 .ARM.attributes
                0x00000764       0x2c c:/nxp/mcuxpressoide_11.0.1_2563/ide/plugins/com.nxp.mcuxpresso.tools.win32_11.0.1.201907311258/tools/bin/../lib/gcc/arm-none-eabi/8.2.1/../../../../arm-none-eabi/lib/thumb/v6-m/nofp\libcr_c.a(_do_fflush.o)
 .ARM.attributes
                0x00000790       0x1c c:/nxp/mcuxpressoide_11.0.1_2563/ide/plugins/com.nxp.mcuxpresso.tools.win32_11.0.1.201907311258/tools/bin/../lib/gcc/arm-none-eabi/8.2.1/thumb/v6-m/nofp\libcr_eabihelpers.a(division_32.o)
 .ARM.attributes
                0x000007ac       0x1c c:/nxp/mcuxpressoide_11.0.1_2563/ide/plugins/com.nxp.mcuxpresso.tools.win32_11.0.1.201907311258/tools/bin/../lib/gcc/arm-none-eabi/8.2.1/thumb/v6-m/nofp\libcr_eabihelpers.a(division_idiv0.o)
 .ARM.attributes
                0x000007c8       0x2c c:/nxp/mcuxpressoide_11.0.1_2563/ide/plugins/com.nxp.mcuxpresso.tools.win32_11.0.1.201907311258/tools/bin/../lib/gcc/arm-none-eabi/8.2.1/thumb/v6-m/nofp\libcr_eabihelpers.a(double.o)
 .ARM.attributes
                0x000007f4       0x2c c:/nxp/mcuxpressoide_11.0.1_2563/ide/plugins/com.nxp.mcuxpresso.tools.win32_11.0.1.201907311258/tools/bin/../lib/gcc/arm-none-eabi/8.2.1/thumb/v6-m/nofp\libcr_eabihelpers.a(float.o)
 .ARM.attributes
                0x00000820       0x1c c:/nxp/mcuxpressoide_11.0.1_2563/ide/plugins/com.nxp.mcuxpresso.tools.win32_11.0.1.201907311258/tools/bin/../lib/gcc/arm-none-eabi/8.2.1/thumb/v6-m/nofp\libcr_eabihelpers.a(llong.o)
 .ARM.attributes
                0x0000083c       0x1c c:/nxp/mcuxpressoide_11.0.1_2563/ide/plugins/com.nxp.mcuxpresso.tools.win32_11.0.1.201907311258/tools/bin/../lib/gcc/arm-none-eabi/8.2.1/thumb/v6-m/nofp\libcr_eabihelpers.a(memcpy.o)
 .ARM.attributes
                0x00000858       0x1c c:/nxp/mcuxpressoide_11.0.1_2563/ide/plugins/com.nxp.mcuxpresso.tools.win32_11.0.1.201907311258/tools/bin/../lib/gcc/arm-none-eabi/8.2.1/../../../../arm-none-eabi/lib/thumb/v6-m/nofp\libcr_semihost_nf.a(__sys_close.o)
 .ARM.attributes
                0x00000874       0x1c c:/nxp/mcuxpressoide_11.0.1_2563/ide/plugins/com.nxp.mcuxpresso.tools.win32_11.0.1.201907311258/tools/bin/../lib/gcc/arm-none-eabi/8.2.1/../../../../arm-none-eabi/lib/thumb/v6-m/nofp\libcr_semihost_nf.a(__sys_flen.o)
 .ARM.attributes
                0x00000890       0x1c c:/nxp/mcuxpressoide_11.0.1_2563/ide/plugins/com.nxp.mcuxpresso.tools.win32_11.0.1.201907311258/tools/bin/../lib/gcc/arm-none-eabi/8.2.1/../../../../arm-none-eabi/lib/thumb/v6-m/nofp\libcr_semihost_nf.a(__sys_istty.o)
 .ARM.attributes
                0x000008ac       0x1c c:/nxp/mcuxpressoide_11.0.1_2563/ide/plugins/com.nxp.mcuxpresso.tools.win32_11.0.1.201907311258/tools/bin/../lib/gcc/arm-none-eabi/8.2.1/../../../../arm-none-eabi/lib/thumb/v6-m/nofp\libcr_semihost_nf.a(__sys_remove.o)
 .ARM.attributes
                0x000008c8       0x1c c:/nxp/mcuxpressoide_11.0.1_2563/ide/plugins/com.nxp.mcuxpresso.tools.win32_11.0.1.201907311258/tools/bin/../lib/gcc/arm-none-eabi/8.2.1/../../../../arm-none-eabi/lib/thumb/v6-m/nofp\libcr_semihost_nf.a(__sys_seek.o)
 .ARM.attributes
                0x000008e4       0x1c c:/nxp/mcuxpressoide_11.0.1_2563/ide/plugins/com.nxp.mcuxpresso.tools.win32_11.0.1.201907311258/tools/bin/../lib/gcc/arm-none-eabi/8.2.1/../../../../arm-none-eabi/lib/thumb/v6-m/nofp\libcr_semihost_nf.a(__sys_tmpnam.o)
 .ARM.attributes
                0x00000900       0x1c c:/nxp/mcuxpressoide_11.0.1_2563/ide/plugins/com.nxp.mcuxpresso.tools.win32_11.0.1.201907311258/tools/bin/../lib/gcc/arm-none-eabi/8.2.1/../../../../arm-none-eabi/lib/thumb/v6-m/nofp\libcr_semihost_nf.a(__sys_write.o)

.debug_frame    0x00000000     0x2590
 .debug_frame   0x00000000       0xcc ./utilities/fsl_debug_console.o
 .debug_frame   0x000000cc      0x3b0 ./startup/startup_mkl25z4.o
 .debug_frame   0x0000047c      0x328 ./source/main.o
 .debug_frame   0x000007a4       0x20 ./source/semihost_hardfault.o
 .debug_frame   0x000007c4      0x6e0 ./drivers/fsl_clock.o
 .debug_frame   0x00000ea4      0x2e0 ./drivers/fsl_dma.o
 .debug_frame   0x00001184       0xb0 ./drivers/fsl_dmamux.o
 .debug_frame   0x00001234       0xb0 ./drivers/fsl_gpio.o
 .debug_frame   0x000012e4      0x58c ./drivers/fsl_i2c.o
 .debug_frame   0x00001870      0x418 ./drivers/fsl_lpsci.o
 .debug_frame   0x00001c88      0x218 ./drivers/fsl_lpsci_dma.o
 .debug_frame   0x00001ea0      0x468 ./drivers/fsl_uart.o
 .debug_frame   0x00002308       0x50 ./board/board.o
 .debug_frame   0x00002358      0x100 ./board/clock_config.o
 .debug_frame   0x00002458       0xec ./board/pin_mux.o
 .debug_frame   0x00002544       0x4c ./CMSIS/system_MKL25Z4.o

Cross Reference Table

Symbol                                            File
ADC0_DriverIRQHandler                             ./startup/startup_mkl25z4.o
ADC0_IRQHandler                                   ./startup/startup_mkl25z4.o
BOARD_BootClockRUN                                ./board/clock_config.o
                                                  ./source/main.o
BOARD_BootClockVLPR                               ./board/clock_config.o
BOARD_I2C_ConfigurePins                           ./board/pin_mux.o
                                                  ./source/main.o
BOARD_I2C_ReleaseBus                              ./source/main.o
BOARD_InitBootClocks                              ./board/clock_config.o
BOARD_InitBootPins                                ./board/pin_mux.o
BOARD_InitDebugConsole                            ./board/board.o
                                                  ./source/main.o
BOARD_InitPins                                    ./board/pin_mux.o
                                                  ./source/main.o
CLOCK_BootToBlpeMode                              ./drivers/fsl_clock.o
CLOCK_BootToBlpiMode                              ./drivers/fsl_clock.o
                                                  ./board/clock_config.o
CLOCK_BootToFeeMode                               ./drivers/fsl_clock.o
CLOCK_BootToFeiMode                               ./drivers/fsl_clock.o
CLOCK_BootToPeeMode                               ./drivers/fsl_clock.o
                                                  ./board/clock_config.o
CLOCK_CalcPllDiv                                  ./drivers/fsl_clock.o
CLOCK_ClearStatusFlags                            ./drivers/fsl_clock.o
CLOCK_DeinitOsc0                                  ./drivers/fsl_clock.o
CLOCK_EnablePll0                                  ./drivers/fsl_clock.o
CLOCK_EnableUsbfs0Clock                           ./drivers/fsl_clock.o
CLOCK_ExternalModeToFbeModeQuick                  ./drivers/fsl_clock.o
CLOCK_FllStableDelay                              ./drivers/fsl_clock.o
CLOCK_GetBusClkFreq                               ./drivers/fsl_clock.o
CLOCK_GetCoreSysClkFreq                           ./drivers/fsl_clock.o
CLOCK_GetEr32kClkFreq                             ./drivers/fsl_clock.o
CLOCK_GetFixedFreqClkFreq                         ./drivers/fsl_clock.o
CLOCK_GetFlashClkFreq                             ./drivers/fsl_clock.o
CLOCK_GetFllFreq                                  ./drivers/fsl_clock.o
CLOCK_GetFreq                                     ./drivers/fsl_clock.o
                                                  ./source/main.o
CLOCK_GetInternalRefClkFreq                       ./drivers/fsl_clock.o
CLOCK_GetMode                                     ./drivers/fsl_clock.o
CLOCK_GetOsc0ErClkFreq                            ./drivers/fsl_clock.o
CLOCK_GetOutClkFreq                               ./drivers/fsl_clock.o
CLOCK_GetPlatClkFreq                              ./drivers/fsl_clock.o
CLOCK_GetPll0Freq                                 ./drivers/fsl_clock.o
CLOCK_GetPllFllSelClkFreq                         ./drivers/fsl_clock.o
                                                  ./board/board.o
CLOCK_GetStatusFlags                              ./drivers/fsl_clock.o
CLOCK_InitOsc0                                    ./drivers/fsl_clock.o
                                                  ./board/clock_config.o
CLOCK_InternalModeToFbiModeQuick                  ./drivers/fsl_clock.o
CLOCK_SetBlpeMode                                 ./drivers/fsl_clock.o
CLOCK_SetBlpiMode                                 ./drivers/fsl_clock.o
CLOCK_SetExternalRefClkConfig                     ./drivers/fsl_clock.o
CLOCK_SetFbeMode                                  ./drivers/fsl_clock.o
CLOCK_SetFbiMode                                  ./drivers/fsl_clock.o
CLOCK_SetFeeMode                                  ./drivers/fsl_clock.o
CLOCK_SetFeiMode                                  ./drivers/fsl_clock.o
CLOCK_SetInternalRefClkConfig                     ./drivers/fsl_clock.o
                                                  ./board/clock_config.o
CLOCK_SetMcgConfig                                ./drivers/fsl_clock.o
CLOCK_SetOsc0MonitorMode                          ./drivers/fsl_clock.o
CLOCK_SetPbeMode                                  ./drivers/fsl_clock.o
CLOCK_SetPeeMode                                  ./drivers/fsl_clock.o
CLOCK_SetPll0MonitorMode                          ./drivers/fsl_clock.o
CLOCK_SetSimConfig                                ./drivers/fsl_clock.o
                                                  ./board/clock_config.o
CLOCK_TrimInternalRefClk                          ./drivers/fsl_clock.o
CMP0_DriverIRQHandler                             ./startup/startup_mkl25z4.o
CMP0_IRQHandler                                   ./startup/startup_mkl25z4.o
DAC0_DriverIRQHandler                             ./startup/startup_mkl25z4.o
DAC0_IRQHandler                                   ./startup/startup_mkl25z4.o
DMA0_DriverIRQHandler                             ./drivers/fsl_dma.o
                                                  ./startup/startup_mkl25z4.o
DMA0_IRQHandler                                   ./startup/startup_mkl25z4.o
DMA1_DriverIRQHandler                             ./drivers/fsl_dma.o
                                                  ./startup/startup_mkl25z4.o
DMA1_IRQHandler                                   ./startup/startup_mkl25z4.o
DMA2_DriverIRQHandler                             ./drivers/fsl_dma.o
                                                  ./startup/startup_mkl25z4.o
DMA2_IRQHandler                                   ./startup/startup_mkl25z4.o
DMA3_DriverIRQHandler                             ./drivers/fsl_dma.o
                                                  ./startup/startup_mkl25z4.o
DMA3_IRQHandler                                   ./startup/startup_mkl25z4.o
DMAMUX_Deinit                                     ./drivers/fsl_dmamux.o
DMAMUX_Init                                       ./drivers/fsl_dmamux.o
                                                  ./source/main.o
DMA_AbortTransfer                                 ./drivers/fsl_dma.o
                                                  ./drivers/fsl_lpsci_dma.o
DMA_CreateHandle                                  ./drivers/fsl_dma.o
                                                  ./source/main.o
DMA_Deinit                                        ./drivers/fsl_dma.o
DMA_HandleIRQ                                     ./drivers/fsl_dma.o
DMA_Init                                          ./drivers/fsl_dma.o
                                                  ./source/main.o
DMA_PrepareTransfer                               ./drivers/fsl_dma.o
                                                  ./drivers/fsl_lpsci_dma.o
DMA_ResetChannel                                  ./drivers/fsl_dma.o
DMA_SetCallback                                   ./drivers/fsl_dma.o
                                                  ./drivers/fsl_lpsci_dma.o
DMA_SetChannelLinkConfig                          ./drivers/fsl_dma.o
DMA_SetModulo                                     ./drivers/fsl_dma.o
DMA_SetTransferConfig                             ./drivers/fsl_dma.o
DMA_SubmitTransfer                                ./drivers/fsl_dma.o
                                                  ./drivers/fsl_lpsci_dma.o
DbgConsole_Deinit                                 ./utilities/fsl_debug_console.o
DbgConsole_Init                                   ./utilities/fsl_debug_console.o
                                                  ./board/board.o
FLASH_Erase                                       ./drivers/fsl_flash.o
FLASH_EraseAll                                    ./drivers/fsl_flash.o
FLASH_EraseAllExecuteOnlySegments                 ./drivers/fsl_flash.o
FLASH_GetProperty                                 ./drivers/fsl_flash.o
FLASH_GetSecurityState                            ./drivers/fsl_flash.o
FLASH_Init                                        ./drivers/fsl_flash.o
FLASH_IsExecuteOnly                               ./drivers/fsl_flash.o
FLASH_IsProtected                                 ./drivers/fsl_flash.o
FLASH_PflashGetPrefetchSpeculation                ./drivers/fsl_flash.o
FLASH_PflashGetProtection                         ./drivers/fsl_flash.o
FLASH_PflashSetPrefetchSpeculation                ./drivers/fsl_flash.o
                                                  ./drivers/fsl_smc.o
FLASH_PflashSetProtection                         ./drivers/fsl_flash.o
FLASH_PrepareExecuteInRamFunctions                ./drivers/fsl_flash.o
FLASH_Program                                     ./drivers/fsl_flash.o
FLASH_ProgramOnce                                 ./drivers/fsl_flash.o
FLASH_ReadOnce                                    ./drivers/fsl_flash.o
FLASH_ReadResource                                ./drivers/fsl_flash.o
FLASH_SecurityBypass                              ./drivers/fsl_flash.o
FLASH_SetCallback                                 ./drivers/fsl_flash.o
FLASH_SetProperty                                 ./drivers/fsl_flash.o
FLASH_VerifyErase                                 ./drivers/fsl_flash.o
FLASH_VerifyEraseAll                              ./drivers/fsl_flash.o
FLASH_VerifyEraseAllExecuteOnlySegments           ./drivers/fsl_flash.o
FLASH_VerifyProgram                               ./drivers/fsl_flash.o
FTFA_DriverIRQHandler                             ./startup/startup_mkl25z4.o
FTFA_IRQHandler                                   ./startup/startup_mkl25z4.o
Flash_Config                                      ./startup/startup_mkl25z4.o
GPIO_ClearPinsInterruptFlags                      ./drivers/fsl_gpio.o
                                                  ./source/main.o
GPIO_GetPinsInterruptFlags                        ./drivers/fsl_gpio.o
                                                  ./source/main.o
GPIO_PinInit                                      ./drivers/fsl_gpio.o
                                                  ./board/pin_mux.o
                                                  ./source/main.o
HardFault_Handler                                 ./source/semihost_hardfault.o
                                                  ./startup/startup_mkl25z4.o
I2C0_DriverIRQHandler                             ./drivers/fsl_i2c.o
                                                  ./startup/startup_mkl25z4.o
I2C0_IRQHandler                                   ./startup/startup_mkl25z4.o
I2C1_DriverIRQHandler                             ./drivers/fsl_i2c.o
                                                  ./startup/startup_mkl25z4.o
I2C1_IRQHandler                                   ./startup/startup_mkl25z4.o
I2C_DisableInterrupts                             ./drivers/fsl_i2c.o
I2C_EnableInterrupts                              ./drivers/fsl_i2c.o
I2C_GetInstance                                   ./drivers/fsl_i2c.o
I2C_MasterDeinit                                  ./drivers/fsl_i2c.o
I2C_MasterGetDefaultConfig                        ./drivers/fsl_i2c.o
                                                  ./source/main.o
I2C_MasterGetStatusFlags                          ./drivers/fsl_i2c.o
I2C_MasterInit                                    ./drivers/fsl_i2c.o
                                                  ./source/main.o
I2C_MasterReadBlocking                            ./drivers/fsl_i2c.o
I2C_MasterRepeatedStart                           ./drivers/fsl_i2c.o
I2C_MasterSetBaudRate                             ./drivers/fsl_i2c.o
I2C_MasterStart                                   ./drivers/fsl_i2c.o
I2C_MasterStop                                    ./drivers/fsl_i2c.o
I2C_MasterTransferAbort                           ./drivers/fsl_i2c.o
I2C_MasterTransferBlocking                        ./drivers/fsl_i2c.o
I2C_MasterTransferCreateHandle                    ./drivers/fsl_i2c.o
                                                  ./source/main.o
I2C_MasterTransferGetCount                        ./drivers/fsl_i2c.o
I2C_MasterTransferHandleIRQ                       ./drivers/fsl_i2c.o
I2C_MasterTransferNonBlocking                     ./drivers/fsl_i2c.o