core_cm0plus.h:745:22:NVIC_EnableIRQ	16	static
fsl_clock.h:584:20:CLOCK_EnableClock	24	static
fsl_clock.h:620:20:CLOCK_SetLpsci0Clock	16	static
fsl_common.h:212:20:EnableIRQ	16	static
fsl_gpio.h:157:20:GPIO_WritePinOutput	24	static
fsl_gpio.h:197:20:GPIO_TogglePinsOutput	16	static
fsl_dmamux.h:98:20:DMAMUX_EnableChannel	16	static
fsl_dmamux.h:128:20:DMAMUX_SetSource	24	static
fsl_port.h:256:20:PORT_SetPinConfig	32	static
main.c:76:6:PORTA_IRQHandler	8	static
main.c:86:13:i2c_release_bus_delay	16	static
main.c:94:6:BOARD_I2C_ReleaseBus	16	static
main.c:142:13:i2c_master_callback	24	static
main.c:155:13:I2C_WriteAccelReg	48	static
main.c:190:13:I2C_ReadAccelRegs	64	static
main.c:224:6:LPSCI_UserCallback	24	static
main.c:240:13:LPSCIinit	24	static
main.c:275:13:I2Cinit	24	static
main.c:287:13:MMAwrite	24	static
main.c:291:13:MMA8451init	8	static
main.c:305:13:dolnopriepustnyFilter	16	static
main.c:310:13:prepocetNaJednoG	8	static
main.c:315:13:vypocetNaklonu	16	static
main.c:319:13:odosliData	24	static
main.c:326:5:main	48	static
